<!doctype html public "-//w3c//dtd html 4.0 transitional//en">
<html><head>
<title>Static Call Graph - [STM32469I_DISCOVERY\STM32469I_DISCOVERY.axf]</title></head>
<body><HR>
<H1>Static Call Graph for image STM32469I_DISCOVERY\STM32469I_DISCOVERY.axf</H1><HR>
<BR><P>#&#060CALLGRAPH&#062# ARM Linker, 5060422: Last Updated: Wed Nov 08 21:08:57 2017
<BR><P>
<H3>Maximum Stack Usage =        688 bytes + Unknown(Cycles, Untraceable Function Pointers)</H3><H3>
Call chain for Maximum Stack Depth:</H3>
main &rArr; MainTask &rArr; GUI_Delay &rArr; GUI_Exec &rArr; GUI_Exec1 &rArr; WM_Exec &rArr; _DrawNext &rArr; WM__Paint &rArr; GUI_MEMDEV_Draw &rArr; GUI_MEMDEV_CopyToLCD &rArr; GUI_MEMDEV_CopyToLCDAt &rArr; GUI_MEMDEV__WriteToActiveOpaque &rArr; _WriteToActiveOpaque_8 &rArr; LCD__DrawBitmap_1bpp &rArr; LCD_FillRect
<P>
<H3>
Mutually Recursive functions
</H3> <LI><a href="#[1e]">SVC_Handler</a>&nbsp;&nbsp;&nbsp;&rArr;&nbsp;&nbsp;&nbsp;<a href="#[1e]">SVC_Handler</a><BR>
 <LI><a href="#[20]">PendSV_Handler</a>&nbsp;&nbsp;&nbsp;&rArr;&nbsp;&nbsp;&nbsp;<a href="#[20]">PendSV_Handler</a><BR>
 <LI><a href="#[34]">ADC_IRQHandler</a>&nbsp;&nbsp;&nbsp;&rArr;&nbsp;&nbsp;&nbsp;<a href="#[34]">ADC_IRQHandler</a><BR>
 <LI><a href="#[14d]">WM__SendMessage</a>&nbsp;&nbsp;&nbsp;&rArr;&nbsp;&nbsp;&nbsp;<a href="#[126]">WM_DefaultProc</a><BR>
 <LI><a href="#[2eb]">WM__InvalidateRect</a>&nbsp;&nbsp;&nbsp;&rArr;&nbsp;&nbsp;&nbsp;<a href="#[2eb]">WM__InvalidateRect</a><BR>
 <LI><a href="#[2ce]">WM_InvalidateWindowAndDescsEx</a>&nbsp;&nbsp;&nbsp;&rArr;&nbsp;&nbsp;&nbsp;<a href="#[2ce]">WM_InvalidateWindowAndDescsEx</a><BR>
 <LI><a href="#[2c9]">WM__InvalidateDrawAndDescs</a>&nbsp;&nbsp;&nbsp;&rArr;&nbsp;&nbsp;&nbsp;<a href="#[2c9]">WM__InvalidateDrawAndDescs</a><BR>
 <LI><a href="#[2bb]">WM__ForEachDesc</a>&nbsp;&nbsp;&nbsp;&rArr;&nbsp;&nbsp;&nbsp;<a href="#[2bb]">WM__ForEachDesc</a><BR>
 <LI><a href="#[2d3]">WM_ResizeWindow</a>&nbsp;&nbsp;&nbsp;&rArr;&nbsp;&nbsp;&nbsp;<a href="#[29f]">WM__UpdateChildPositions</a><BR>
 <LI><a href="#[2ee]">_MoveDescendents</a>&nbsp;&nbsp;&nbsp;&rArr;&nbsp;&nbsp;&nbsp;<a href="#[2ee]">_MoveDescendents</a><BR>
 <LI><a href="#[310]">_EnlargeBlocks</a>&nbsp;&nbsp;&nbsp;&rArr;&nbsp;&nbsp;&nbsp;<a href="#[183]">_Alloc</a><BR>
 <LI><a href="#[313]">_Findy1</a>&nbsp;&nbsp;&nbsp;&rArr;&nbsp;&nbsp;&nbsp;<a href="#[313]">_Findy1</a><BR>
 <LI><a href="#[315]">_Findx1</a>&nbsp;&nbsp;&nbsp;&rArr;&nbsp;&nbsp;&nbsp;<a href="#[315]">_Findx1</a><BR>
 <LI><a href="#[314]">_Findx0</a>&nbsp;&nbsp;&nbsp;&rArr;&nbsp;&nbsp;&nbsp;<a href="#[314]">_Findx0</a><BR>
 <LI><a href="#[1c]">BusFault_Handler</a>&nbsp;&nbsp;&nbsp;&rArr;&nbsp;&nbsp;&nbsp;<a href="#[1c]">BusFault_Handler</a><BR>
 <LI><a href="#[146]">assert_failed</a>&nbsp;&nbsp;&nbsp;&rArr;&nbsp;&nbsp;&nbsp;<a href="#[146]">assert_failed</a><BR>
 <LI><a href="#[1a]">HardFault_Handler</a>&nbsp;&nbsp;&nbsp;&rArr;&nbsp;&nbsp;&nbsp;<a href="#[1a]">HardFault_Handler</a><BR>
 <LI><a href="#[1b]">MemManage_Handler</a>&nbsp;&nbsp;&nbsp;&rArr;&nbsp;&nbsp;&nbsp;<a href="#[1b]">MemManage_Handler</a><BR>
 <LI><a href="#[2be]">_GetDialogItem</a>&nbsp;&nbsp;&nbsp;&rArr;&nbsp;&nbsp;&nbsp;<a href="#[2be]">_GetDialogItem</a><BR>
 <LI><a href="#[1d]">UsageFault_Handler</a>&nbsp;&nbsp;&nbsp;&rArr;&nbsp;&nbsp;&nbsp;<a href="#[1d]">UsageFault_Handler</a><BR>
 <LI><a href="#[2b6]">_DeleteAllChildren</a>&nbsp;&nbsp;&nbsp;&rArr;&nbsp;&nbsp;&nbsp;<a href="#[2b2]">WM_DeleteWindow</a><BR>
 <LI><a href="#[2f2]">_PaintTransChildren</a>&nbsp;&nbsp;&nbsp;&rArr;&nbsp;&nbsp;&nbsp;<a href="#[2f2]">_PaintTransChildren</a><BR>
 <LI><a href="#[2c2]">_GetDialogItem</a>&nbsp;&nbsp;&nbsp;&rArr;&nbsp;&nbsp;&nbsp;<a href="#[2c2]">_GetDialogItem</a><BR>
</UL>
<P>
<H3>
Function Pointers
</H3><UL>
 <LI><a href="#[34]">ADC_IRQHandler</a> from startup_stm32f469xx.o(.text) referenced from startup_stm32f469xx.o(RESET)
 <LI><a href="#[81]">BUTTON_Callback</a> from button.o(i.BUTTON_Callback) referenced from button.o(i.BUTTON_CreateUser)
 <LI><a href="#[b9]">BUTTON_CreateIndirect</a> from button_createindirect.o(i.BUTTON_CreateIndirect) referenced from armflydlg.o(.constdata)
 <LI><a href="#[2]">BUTTON_DrawSkinFlex</a> from button_skinflex.o(i.BUTTON_DrawSkinFlex) referenced 2 times from button.o(.data)
 <LI><a href="#[1c]">BusFault_Handler</a> from stm32f4xx_it.o(i.BusFault_Handler) referenced from startup_stm32f469xx.o(RESET)
 <LI><a href="#[36]">CAN1_RX0_IRQHandler</a> from startup_stm32f469xx.o(.text) referenced from startup_stm32f469xx.o(RESET)
 <LI><a href="#[37]">CAN1_RX1_IRQHandler</a> from startup_stm32f469xx.o(.text) referenced from startup_stm32f469xx.o(RESET)
 <LI><a href="#[38]">CAN1_SCE_IRQHandler</a> from startup_stm32f469xx.o(.text) referenced from startup_stm32f469xx.o(RESET)
 <LI><a href="#[35]">CAN1_TX_IRQHandler</a> from startup_stm32f469xx.o(.text) referenced from startup_stm32f469xx.o(RESET)
 <LI><a href="#[62]">CAN2_RX0_IRQHandler</a> from startup_stm32f469xx.o(.text) referenced from startup_stm32f469xx.o(RESET)
 <LI><a href="#[63]">CAN2_RX1_IRQHandler</a> from startup_stm32f469xx.o(.text) referenced from startup_stm32f469xx.o(RESET)
 <LI><a href="#[64]">CAN2_SCE_IRQHandler</a> from startup_stm32f469xx.o(.text) referenced from startup_stm32f469xx.o(RESET)
 <LI><a href="#[61]">CAN2_TX_IRQHandler</a> from startup_stm32f469xx.o(.text) referenced from startup_stm32f469xx.o(RESET)
 <LI><a href="#[70]">DCMI_IRQHandler</a> from startup_stm32f469xx.o(.text) referenced from startup_stm32f469xx.o(RESET)
 <LI><a href="#[2d]">DMA1_Stream0_IRQHandler</a> from startup_stm32f469xx.o(.text) referenced from startup_stm32f469xx.o(RESET)
 <LI><a href="#[2e]">DMA1_Stream1_IRQHandler</a> from startup_stm32f469xx.o(.text) referenced from startup_stm32f469xx.o(RESET)
 <LI><a href="#[2f]">DMA1_Stream2_IRQHandler</a> from startup_stm32f469xx.o(.text) referenced from startup_stm32f469xx.o(RESET)
 <LI><a href="#[30]">DMA1_Stream3_IRQHandler</a> from startup_stm32f469xx.o(.text) referenced from startup_stm32f469xx.o(RESET)
 <LI><a href="#[31]">DMA1_Stream4_IRQHandler</a> from startup_stm32f469xx.o(.text) referenced from startup_stm32f469xx.o(RESET)
 <LI><a href="#[32]">DMA1_Stream5_IRQHandler</a> from startup_stm32f469xx.o(.text) referenced from startup_stm32f469xx.o(RESET)
 <LI><a href="#[33]">DMA1_Stream6_IRQHandler</a> from startup_stm32f469xx.o(.text) referenced from startup_stm32f469xx.o(RESET)
 <LI><a href="#[51]">DMA1_Stream7_IRQHandler</a> from startup_stm32f469xx.o(.text) referenced from startup_stm32f469xx.o(RESET)
 <LI><a href="#[7b]">DMA2D_IRQHandler</a> from startup_stm32f469xx.o(.text) referenced from startup_stm32f469xx.o(RESET)
 <LI><a href="#[5a]">DMA2_Stream0_IRQHandler</a> from startup_stm32f469xx.o(.text) referenced from startup_stm32f469xx.o(RESET)
 <LI><a href="#[5b]">DMA2_Stream1_IRQHandler</a> from startup_stm32f469xx.o(.text) referenced from startup_stm32f469xx.o(RESET)
 <LI><a href="#[5c]">DMA2_Stream2_IRQHandler</a> from startup_stm32f469xx.o(.text) referenced from startup_stm32f469xx.o(RESET)
 <LI><a href="#[5d]">DMA2_Stream3_IRQHandler</a> from startup_stm32f469xx.o(.text) referenced from startup_stm32f469xx.o(RESET)
 <LI><a href="#[5e]">DMA2_Stream4_IRQHandler</a> from startup_stm32f469xx.o(.text) referenced from startup_stm32f469xx.o(RESET)
 <LI><a href="#[66]">DMA2_Stream5_IRQHandler</a> from startup_stm32f469xx.o(.text) referenced from startup_stm32f469xx.o(RESET)
 <LI><a href="#[67]">DMA2_Stream6_IRQHandler</a> from startup_stm32f469xx.o(.text) referenced from startup_stm32f469xx.o(RESET)
 <LI><a href="#[68]">DMA2_Stream7_IRQHandler</a> from startup_stm32f469xx.o(.text) referenced from startup_stm32f469xx.o(RESET)
 <LI><a href="#[7d]">DSI_IRQHandler</a> from lcdconf_stm32469i_discovery.o(i.DSI_IRQHandler) referenced from startup_stm32f469xx.o(RESET)
 <LI><a href="#[1f]">DebugMon_Handler</a> from stm32f4xx_it.o(i.DebugMon_Handler) referenced from startup_stm32f469xx.o(RESET)
 <LI><a href="#[5f]">ETH_IRQHandler</a> from startup_stm32f469xx.o(.text) referenced from startup_stm32f469xx.o(RESET)
 <LI><a href="#[60]">ETH_WKUP_IRQHandler</a> from startup_stm32f469xx.o(.text) referenced from startup_stm32f469xx.o(RESET)
 <LI><a href="#[28]">EXTI0_IRQHandler</a> from startup_stm32f469xx.o(.text) referenced from startup_stm32f469xx.o(RESET)
 <LI><a href="#[4a]">EXTI15_10_IRQHandler</a> from startup_stm32f469xx.o(.text) referenced from startup_stm32f469xx.o(RESET)
 <LI><a href="#[29]">EXTI1_IRQHandler</a> from startup_stm32f469xx.o(.text) referenced from startup_stm32f469xx.o(RESET)
 <LI><a href="#[2a]">EXTI2_IRQHandler</a> from startup_stm32f469xx.o(.text) referenced from startup_stm32f469xx.o(RESET)
 <LI><a href="#[2b]">EXTI3_IRQHandler</a> from startup_stm32f469xx.o(.text) referenced from startup_stm32f469xx.o(RESET)
 <LI><a href="#[2c]">EXTI4_IRQHandler</a> from startup_stm32f469xx.o(.text) referenced from startup_stm32f469xx.o(RESET)
 <LI><a href="#[39]">EXTI9_5_IRQHandler</a> from startup_stm32f469xx.o(.text) referenced from startup_stm32f469xx.o(RESET)
 <LI><a href="#[26]">FLASH_IRQHandler</a> from startup_stm32f469xx.o(.text) referenced from startup_stm32f469xx.o(RESET)
 <LI><a href="#[52]">FMC_IRQHandler</a> from startup_stm32f469xx.o(.text) referenced from startup_stm32f469xx.o(RESET)
 <LI><a href="#[72]">FPU_IRQHandler</a> from startup_stm32f469xx.o(.text) referenced from startup_stm32f469xx.o(RESET)
 <LI><a href="#[82]">FRAMEWIN_Callback</a> from framewin.o(i.FRAMEWIN_Callback) referenced from framewin.o(i.FRAMEWIN_CreateUser)
 <LI><a href="#[b8]">FRAMEWIN_CreateIndirect</a> from framewin_createindirect.o(i.FRAMEWIN_CreateIndirect) referenced from armflydlg.o(.constdata)
 <LI><a href="#[4]">FRAMEWIN_DrawSkinFlex</a> from framewin_skinflex.o(i.FRAMEWIN_DrawSkinFlex) referenced 4 times from framewin.o(.data)
 <LI><a href="#[3]">FRAMEWIN__GetBorderSize</a> from framewin.o(i.FRAMEWIN__GetBorderSize) referenced 2 times from framewin.o(.data)
 <LI><a href="#[83]">FRAMEWIN__cbClient</a> from framewin.o(i.FRAMEWIN__cbClient) referenced from framewin.o(i.FRAMEWIN_CreateUser)
 <LI><a href="#[d2]">GUIMONO_DispChar</a> from gui_charm.o(i.GUIMONO_DispChar) referenced 2 times from f6x8.o(.constdata)
 <LI><a href="#[d3]">GUIMONO_GetCharDistX</a> from gui_charm.o(i.GUIMONO_GetCharDistX) referenced 2 times from f6x8.o(.constdata)
 <LI><a href="#[d4]">GUIMONO_GetFontInfo</a> from gui_charm.o(i.GUIMONO_GetFontInfo) referenced 2 times from f6x8.o(.constdata)
 <LI><a href="#[d5]">GUIMONO_IsInFont</a> from gui_charm.o(i.GUIMONO_IsInFont) referenced 2 times from f6x8.o(.constdata)
 <LI><a href="#[da]">GUIPROP_DispChar</a> from gui_charp.o(i.GUIPROP_DispChar) referenced from f13_1.o(.constdata)
 <LI><a href="#[db]">GUIPROP_GetCharDistX</a> from gui_charp.o(i.GUIPROP_GetCharDistX) referenced from f13_1.o(.constdata)
 <LI><a href="#[dc]">GUIPROP_GetFontInfo</a> from gui_charp.o(i.GUIPROP_GetFontInfo) referenced from f13_1.o(.constdata)
 <LI><a href="#[dd]">GUIPROP_IsInFont</a> from gui_charp.o(i.GUIPROP_IsInFont) referenced from f13_1.o(.constdata)
 <LI><a href="#[95]">GUI_DrawGradientH</a> from gui_drawgradient.o(i.GUI_DrawGradientH) referenced from scrollbar_skinflex.o(i.SCROLLBAR_DrawSkinFlex)
 <LI><a href="#[98]">GUI_DrawGradientV</a> from gui_drawgradient.o(i.GUI_DrawGradientV) referenced from scrollbar_skinflex.o(i.SCROLLBAR_DrawSkinFlex)
 <LI><a href="#[b6]">GUI_MEMDEV_Paint1Static</a> from guidev_staticdevices.o(i.GUI_MEMDEV_Paint1Static) referenced from wm.o(i._Paint1)
 <LI><a href="#[b4]">GUI_MEMDEV__WriteToActiveAlpha</a> from guidev_writetoactivealpha.o(i.GUI_MEMDEV__WriteToActiveAlpha) referenced from guidev_32.o(i._GetDevFunc)
 <LI><a href="#[b3]">GUI_MEMDEV__WriteToActiveOpaque</a> from guidev_writetoactiveopaque.o(i.GUI_MEMDEV__WriteToActiveOpaque) referenced from guidev_16.o(i._GetDevFunc)
 <LI><a href="#[87]">GUI_TIMER_Exec</a> from gui_timer.o(i.GUI_TIMER_Exec) referenced from gui_timer.o(i.GUI_TIMER_Create)
 <LI><a href="#[fe]">GUI_USAGE_BM_AddHLine</a> from guidev_usagebm.o(i.GUI_USAGE_BM_AddHLine) referenced from guidev_usagebm.o(.constdata)
 <LI><a href="#[fd]">GUI_USAGE_BM_AddPixel</a> from guidev_usagebm.o(i.GUI_USAGE_BM_AddPixel) referenced from guidev_usagebm.o(.constdata)
 <LI><a href="#[ff]">GUI_USAGE_BM_Clear</a> from guidev_usagebm.o(i.GUI_USAGE_BM_Clear) referenced from guidev_usagebm.o(.constdata)
 <LI><a href="#[101]">GUI_USAGE_BM_GetNextDirty</a> from guidev_usagebm.o(i.GUI_USAGE_BM_GetNextDirty) referenced from guidev_usagebm.o(.constdata)
 <LI><a href="#[6]">GUI_X_ExecIdle</a> from gui_x.o(i.GUI_X_ExecIdle) referenced 2 times from gui_waitevent.o(.data)
 <LI><a href="#[e]">GUI__MixColors</a> from gui__alpha.o(i.GUI__MixColors) referenced 2 times from gui__alpha.o(.data)
 <LI><a href="#[f]">GUI__MixColorsBulk</a> from gui__alpha.o(i.GUI__MixColorsBulk) referenced 2 times from gui__alpha.o(.data)
 <LI><a href="#[71]">HASH_RNG_IRQHandler</a> from startup_stm32f469xx.o(.text) referenced from startup_stm32f469xx.o(RESET)
 <LI><a href="#[1a]">HardFault_Handler</a> from stm32f4xx_it.o(i.HardFault_Handler) referenced from startup_stm32f469xx.o(RESET)
 <LI><a href="#[42]">I2C1_ER_IRQHandler</a> from startup_stm32f469xx.o(.text) referenced from startup_stm32f469xx.o(RESET)
 <LI><a href="#[41]">I2C1_EV_IRQHandler</a> from startup_stm32f469xx.o(.text) referenced from startup_stm32f469xx.o(RESET)
 <LI><a href="#[44]">I2C2_ER_IRQHandler</a> from startup_stm32f469xx.o(.text) referenced from startup_stm32f469xx.o(RESET)
 <LI><a href="#[43]">I2C2_EV_IRQHandler</a> from startup_stm32f469xx.o(.text) referenced from startup_stm32f469xx.o(RESET)
 <LI><a href="#[6b]">I2C3_ER_IRQHandler</a> from startup_stm32f469xx.o(.text) referenced from startup_stm32f469xx.o(RESET)
 <LI><a href="#[6a]">I2C3_EV_IRQHandler</a> from startup_stm32f469xx.o(.text) referenced from startup_stm32f469xx.o(RESET)
 <LI><a href="#[85]">LCD_DrawHLine</a> from lcd.o(i.LCD_DrawHLine) referenced from gui_core.o(.constdata)
 <LI><a href="#[85]">LCD_DrawHLine</a> from lcd.o(i.LCD_DrawHLine) referenced from gui_drawgradient.o(i.GUI_DrawGradientV)
 <LI><a href="#[bc]">LCD_DrawPixel</a> from lcd.o(i.LCD_DrawPixel) referenced from gui_core.o(.constdata)
 <LI><a href="#[84]">LCD_DrawVLine</a> from lcd.o(i.LCD_DrawVLine) referenced from gui_drawgradient.o(i.GUI_DrawGradientH)
 <LI><a href="#[0]">LCD_GetpPalConvTableBM</a> from lcd_color.o(i.LCD_GetpPalConvTableBM) referenced 2 times from gui_core.o(.data)
 <LI><a href="#[8a]">LCD_Index2Color_888</a> from guicc_888_index2color.o(i.LCD_Index2Color_888) referenced from gui__alpha.o(i.GUI__DoAlphaBlending)
 <LI><a href="#[86]">LCD_Index2Color_8888</a> from guicc_8888_index2color.o(i.LCD_Index2Color_8888) referenced from guicc_8888.o(.constdata)
 <LI><a href="#[86]">LCD_Index2Color_8888</a> from guicc_8888_index2color.o(i.LCD_Index2Color_8888) referenced from guidev_writetoactivealpha.o(i.GUI_MEMDEV__WriteToActiveAlpha)
 <LI><a href="#[86]">LCD_Index2Color_8888</a> from guicc_8888_index2color.o(i.LCD_Index2Color_8888) referenced from gui__alpha.o(i.GUI__DoAlphaBlending)
 <LI><a href="#[a1]">LCD_Index2Color_M555</a> from guicc_m555_index2color.o(i.LCD_Index2Color_M555) referenced from gui_drawbitmap_555.o(.constdata)
 <LI><a href="#[a1]">LCD_Index2Color_M555</a> from guicc_m555_index2color.o(i.LCD_Index2Color_M555) referenced from gui_drawbitmap_555.o(i._DrawBitmapSwapRB)
 <LI><a href="#[bf]">LCD_Index2Color_M565</a> from guicc_m565.o(i.LCD_Index2Color_M565) referenced from guicc_m565.o(.constdata)
 <LI><a href="#[8e]">LCD_LL_CopyBuffer</a> from lcdconf_stm32469i_discovery.o(i.LCD_LL_CopyBuffer) referenced from lcdconf_stm32469i_discovery.o(i.LCD_X_Config)
 <LI><a href="#[8f]">LCD_LL_CopyRect</a> from lcdconf_stm32469i_discovery.o(i.LCD_LL_CopyRect) referenced from lcdconf_stm32469i_discovery.o(i.LCD_X_Config)
 <LI><a href="#[91]">LCD_LL_DrawBitmap16bpp</a> from lcdconf_stm32469i_discovery.o(i.LCD_LL_DrawBitmap16bpp) referenced from lcdconf_stm32469i_discovery.o(i.LCD_X_Config)
 <LI><a href="#[92]">LCD_LL_DrawBitmap32bpp</a> from lcdconf_stm32469i_discovery.o(i.LCD_LL_DrawBitmap32bpp) referenced from lcdconf_stm32469i_discovery.o(i.LCD_X_Config)
 <LI><a href="#[90]">LCD_LL_DrawBitmap8bpp</a> from lcdconf_stm32469i_discovery.o(i.LCD_LL_DrawBitmap8bpp) referenced from lcdconf_stm32469i_discovery.o(i.LCD_X_Config)
 <LI><a href="#[8d]">LCD_LL_FillRect</a> from lcdconf_stm32469i_discovery.o(i.LCD_LL_FillRect) referenced from lcdconf_stm32469i_discovery.o(i.LCD_LL_FillRect)
 <LI><a href="#[8d]">LCD_LL_FillRect</a> from lcdconf_stm32469i_discovery.o(i.LCD_LL_FillRect) referenced from lcdconf_stm32469i_discovery.o(i.LCD_X_Config)
 <LI><a href="#[7a]">LTDC_ER_IRQHandler</a> from startup_stm32f469xx.o(.text) referenced from startup_stm32f469xx.o(RESET)
 <LI><a href="#[79]">LTDC_IRQHandler</a> from stm32f4xx_it.o(i.LTDC_IRQHandler) referenced from startup_stm32f469xx.o(RESET)
 <LI><a href="#[1b]">MemManage_Handler</a> from stm32f4xx_it.o(i.MemManage_Handler) referenced from startup_stm32f469xx.o(RESET)
 <LI><a href="#[19]">NMI_Handler</a> from stm32f4xx_it.o(i.NMI_Handler) referenced from startup_stm32f469xx.o(RESET)
 <LI><a href="#[65]">OTG_FS_IRQHandler</a> from startup_stm32f469xx.o(.text) referenced from startup_stm32f469xx.o(RESET)
 <LI><a href="#[4c]">OTG_FS_WKUP_IRQHandler</a> from startup_stm32f469xx.o(.text) referenced from startup_stm32f469xx.o(RESET)
 <LI><a href="#[6d]">OTG_HS_EP1_IN_IRQHandler</a> from startup_stm32f469xx.o(.text) referenced from startup_stm32f469xx.o(RESET)
 <LI><a href="#[6c]">OTG_HS_EP1_OUT_IRQHandler</a> from startup_stm32f469xx.o(.text) referenced from startup_stm32f469xx.o(RESET)
 <LI><a href="#[6f]">OTG_HS_IRQHandler</a> from startup_stm32f469xx.o(.text) referenced from startup_stm32f469xx.o(RESET)
 <LI><a href="#[6e]">OTG_HS_WKUP_IRQHandler</a> from startup_stm32f469xx.o(.text) referenced from startup_stm32f469xx.o(RESET)
 <LI><a href="#[23]">PVD_IRQHandler</a> from startup_stm32f469xx.o(.text) referenced from startup_stm32f469xx.o(RESET)
 <LI><a href="#[20]">PendSV_Handler</a> from startup_stm32f469xx.o(.text) referenced from startup_stm32f469xx.o(RESET)
 <LI><a href="#[7c]">QUADSPI_IRQHandler</a> from startup_stm32f469xx.o(.text) referenced from startup_stm32f469xx.o(RESET)
 <LI><a href="#[27]">RCC_IRQHandler</a> from startup_stm32f469xx.o(.text) referenced from startup_stm32f469xx.o(RESET)
 <LI><a href="#[4b]">RTC_Alarm_IRQHandler</a> from startup_stm32f469xx.o(.text) referenced from startup_stm32f469xx.o(RESET)
 <LI><a href="#[25]">RTC_WKUP_IRQHandler</a> from startup_stm32f469xx.o(.text) referenced from startup_stm32f469xx.o(RESET)
 <LI><a href="#[18]">Reset_Handler</a> from startup_stm32f469xx.o(.text) referenced from startup_stm32f469xx.o(RESET)
 <LI><a href="#[78]">SAI1_IRQHandler</a> from startup_stm32f469xx.o(.text) referenced from startup_stm32f469xx.o(RESET)
 <LI><a href="#[93]">SCROLLBAR_Callback</a> from scrollbar.o(i.SCROLLBAR_Callback) referenced from scrollbar.o(i.SCROLLBAR_CreateUser)
 <LI><a href="#[ba]">SCROLLBAR_CreateIndirect</a> from scrollbar_createindirect.o(i.SCROLLBAR_CreateIndirect) referenced from armflydlg.o(.constdata)
 <LI><a href="#[c]">SCROLLBAR_DrawSkinFlex</a> from scrollbar_skinflex.o(i.SCROLLBAR_DrawSkinFlex) referenced 2 times from scrollbar.o(.data)
 <LI><a href="#[53]">SDIO_IRQHandler</a> from startup_stm32f469xx.o(.text) referenced from startup_stm32f469xx.o(RESET)
 <LI><a href="#[9a]">SLIDER_Callback</a> from slider.o(i.SLIDER_Callback) referenced from slider.o(i.SLIDER_CreateUser)
 <LI><a href="#[bb]">SLIDER_CreateIndirect</a> from slider_createindirect.o(i.SLIDER_CreateIndirect) referenced from armflydlg.o(.constdata)
 <LI><a href="#[d]">SLIDER_DrawSkinFlex</a> from slider_skinflex.o(i.SLIDER_DrawSkinFlex) referenced 2 times from slider.o(.data)
 <LI><a href="#[45]">SPI1_IRQHandler</a> from startup_stm32f469xx.o(.text) referenced from startup_stm32f469xx.o(RESET)
 <LI><a href="#[46]">SPI2_IRQHandler</a> from startup_stm32f469xx.o(.text) referenced from startup_stm32f469xx.o(RESET)
 <LI><a href="#[55]">SPI3_IRQHandler</a> from startup_stm32f469xx.o(.text) referenced from startup_stm32f469xx.o(RESET)
 <LI><a href="#[75]">SPI4_IRQHandler</a> from startup_stm32f469xx.o(.text) referenced from startup_stm32f469xx.o(RESET)
 <LI><a href="#[76]">SPI5_IRQHandler</a> from startup_stm32f469xx.o(.text) referenced from startup_stm32f469xx.o(RESET)
 <LI><a href="#[77]">SPI6_IRQHandler</a> from startup_stm32f469xx.o(.text) referenced from startup_stm32f469xx.o(RESET)
 <LI><a href="#[1e]">SVC_Handler</a> from startup_stm32f469xx.o(.text) referenced from startup_stm32f469xx.o(RESET)
 <LI><a href="#[21]">SysTick_Handler</a> from stm32f4xx_it.o(i.SysTick_Handler) referenced from startup_stm32f469xx.o(RESET)
 <LI><a href="#[7f]">SystemInit</a> from system_stm32f4xx.o(i.SystemInit) referenced from startup_stm32f469xx.o(.text)
 <LI><a href="#[24]">TAMP_STAMP_IRQHandler</a> from startup_stm32f469xx.o(.text) referenced from startup_stm32f469xx.o(RESET)
 <LI><a href="#[3a]">TIM1_BRK_TIM9_IRQHandler</a> from startup_stm32f469xx.o(.text) referenced from startup_stm32f469xx.o(RESET)
 <LI><a href="#[3d]">TIM1_CC_IRQHandler</a> from startup_stm32f469xx.o(.text) referenced from startup_stm32f469xx.o(RESET)
 <LI><a href="#[3c]">TIM1_TRG_COM_TIM11_IRQHandler</a> from startup_stm32f469xx.o(.text) referenced from startup_stm32f469xx.o(RESET)
 <LI><a href="#[3b]">TIM1_UP_TIM10_IRQHandler</a> from startup_stm32f469xx.o(.text) referenced from startup_stm32f469xx.o(RESET)
 <LI><a href="#[3e]">TIM2_IRQHandler</a> from startup_stm32f469xx.o(.text) referenced from startup_stm32f469xx.o(RESET)
 <LI><a href="#[3f]">TIM3_IRQHandler</a> from stm32f4xx_it.o(i.TIM3_IRQHandler) referenced from startup_stm32f469xx.o(RESET)
 <LI><a href="#[40]">TIM4_IRQHandler</a> from startup_stm32f469xx.o(.text) referenced from startup_stm32f469xx.o(RESET)
 <LI><a href="#[54]">TIM5_IRQHandler</a> from startup_stm32f469xx.o(.text) referenced from startup_stm32f469xx.o(RESET)
 <LI><a href="#[58]">TIM6_DAC_IRQHandler</a> from startup_stm32f469xx.o(.text) referenced from startup_stm32f469xx.o(RESET)
 <LI><a href="#[59]">TIM7_IRQHandler</a> from startup_stm32f469xx.o(.text) referenced from startup_stm32f469xx.o(RESET)
 <LI><a href="#[4d]">TIM8_BRK_TIM12_IRQHandler</a> from startup_stm32f469xx.o(.text) referenced from startup_stm32f469xx.o(RESET)
 <LI><a href="#[50]">TIM8_CC_IRQHandler</a> from startup_stm32f469xx.o(.text) referenced from startup_stm32f469xx.o(RESET)
 <LI><a href="#[4f]">TIM8_TRG_COM_TIM14_IRQHandler</a> from startup_stm32f469xx.o(.text) referenced from startup_stm32f469xx.o(RESET)
 <LI><a href="#[4e]">TIM8_UP_TIM13_IRQHandler</a> from startup_stm32f469xx.o(.text) referenced from startup_stm32f469xx.o(RESET)
 <LI><a href="#[56]">UART4_IRQHandler</a> from startup_stm32f469xx.o(.text) referenced from startup_stm32f469xx.o(RESET)
 <LI><a href="#[57]">UART5_IRQHandler</a> from startup_stm32f469xx.o(.text) referenced from startup_stm32f469xx.o(RESET)
 <LI><a href="#[73]">UART7_IRQHandler</a> from startup_stm32f469xx.o(.text) referenced from startup_stm32f469xx.o(RESET)
 <LI><a href="#[74]">UART8_IRQHandler</a> from startup_stm32f469xx.o(.text) referenced from startup_stm32f469xx.o(RESET)
 <LI><a href="#[47]">USART1_IRQHandler</a> from startup_stm32f469xx.o(.text) referenced from startup_stm32f469xx.o(RESET)
 <LI><a href="#[48]">USART2_IRQHandler</a> from startup_stm32f469xx.o(.text) referenced from startup_stm32f469xx.o(RESET)
 <LI><a href="#[49]">USART3_IRQHandler</a> from startup_stm32f469xx.o(.text) referenced from startup_stm32f469xx.o(RESET)
 <LI><a href="#[69]">USART6_IRQHandler</a> from startup_stm32f469xx.o(.text) referenced from startup_stm32f469xx.o(RESET)
 <LI><a href="#[1d]">UsageFault_Handler</a> from stm32f4xx_it.o(i.UsageFault_Handler) referenced from startup_stm32f469xx.o(RESET)
 <LI><a href="#[b7]">WM__Paint1</a> from wm.o(i.WM__Paint1) referenced from wm.o(i._Paint1)
 <LI><a href="#[22]">WWDG_IRQHandler</a> from startup_stm32f469xx.o(.text) referenced from startup_stm32f469xx.o(RESET)
 <LI><a href="#[a0]">_CalcPositions</a> from scrollbar_skin.o(i._CalcPositions) referenced from scrollbar_skin.o(i._Create)
 <LI><a href="#[d8]">_CalcSizeOfChar</a> from gui_uc_encodenone.o(i._CalcSizeOfChar) referenced from gui_uc_encodenone.o(.constdata)
 <LI><a href="#[c1]">_Color2IndexBulk</a> from guicc_m565.o(i._Color2IndexBulk) referenced 2 times from guicc_m565.o(.constdata)
 <LI><a href="#[ea]">_Color2Index_0</a> from guicc_0.o(i._Color2Index_0) referenced from guicc_0.o(.constdata)
 <LI><a href="#[ed]">_Color2Index_8888</a> from guicc_8888.o(i._Color2Index_8888) referenced from guicc_8888.o(.constdata)
 <LI><a href="#[be]">_Color2Index_M565</a> from guicc_m565.o(i._Color2Index_M565) referenced from guicc_m565.o(.constdata)
 <LI><a href="#[af]">_CopyBuffer</a> from guidrv_lin_16.o(i._CopyBuffer) referenced from guidrv_lin_16.o(i._GetDevFunc)
 <LI><a href="#[8]">_Create</a> from button_skin.o(i._Create) referenced 8 times from button_skin.o(.data)
 <LI><a href="#[97]">_DrawBackgroundH</a> from scrollbar_skinflex.o(i._DrawBackgroundH) referenced from scrollbar_skinflex.o(i.SCROLLBAR_DrawSkinFlex)
 <LI><a href="#[94]">_DrawBackgroundV</a> from scrollbar_skinflex.o(i._DrawBackgroundV) referenced from scrollbar_skinflex.o(i.SCROLLBAR_DrawSkinFlex)
 <LI><a href="#[c6]">_DrawBitmap</a> from guidrv_lin_16.o(i._DrawBitmap) referenced 3 times from guidrv_lin_16.o(.constdata)
 <LI><a href="#[bd]">_DrawBitmapSwapRB</a> from gui_drawbitmap_555.o(i._DrawBitmapSwapRB) referenced from gui_drawbitmap_555.o(.constdata)
 <LI><a href="#[104]">_DrawDown</a> from widget_effect_simple.o(i._DrawDown) referenced from widget_effect_simple.o(.constdata)
 <LI><a href="#[105]">_DrawDownRect</a> from widget_effect_simple.o(i._DrawDownRect) referenced from widget_effect_simple.o(.constdata)
 <LI><a href="#[99]">_DrawGraspH</a> from scrollbar_skinflex.o(i._DrawGraspH) referenced from scrollbar_skinflex.o(i.SCROLLBAR_DrawSkinFlex)
 <LI><a href="#[96]">_DrawGraspV</a> from scrollbar_skinflex.o(i._DrawGraspV) referenced from scrollbar_skinflex.o(i.SCROLLBAR_DrawSkinFlex)
 <LI><a href="#[c7]">_DrawHLine</a> from guidrv_lin_16.o(i._DrawHLine) referenced 3 times from guidrv_lin_16.o(.constdata)
 <LI><a href="#[102]">_DrawUp</a> from widget_effect_simple.o(i._DrawUp) referenced from widget_effect_simple.o(.constdata)
 <LI><a href="#[103]">_DrawUpRect</a> from widget_effect_simple.o(i._DrawUpRect) referenced from widget_effect_simple.o(.constdata)
 <LI><a href="#[c8]">_DrawVLine</a> from guidrv_lin_16.o(i._DrawVLine) referenced 3 times from guidrv_lin_16.o(.constdata)
 <LI><a href="#[d9]">_Encode</a> from gui_uc_encodenone.o(i._Encode) referenced from gui_uc_encodenone.o(.constdata)
 <LI><a href="#[c9]">_FillRect</a> from guidrv_lin_16.o(i._FillRect) referenced 3 times from guidrv_lin_16.o(.constdata)
 <LI><a href="#[100]">_GUI_USAGE_BM_Delete</a> from guidev_usagebm.o(i._GUI_USAGE_BM_Delete) referenced from guidev_usagebm.o(.constdata)
 <LI><a href="#[9]">_GetBorderSize</a> from framewin_skin.o(i._GetBorderSize) referenced 2 times from framewin_skin.o(.data)
 <LI><a href="#[d6]">_GetCharCode</a> from gui_uc_encodenone.o(i._GetCharCode) referenced from gui_uc_encodenone.o(.constdata)
 <LI><a href="#[d7]">_GetCharSize</a> from gui_uc_encodenone.o(i._GetCharSize) referenced from gui_uc_encodenone.o(.constdata)
 <LI><a href="#[d0]">_GetDevData</a> from guidrv_lin_16.o(i._GetDevData) referenced 3 times from guidrv_lin_16.o(.constdata)
 <LI><a href="#[ce]">_GetDevFunc</a> from guidrv_lin_16.o(i._GetDevFunc) referenced 3 times from guidrv_lin_16.o(.constdata)
 <LI><a href="#[cf]">_GetDevProp</a> from guidrv_lin_16.o(i._GetDevProp) referenced 3 times from guidrv_lin_16.o(.constdata)
 <LI><a href="#[ec]">_GetIndexMask_0</a> from guicc_0.o(i._GetIndexMask_0) referenced from guicc_0.o(.constdata)
 <LI><a href="#[ee]">_GetIndexMask_8888</a> from guicc_8888.o(i._GetIndexMask_8888) referenced from guicc_8888.o(.constdata)
 <LI><a href="#[c0]">_GetIndexMask_M565</a> from guicc_m565.o(i._GetIndexMask_M565) referenced from guicc_m565.o(.constdata)
 <LI><a href="#[ca]">_GetPixelIndex</a> from guidrv_lin_16.o(i._GetPixelIndex) referenced 3 times from guidrv_lin_16.o(.constdata)
 <LI><a href="#[a6]">_GetPos</a> from guidrv_lin_16.o(i._GetPos) referenced from guidrv_lin_16.o(i._GetDevFunc)
 <LI><a href="#[d1]">_GetRect</a> from guidrv_lin_16.o(i._GetRect) referenced 3 times from guidrv_lin_16.o(.constdata)
 <LI><a href="#[c2]">_Index2ColorBulk</a> from guicc_m565.o(i._Index2ColorBulk) referenced 2 times from guicc_m565.o(.constdata)
 <LI><a href="#[eb]">_Index2Color_0</a> from guicc_0.o(i._Index2Color_0) referenced from guicc_0.o(.constdata)
 <LI><a href="#[a9]">_Init</a> from guidrv_lin_16.o(i._Init) referenced from guidrv_lin_16.o(i._GetDevFunc)
 <LI><a href="#[5]">_Log2VisBuffered</a> from gui_charline.o(i._Log2VisBuffered) referenced 2 times from gui_charline.o(.data)
 <LI><a href="#[13]">_NextPixel_End</a> from lcd_nextpixelapi.o(i._NextPixel_End) referenced 2 times from lcd_nextpixelapi.o(.data)
 <LI><a href="#[12]">_NextPixel_NextLine</a> from lcd_nextpixelapi.o(i._NextPixel_NextLine) referenced 2 times from lcd_nextpixelapi.o(.data)
 <LI><a href="#[11]">_NextPixel_SetPixel</a> from lcd_nextpixelapi.o(i._NextPixel_SetPixel) referenced 2 times from lcd_nextpixelapi.o(.data)
 <LI><a href="#[10]">_NextPixel_Start</a> from lcd_nextpixelapi.o(i._NextPixel_Start) referenced 2 times from lcd_nextpixelapi.o(.data)
 <LI><a href="#[ab]">_Off</a> from guidrv_lin_16.o(i._Off) referenced from guidrv_lin_16.o(i._GetDevFunc)
 <LI><a href="#[aa]">_On</a> from guidrv_lin_16.o(i._On) referenced from guidrv_lin_16.o(i._GetDevFunc)
 <LI><a href="#[88]">_OnExit</a> from gui_timer.o(i._OnExit) referenced from gui_timer.o(i.GUI_TIMER_Create)
 <LI><a href="#[89]">_OnExit</a> from gui_core.o(i._OnExit) referenced from gui_core.o(i.GUI__Config)
 <LI><a href="#[8b]">_OnExit</a> from gui__alpha.o(i._OnExit) referenced from gui__alpha.o(i.GUI__GetAlphaBuffer)
 <LI><a href="#[8c]">_OnExit</a> from lcd_color.o(i._OnExit) referenced from lcd_color.o(i.LCD_InitColors)
 <LI><a href="#[9d]">_OnExit</a> from wm.o(i._OnExit) referenced from wm.o(i.WM_Init)
 <LI><a href="#[b5]">_OnExit</a> from gui_alloc.o(i._OnExit) referenced from gui_alloc.o(i._InitOnce)
 <LI><a href="#[1]">_OnTouchDefault</a> from button.o(i._OnTouchDefault) referenced 2 times from button.o(.data)
 <LI><a href="#[7]">_Paint</a> from button_skin.o(i._Paint) referenced 8 times from button_skin.o(.data)
 <LI><a href="#[b2]">_ReadRect</a> from guidrv_lin_16.o(i._ReadRect) referenced from guidrv_lin_16.o(i._GetDevFunc)
 <LI><a href="#[a7]">_SetAlpha</a> from guidrv_lin_16.o(i._SetAlpha) referenced from guidrv_lin_16.o(i._GetDevFunc)
 <LI><a href="#[ac]">_SetAlphaMode</a> from guidrv_lin_16.o(i._SetAlphaMode) referenced from guidrv_lin_16.o(i._GetDevFunc)
 <LI><a href="#[c4]">_SetBkColor</a> from lcd.o(i._SetBkColor) referenced from lcd.o(.constdata)
 <LI><a href="#[ae]">_SetChroma</a> from guidrv_lin_16.o(i._SetChroma) referenced from guidrv_lin_16.o(i._GetDevFunc)
 <LI><a href="#[ad]">_SetChromaMode</a> from guidrv_lin_16.o(i._SetChromaMode) referenced from guidrv_lin_16.o(i._GetDevFunc)
 <LI><a href="#[c3]">_SetColor</a> from lcd.o(i._SetColor) referenced from lcd.o(.constdata)
 <LI><a href="#[b1]">_SetDevFunc</a> from guidrv_lin_16.o(i._SetDevFunc) referenced from guidrv_lin_16.o(i._GetDevFunc)
 <LI><a href="#[c5]">_SetDrawMode</a> from lcd.o(i._SetDrawMode) referenced from lcd.o(.constdata)
 <LI><a href="#[cd]">_SetOrg</a> from guidrv_lin_16.o(i._SetOrg) referenced 3 times from guidrv_lin_16.o(.constdata)
 <LI><a href="#[cb]">_SetPixelIndex</a> from guidrv_lin_16.o(i._SetPixelIndex) referenced 3 times from guidrv_lin_16.o(.constdata)
 <LI><a href="#[a5]">_SetPos</a> from guidrv_lin_16.o(i._SetPos) referenced from guidrv_lin_16.o(i._GetDevFunc)
 <LI><a href="#[a4]">_SetSize</a> from guidrv_lin_16.o(i._SetSize) referenced from guidrv_lin_16.o(i._GetDevFunc)
 <LI><a href="#[a2]">_SetVRAMAddr</a> from guidrv_lin_16.o(i._SetVRAMAddr) referenced from guidrv_lin_16.o(i._GetDevFunc)
 <LI><a href="#[a3]">_SetVSize</a> from guidrv_lin_16.o(i._SetVSize) referenced from guidrv_lin_16.o(i._GetDevFunc)
 <LI><a href="#[a8]">_SetVis</a> from guidrv_lin_16.o(i._SetVis) referenced from guidrv_lin_16.o(i._GetDevFunc)
 <LI><a href="#[b0]">_ShowBuffer</a> from guidrv_lin_16.o(i._ShowBuffer) referenced from guidrv_lin_16.o(i._GetDevFunc)
 <LI><a href="#[cc]">_XorPixel</a> from guidrv_lin_16.o(i._XorPixel) referenced 3 times from guidrv_lin_16.o(.constdata)
 <LI><a href="#[80]">__main</a> from entry.o(.ARM.Collect$$$$00000000) referenced from startup_stm32f469xx.o(.text)
 <LI><a href="#[9c]">_cbBackWin</a> from wm.o(i._cbBackWin) referenced from wm.o(i.WM_Init)
 <LI><a href="#[9f]">_cbInvalidateOne</a> from wm_bringtotop.o(i._cbInvalidateOne) referenced from wm_bringtotop.o(i._BringToTop)
 <LI><a href="#[9e]">_cbPaintMemDev</a> from wm.o(i._cbPaintMemDev) referenced from wm.o(i.WM__Paint)
 <LI><a href="#[9b]">_cbTimer</a> from wm_timer.o(i._cbTimer) referenced from wm_timer.o(i.WM_CreateTimer)
 <LI><a href="#[7e]">main</a> from main.o(i.main) referenced from entry9a.o(.ARM.Collect$$$$0000000B)
</UL>
<P>
<H3>
Global Symbols
</H3>
<P><STRONG><a name="[80]"></a>__main</STRONG> (Thumb, 0 bytes, Stack size unknown bytes, entry.o(.ARM.Collect$$$$00000000))
<BR>[Address Reference Count : 1]<UL><LI> startup_stm32f469xx.o(.text)
</UL>
<P><STRONG><a name="[320]"></a>_main_stk</STRONG> (Thumb, 0 bytes, Stack size unknown bytes, entry2.o(.ARM.Collect$$$$00000001))

<P><STRONG><a name="[106]"></a>_main_scatterload</STRONG> (Thumb, 0 bytes, Stack size unknown bytes, entry5.o(.ARM.Collect$$$$00000004))
<BR><BR>[Calls]<UL><LI><a href="#[107]">&gt;&gt;</a>&nbsp;&nbsp;&nbsp;__scatterload
</UL>

<P><STRONG><a name="[10b]"></a>__main_after_scatterload</STRONG> (Thumb, 0 bytes, Stack size unknown bytes, entry5.o(.ARM.Collect$$$$00000004))
<BR><BR>[Called By]<UL><LI><a href="#[107]">&gt;&gt;</a>&nbsp;&nbsp;&nbsp;__scatterload
</UL>

<P><STRONG><a name="[321]"></a>_main_clock</STRONG> (Thumb, 0 bytes, Stack size unknown bytes, entry7b.o(.ARM.Collect$$$$00000008))

<P><STRONG><a name="[322]"></a>_main_cpp_init</STRONG> (Thumb, 0 bytes, Stack size unknown bytes, entry8b.o(.ARM.Collect$$$$0000000A))

<P><STRONG><a name="[323]"></a>_main_init</STRONG> (Thumb, 0 bytes, Stack size unknown bytes, entry9a.o(.ARM.Collect$$$$0000000B))

<P><STRONG><a name="[324]"></a>__rt_final_cpp</STRONG> (Thumb, 0 bytes, Stack size unknown bytes, entry10a.o(.ARM.Collect$$$$0000000D))

<P><STRONG><a name="[325]"></a>__rt_final_exit</STRONG> (Thumb, 0 bytes, Stack size unknown bytes, entry11a.o(.ARM.Collect$$$$0000000F))

<P><STRONG><a name="[18]"></a>Reset_Handler</STRONG> (Thumb, 8 bytes, Stack size 0 bytes, startup_stm32f469xx.o(.text))
<BR>[Address Reference Count : 1]<UL><LI> startup_stm32f469xx.o(RESET)
</UL>
<P><STRONG><a name="[1e]"></a>SVC_Handler</STRONG> (Thumb, 2 bytes, Stack size 0 bytes, startup_stm32f469xx.o(.text))
<BR><BR>[Calls]<UL><LI><a href="#[1e]">&gt;&gt;</a>&nbsp;&nbsp;&nbsp;SVC_Handler
</UL>
<BR>[Called By]<UL><LI><a href="#[1e]">&gt;&gt;</a>&nbsp;&nbsp;&nbsp;SVC_Handler
</UL>
<BR>[Address Reference Count : 1]<UL><LI> startup_stm32f469xx.o(RESET)
</UL>
<P><STRONG><a name="[20]"></a>PendSV_Handler</STRONG> (Thumb, 2 bytes, Stack size 0 bytes, startup_stm32f469xx.o(.text))
<BR><BR>[Calls]<UL><LI><a href="#[20]">&gt;&gt;</a>&nbsp;&nbsp;&nbsp;PendSV_Handler
</UL>
<BR>[Called By]<UL><LI><a href="#[20]">&gt;&gt;</a>&nbsp;&nbsp;&nbsp;PendSV_Handler
</UL>
<BR>[Address Reference Count : 1]<UL><LI> startup_stm32f469xx.o(RESET)
</UL>
<P><STRONG><a name="[34]"></a>ADC_IRQHandler</STRONG> (Thumb, 0 bytes, Stack size 0 bytes, startup_stm32f469xx.o(.text))
<BR><BR>[Calls]<UL><LI><a href="#[34]">&gt;&gt;</a>&nbsp;&nbsp;&nbsp;ADC_IRQHandler
</UL>
<BR>[Called By]<UL><LI><a href="#[34]">&gt;&gt;</a>&nbsp;&nbsp;&nbsp;ADC_IRQHandler
</UL>
<BR>[Address Reference Count : 1]<UL><LI> startup_stm32f469xx.o(RESET)
</UL>
<P><STRONG><a name="[36]"></a>CAN1_RX0_IRQHandler</STRONG> (Thumb, 0 bytes, Stack size 0 bytes, startup_stm32f469xx.o(.text))
<BR>[Address Reference Count : 1]<UL><LI> startup_stm32f469xx.o(RESET)
</UL>
<P><STRONG><a name="[37]"></a>CAN1_RX1_IRQHandler</STRONG> (Thumb, 0 bytes, Stack size 0 bytes, startup_stm32f469xx.o(.text))
<BR>[Address Reference Count : 1]<UL><LI> startup_stm32f469xx.o(RESET)
</UL>
<P><STRONG><a name="[38]"></a>CAN1_SCE_IRQHandler</STRONG> (Thumb, 0 bytes, Stack size 0 bytes, startup_stm32f469xx.o(.text))
<BR>[Address Reference Count : 1]<UL><LI> startup_stm32f469xx.o(RESET)
</UL>
<P><STRONG><a name="[35]"></a>CAN1_TX_IRQHandler</STRONG> (Thumb, 0 bytes, Stack size 0 bytes, startup_stm32f469xx.o(.text))
<BR>[Address Reference Count : 1]<UL><LI> startup_stm32f469xx.o(RESET)
</UL>
<P><STRONG><a name="[62]"></a>CAN2_RX0_IRQHandler</STRONG> (Thumb, 0 bytes, Stack size 0 bytes, startup_stm32f469xx.o(.text))
<BR>[Address Reference Count : 1]<UL><LI> startup_stm32f469xx.o(RESET)
</UL>
<P><STRONG><a name="[63]"></a>CAN2_RX1_IRQHandler</STRONG> (Thumb, 0 bytes, Stack size 0 bytes, startup_stm32f469xx.o(.text))
<BR>[Address Reference Count : 1]<UL><LI> startup_stm32f469xx.o(RESET)
</UL>
<P><STRONG><a name="[64]"></a>CAN2_SCE_IRQHandler</STRONG> (Thumb, 0 bytes, Stack size 0 bytes, startup_stm32f469xx.o(.text))
<BR>[Address Reference Count : 1]<UL><LI> startup_stm32f469xx.o(RESET)
</UL>
<P><STRONG><a name="[61]"></a>CAN2_TX_IRQHandler</STRONG> (Thumb, 0 bytes, Stack size 0 bytes, startup_stm32f469xx.o(.text))
<BR>[Address Reference Count : 1]<UL><LI> startup_stm32f469xx.o(RESET)
</UL>
<P><STRONG><a name="[70]"></a>DCMI_IRQHandler</STRONG> (Thumb, 0 bytes, Stack size 0 bytes, startup_stm32f469xx.o(.text))
<BR>[Address Reference Count : 1]<UL><LI> startup_stm32f469xx.o(RESET)
</UL>
<P><STRONG><a name="[2d]"></a>DMA1_Stream0_IRQHandler</STRONG> (Thumb, 0 bytes, Stack size 0 bytes, startup_stm32f469xx.o(.text))
<BR>[Address Reference Count : 1]<UL><LI> startup_stm32f469xx.o(RESET)
</UL>
<P><STRONG><a name="[2e]"></a>DMA1_Stream1_IRQHandler</STRONG> (Thumb, 0 bytes, Stack size 0 bytes, startup_stm32f469xx.o(.text))
<BR>[Address Reference Count : 1]<UL><LI> startup_stm32f469xx.o(RESET)
</UL>
<P><STRONG><a name="[2f]"></a>DMA1_Stream2_IRQHandler</STRONG> (Thumb, 0 bytes, Stack size 0 bytes, startup_stm32f469xx.o(.text))
<BR>[Address Reference Count : 1]<UL><LI> startup_stm32f469xx.o(RESET)
</UL>
<P><STRONG><a name="[30]"></a>DMA1_Stream3_IRQHandler</STRONG> (Thumb, 0 bytes, Stack size 0 bytes, startup_stm32f469xx.o(.text))
<BR>[Address Reference Count : 1]<UL><LI> startup_stm32f469xx.o(RESET)
</UL>
<P><STRONG><a name="[31]"></a>DMA1_Stream4_IRQHandler</STRONG> (Thumb, 0 bytes, Stack size 0 bytes, startup_stm32f469xx.o(.text))
<BR>[Address Reference Count : 1]<UL><LI> startup_stm32f469xx.o(RESET)
</UL>
<P><STRONG><a name="[32]"></a>DMA1_Stream5_IRQHandler</STRONG> (Thumb, 0 bytes, Stack size 0 bytes, startup_stm32f469xx.o(.text))
<BR>[Address Reference Count : 1]<UL><LI> startup_stm32f469xx.o(RESET)
</UL>
<P><STRONG><a name="[33]"></a>DMA1_Stream6_IRQHandler</STRONG> (Thumb, 0 bytes, Stack size 0 bytes, startup_stm32f469xx.o(.text))
<BR>[Address Reference Count : 1]<UL><LI> startup_stm32f469xx.o(RESET)
</UL>
<P><STRONG><a name="[51]"></a>DMA1_Stream7_IRQHandler</STRONG> (Thumb, 0 bytes, Stack size 0 bytes, startup_stm32f469xx.o(.text))
<BR>[Address Reference Count : 1]<UL><LI> startup_stm32f469xx.o(RESET)
</UL>
<P><STRONG><a name="[7b]"></a>DMA2D_IRQHandler</STRONG> (Thumb, 0 bytes, Stack size 0 bytes, startup_stm32f469xx.o(.text))
<BR>[Address Reference Count : 1]<UL><LI> startup_stm32f469xx.o(RESET)
</UL>
<P><STRONG><a name="[5a]"></a>DMA2_Stream0_IRQHandler</STRONG> (Thumb, 0 bytes, Stack size 0 bytes, startup_stm32f469xx.o(.text))
<BR>[Address Reference Count : 1]<UL><LI> startup_stm32f469xx.o(RESET)
</UL>
<P><STRONG><a name="[5b]"></a>DMA2_Stream1_IRQHandler</STRONG> (Thumb, 0 bytes, Stack size 0 bytes, startup_stm32f469xx.o(.text))
<BR>[Address Reference Count : 1]<UL><LI> startup_stm32f469xx.o(RESET)
</UL>
<P><STRONG><a name="[5c]"></a>DMA2_Stream2_IRQHandler</STRONG> (Thumb, 0 bytes, Stack size 0 bytes, startup_stm32f469xx.o(.text))
<BR>[Address Reference Count : 1]<UL><LI> startup_stm32f469xx.o(RESET)
</UL>
<P><STRONG><a name="[5d]"></a>DMA2_Stream3_IRQHandler</STRONG> (Thumb, 0 bytes, Stack size 0 bytes, startup_stm32f469xx.o(.text))
<BR>[Address Reference Count : 1]<UL><LI> startup_stm32f469xx.o(RESET)
</UL>
<P><STRONG><a name="[5e]"></a>DMA2_Stream4_IRQHandler</STRONG> (Thumb, 0 bytes, Stack size 0 bytes, startup_stm32f469xx.o(.text))
<BR>[Address Reference Count : 1]<UL><LI> startup_stm32f469xx.o(RESET)
</UL>
<P><STRONG><a name="[66]"></a>DMA2_Stream5_IRQHandler</STRONG> (Thumb, 0 bytes, Stack size 0 bytes, startup_stm32f469xx.o(.text))
<BR>[Address Reference Count : 1]<UL><LI> startup_stm32f469xx.o(RESET)
</UL>
<P><STRONG><a name="[67]"></a>DMA2_Stream6_IRQHandler</STRONG> (Thumb, 0 bytes, Stack size 0 bytes, startup_stm32f469xx.o(.text))
<BR>[Address Reference Count : 1]<UL><LI> startup_stm32f469xx.o(RESET)
</UL>
<P><STRONG><a name="[68]"></a>DMA2_Stream7_IRQHandler</STRONG> (Thumb, 0 bytes, Stack size 0 bytes, startup_stm32f469xx.o(.text))
<BR>[Address Reference Count : 1]<UL><LI> startup_stm32f469xx.o(RESET)
</UL>
<P><STRONG><a name="[5f]"></a>ETH_IRQHandler</STRONG> (Thumb, 0 bytes, Stack size 0 bytes, startup_stm32f469xx.o(.text))
<BR>[Address Reference Count : 1]<UL><LI> startup_stm32f469xx.o(RESET)
</UL>
<P><STRONG><a name="[60]"></a>ETH_WKUP_IRQHandler</STRONG> (Thumb, 0 bytes, Stack size 0 bytes, startup_stm32f469xx.o(.text))
<BR>[Address Reference Count : 1]<UL><LI> startup_stm32f469xx.o(RESET)
</UL>
<P><STRONG><a name="[28]"></a>EXTI0_IRQHandler</STRONG> (Thumb, 0 bytes, Stack size 0 bytes, startup_stm32f469xx.o(.text))
<BR>[Address Reference Count : 1]<UL><LI> startup_stm32f469xx.o(RESET)
</UL>
<P><STRONG><a name="[4a]"></a>EXTI15_10_IRQHandler</STRONG> (Thumb, 0 bytes, Stack size 0 bytes, startup_stm32f469xx.o(.text))
<BR>[Address Reference Count : 1]<UL><LI> startup_stm32f469xx.o(RESET)
</UL>
<P><STRONG><a name="[29]"></a>EXTI1_IRQHandler</STRONG> (Thumb, 0 bytes, Stack size 0 bytes, startup_stm32f469xx.o(.text))
<BR>[Address Reference Count : 1]<UL><LI> startup_stm32f469xx.o(RESET)
</UL>
<P><STRONG><a name="[2a]"></a>EXTI2_IRQHandler</STRONG> (Thumb, 0 bytes, Stack size 0 bytes, startup_stm32f469xx.o(.text))
<BR>[Address Reference Count : 1]<UL><LI> startup_stm32f469xx.o(RESET)
</UL>
<P><STRONG><a name="[2b]"></a>EXTI3_IRQHandler</STRONG> (Thumb, 0 bytes, Stack size 0 bytes, startup_stm32f469xx.o(.text))
<BR>[Address Reference Count : 1]<UL><LI> startup_stm32f469xx.o(RESET)
</UL>
<P><STRONG><a name="[2c]"></a>EXTI4_IRQHandler</STRONG> (Thumb, 0 bytes, Stack size 0 bytes, startup_stm32f469xx.o(.text))
<BR>[Address Reference Count : 1]<UL><LI> startup_stm32f469xx.o(RESET)
</UL>
<P><STRONG><a name="[39]"></a>EXTI9_5_IRQHandler</STRONG> (Thumb, 0 bytes, Stack size 0 bytes, startup_stm32f469xx.o(.text))
<BR>[Address Reference Count : 1]<UL><LI> startup_stm32f469xx.o(RESET)
</UL>
<P><STRONG><a name="[26]"></a>FLASH_IRQHandler</STRONG> (Thumb, 0 bytes, Stack size 0 bytes, startup_stm32f469xx.o(.text))
<BR>[Address Reference Count : 1]<UL><LI> startup_stm32f469xx.o(RESET)
</UL>
<P><STRONG><a name="[52]"></a>FMC_IRQHandler</STRONG> (Thumb, 0 bytes, Stack size 0 bytes, startup_stm32f469xx.o(.text))
<BR>[Address Reference Count : 1]<UL><LI> startup_stm32f469xx.o(RESET)
</UL>
<P><STRONG><a name="[72]"></a>FPU_IRQHandler</STRONG> (Thumb, 0 bytes, Stack size 0 bytes, startup_stm32f469xx.o(.text))
<BR>[Address Reference Count : 1]<UL><LI> startup_stm32f469xx.o(RESET)
</UL>
<P><STRONG><a name="[71]"></a>HASH_RNG_IRQHandler</STRONG> (Thumb, 0 bytes, Stack size 0 bytes, startup_stm32f469xx.o(.text))
<BR>[Address Reference Count : 1]<UL><LI> startup_stm32f469xx.o(RESET)
</UL>
<P><STRONG><a name="[42]"></a>I2C1_ER_IRQHandler</STRONG> (Thumb, 0 bytes, Stack size 0 bytes, startup_stm32f469xx.o(.text))
<BR>[Address Reference Count : 1]<UL><LI> startup_stm32f469xx.o(RESET)
</UL>
<P><STRONG><a name="[41]"></a>I2C1_EV_IRQHandler</STRONG> (Thumb, 0 bytes, Stack size 0 bytes, startup_stm32f469xx.o(.text))
<BR>[Address Reference Count : 1]<UL><LI> startup_stm32f469xx.o(RESET)
</UL>
<P><STRONG><a name="[44]"></a>I2C2_ER_IRQHandler</STRONG> (Thumb, 0 bytes, Stack size 0 bytes, startup_stm32f469xx.o(.text))
<BR>[Address Reference Count : 1]<UL><LI> startup_stm32f469xx.o(RESET)
</UL>
<P><STRONG><a name="[43]"></a>I2C2_EV_IRQHandler</STRONG> (Thumb, 0 bytes, Stack size 0 bytes, startup_stm32f469xx.o(.text))
<BR>[Address Reference Count : 1]<UL><LI> startup_stm32f469xx.o(RESET)
</UL>
<P><STRONG><a name="[6b]"></a>I2C3_ER_IRQHandler</STRONG> (Thumb, 0 bytes, Stack size 0 bytes, startup_stm32f469xx.o(.text))
<BR>[Address Reference Count : 1]<UL><LI> startup_stm32f469xx.o(RESET)
</UL>
<P><STRONG><a name="[6a]"></a>I2C3_EV_IRQHandler</STRONG> (Thumb, 0 bytes, Stack size 0 bytes, startup_stm32f469xx.o(.text))
<BR>[Address Reference Count : 1]<UL><LI> startup_stm32f469xx.o(RESET)
</UL>
<P><STRONG><a name="[7a]"></a>LTDC_ER_IRQHandler</STRONG> (Thumb, 0 bytes, Stack size 0 bytes, startup_stm32f469xx.o(.text))
<BR>[Address Reference Count : 1]<UL><LI> startup_stm32f469xx.o(RESET)
</UL>
<P><STRONG><a name="[65]"></a>OTG_FS_IRQHandler</STRONG> (Thumb, 0 bytes, Stack size 0 bytes, startup_stm32f469xx.o(.text))
<BR>[Address Reference Count : 1]<UL><LI> startup_stm32f469xx.o(RESET)
</UL>
<P><STRONG><a name="[4c]"></a>OTG_FS_WKUP_IRQHandler</STRONG> (Thumb, 0 bytes, Stack size 0 bytes, startup_stm32f469xx.o(.text))
<BR>[Address Reference Count : 1]<UL><LI> startup_stm32f469xx.o(RESET)
</UL>
<P><STRONG><a name="[6d]"></a>OTG_HS_EP1_IN_IRQHandler</STRONG> (Thumb, 0 bytes, Stack size 0 bytes, startup_stm32f469xx.o(.text))
<BR>[Address Reference Count : 1]<UL><LI> startup_stm32f469xx.o(RESET)
</UL>
<P><STRONG><a name="[6c]"></a>OTG_HS_EP1_OUT_IRQHandler</STRONG> (Thumb, 0 bytes, Stack size 0 bytes, startup_stm32f469xx.o(.text))
<BR>[Address Reference Count : 1]<UL><LI> startup_stm32f469xx.o(RESET)
</UL>
<P><STRONG><a name="[6f]"></a>OTG_HS_IRQHandler</STRONG> (Thumb, 0 bytes, Stack size 0 bytes, startup_stm32f469xx.o(.text))
<BR>[Address Reference Count : 1]<UL><LI> startup_stm32f469xx.o(RESET)
</UL>
<P><STRONG><a name="[6e]"></a>OTG_HS_WKUP_IRQHandler</STRONG> (Thumb, 0 bytes, Stack size 0 bytes, startup_stm32f469xx.o(.text))
<BR>[Address Reference Count : 1]<UL><LI> startup_stm32f469xx.o(RESET)
</UL>
<P><STRONG><a name="[23]"></a>PVD_IRQHandler</STRONG> (Thumb, 0 bytes, Stack size 0 bytes, startup_stm32f469xx.o(.text))
<BR>[Address Reference Count : 1]<UL><LI> startup_stm32f469xx.o(RESET)
</UL>
<P><STRONG><a name="[7c]"></a>QUADSPI_IRQHandler</STRONG> (Thumb, 0 bytes, Stack size 0 bytes, startup_stm32f469xx.o(.text))
<BR>[Address Reference Count : 1]<UL><LI> startup_stm32f469xx.o(RESET)
</UL>
<P><STRONG><a name="[27]"></a>RCC_IRQHandler</STRONG> (Thumb, 0 bytes, Stack size 0 bytes, startup_stm32f469xx.o(.text))
<BR>[Address Reference Count : 1]<UL><LI> startup_stm32f469xx.o(RESET)
</UL>
<P><STRONG><a name="[4b]"></a>RTC_Alarm_IRQHandler</STRONG> (Thumb, 0 bytes, Stack size 0 bytes, startup_stm32f469xx.o(.text))
<BR>[Address Reference Count : 1]<UL><LI> startup_stm32f469xx.o(RESET)
</UL>
<P><STRONG><a name="[25]"></a>RTC_WKUP_IRQHandler</STRONG> (Thumb, 0 bytes, Stack size 0 bytes, startup_stm32f469xx.o(.text))
<BR>[Address Reference Count : 1]<UL><LI> startup_stm32f469xx.o(RESET)
</UL>
<P><STRONG><a name="[78]"></a>SAI1_IRQHandler</STRONG> (Thumb, 0 bytes, Stack size 0 bytes, startup_stm32f469xx.o(.text))
<BR>[Address Reference Count : 1]<UL><LI> startup_stm32f469xx.o(RESET)
</UL>
<P><STRONG><a name="[53]"></a>SDIO_IRQHandler</STRONG> (Thumb, 0 bytes, Stack size 0 bytes, startup_stm32f469xx.o(.text))
<BR>[Address Reference Count : 1]<UL><LI> startup_stm32f469xx.o(RESET)
</UL>
<P><STRONG><a name="[45]"></a>SPI1_IRQHandler</STRONG> (Thumb, 0 bytes, Stack size 0 bytes, startup_stm32f469xx.o(.text))
<BR>[Address Reference Count : 1]<UL><LI> startup_stm32f469xx.o(RESET)
</UL>
<P><STRONG><a name="[46]"></a>SPI2_IRQHandler</STRONG> (Thumb, 0 bytes, Stack size 0 bytes, startup_stm32f469xx.o(.text))
<BR>[Address Reference Count : 1]<UL><LI> startup_stm32f469xx.o(RESET)
</UL>
<P><STRONG><a name="[55]"></a>SPI3_IRQHandler</STRONG> (Thumb, 0 bytes, Stack size 0 bytes, startup_stm32f469xx.o(.text))
<BR>[Address Reference Count : 1]<UL><LI> startup_stm32f469xx.o(RESET)
</UL>
<P><STRONG><a name="[75]"></a>SPI4_IRQHandler</STRONG> (Thumb, 0 bytes, Stack size 0 bytes, startup_stm32f469xx.o(.text))
<BR>[Address Reference Count : 1]<UL><LI> startup_stm32f469xx.o(RESET)
</UL>
<P><STRONG><a name="[76]"></a>SPI5_IRQHandler</STRONG> (Thumb, 0 bytes, Stack size 0 bytes, startup_stm32f469xx.o(.text))
<BR>[Address Reference Count : 1]<UL><LI> startup_stm32f469xx.o(RESET)
</UL>
<P><STRONG><a name="[77]"></a>SPI6_IRQHandler</STRONG> (Thumb, 0 bytes, Stack size 0 bytes, startup_stm32f469xx.o(.text))
<BR>[Address Reference Count : 1]<UL><LI> startup_stm32f469xx.o(RESET)
</UL>
<P><STRONG><a name="[24]"></a>TAMP_STAMP_IRQHandler</STRONG> (Thumb, 0 bytes, Stack size 0 bytes, startup_stm32f469xx.o(.text))
<BR>[Address Reference Count : 1]<UL><LI> startup_stm32f469xx.o(RESET)
</UL>
<P><STRONG><a name="[3a]"></a>TIM1_BRK_TIM9_IRQHandler</STRONG> (Thumb, 0 bytes, Stack size 0 bytes, startup_stm32f469xx.o(.text))
<BR>[Address Reference Count : 1]<UL><LI> startup_stm32f469xx.o(RESET)
</UL>
<P><STRONG><a name="[3d]"></a>TIM1_CC_IRQHandler</STRONG> (Thumb, 0 bytes, Stack size 0 bytes, startup_stm32f469xx.o(.text))
<BR>[Address Reference Count : 1]<UL><LI> startup_stm32f469xx.o(RESET)
</UL>
<P><STRONG><a name="[3c]"></a>TIM1_TRG_COM_TIM11_IRQHandler</STRONG> (Thumb, 0 bytes, Stack size 0 bytes, startup_stm32f469xx.o(.text))
<BR>[Address Reference Count : 1]<UL><LI> startup_stm32f469xx.o(RESET)
</UL>
<P><STRONG><a name="[3b]"></a>TIM1_UP_TIM10_IRQHandler</STRONG> (Thumb, 0 bytes, Stack size 0 bytes, startup_stm32f469xx.o(.text))
<BR>[Address Reference Count : 1]<UL><LI> startup_stm32f469xx.o(RESET)
</UL>
<P><STRONG><a name="[3e]"></a>TIM2_IRQHandler</STRONG> (Thumb, 0 bytes, Stack size 0 bytes, startup_stm32f469xx.o(.text))
<BR>[Address Reference Count : 1]<UL><LI> startup_stm32f469xx.o(RESET)
</UL>
<P><STRONG><a name="[40]"></a>TIM4_IRQHandler</STRONG> (Thumb, 0 bytes, Stack size 0 bytes, startup_stm32f469xx.o(.text))
<BR>[Address Reference Count : 1]<UL><LI> startup_stm32f469xx.o(RESET)
</UL>
<P><STRONG><a name="[54]"></a>TIM5_IRQHandler</STRONG> (Thumb, 0 bytes, Stack size 0 bytes, startup_stm32f469xx.o(.text))
<BR>[Address Reference Count : 1]<UL><LI> startup_stm32f469xx.o(RESET)
</UL>
<P><STRONG><a name="[58]"></a>TIM6_DAC_IRQHandler</STRONG> (Thumb, 0 bytes, Stack size 0 bytes, startup_stm32f469xx.o(.text))
<BR>[Address Reference Count : 1]<UL><LI> startup_stm32f469xx.o(RESET)
</UL>
<P><STRONG><a name="[59]"></a>TIM7_IRQHandler</STRONG> (Thumb, 0 bytes, Stack size 0 bytes, startup_stm32f469xx.o(.text))
<BR>[Address Reference Count : 1]<UL><LI> startup_stm32f469xx.o(RESET)
</UL>
<P><STRONG><a name="[4d]"></a>TIM8_BRK_TIM12_IRQHandler</STRONG> (Thumb, 0 bytes, Stack size 0 bytes, startup_stm32f469xx.o(.text))
<BR>[Address Reference Count : 1]<UL><LI> startup_stm32f469xx.o(RESET)
</UL>
<P><STRONG><a name="[50]"></a>TIM8_CC_IRQHandler</STRONG> (Thumb, 0 bytes, Stack size 0 bytes, startup_stm32f469xx.o(.text))
<BR>[Address Reference Count : 1]<UL><LI> startup_stm32f469xx.o(RESET)
</UL>
<P><STRONG><a name="[4f]"></a>TIM8_TRG_COM_TIM14_IRQHandler</STRONG> (Thumb, 0 bytes, Stack size 0 bytes, startup_stm32f469xx.o(.text))
<BR>[Address Reference Count : 1]<UL><LI> startup_stm32f469xx.o(RESET)
</UL>
<P><STRONG><a name="[4e]"></a>TIM8_UP_TIM13_IRQHandler</STRONG> (Thumb, 0 bytes, Stack size 0 bytes, startup_stm32f469xx.o(.text))
<BR>[Address Reference Count : 1]<UL><LI> startup_stm32f469xx.o(RESET)
</UL>
<P><STRONG><a name="[56]"></a>UART4_IRQHandler</STRONG> (Thumb, 0 bytes, Stack size 0 bytes, startup_stm32f469xx.o(.text))
<BR>[Address Reference Count : 1]<UL><LI> startup_stm32f469xx.o(RESET)
</UL>
<P><STRONG><a name="[57]"></a>UART5_IRQHandler</STRONG> (Thumb, 0 bytes, Stack size 0 bytes, startup_stm32f469xx.o(.text))
<BR>[Address Reference Count : 1]<UL><LI> startup_stm32f469xx.o(RESET)
</UL>
<P><STRONG><a name="[73]"></a>UART7_IRQHandler</STRONG> (Thumb, 0 bytes, Stack size 0 bytes, startup_stm32f469xx.o(.text))
<BR>[Address Reference Count : 1]<UL><LI> startup_stm32f469xx.o(RESET)
</UL>
<P><STRONG><a name="[74]"></a>UART8_IRQHandler</STRONG> (Thumb, 0 bytes, Stack size 0 bytes, startup_stm32f469xx.o(.text))
<BR>[Address Reference Count : 1]<UL><LI> startup_stm32f469xx.o(RESET)
</UL>
<P><STRONG><a name="[47]"></a>USART1_IRQHandler</STRONG> (Thumb, 0 bytes, Stack size 0 bytes, startup_stm32f469xx.o(.text))
<BR>[Address Reference Count : 1]<UL><LI> startup_stm32f469xx.o(RESET)
</UL>
<P><STRONG><a name="[48]"></a>USART2_IRQHandler</STRONG> (Thumb, 0 bytes, Stack size 0 bytes, startup_stm32f469xx.o(.text))
<BR>[Address Reference Count : 1]<UL><LI> startup_stm32f469xx.o(RESET)
</UL>
<P><STRONG><a name="[49]"></a>USART3_IRQHandler</STRONG> (Thumb, 0 bytes, Stack size 0 bytes, startup_stm32f469xx.o(.text))
<BR>[Address Reference Count : 1]<UL><LI> startup_stm32f469xx.o(RESET)
</UL>
<P><STRONG><a name="[69]"></a>USART6_IRQHandler</STRONG> (Thumb, 0 bytes, Stack size 0 bytes, startup_stm32f469xx.o(.text))
<BR>[Address Reference Count : 1]<UL><LI> startup_stm32f469xx.o(RESET)
</UL>
<P><STRONG><a name="[22]"></a>WWDG_IRQHandler</STRONG> (Thumb, 0 bytes, Stack size 0 bytes, startup_stm32f469xx.o(.text))
<BR>[Address Reference Count : 1]<UL><LI> startup_stm32f469xx.o(RESET)
</UL>
<P><STRONG><a name="[326]"></a>___aeabi_memcpy8$move</STRONG> (Thumb, 0 bytes, Stack size 8 bytes, memmovea.o(.text), UNUSED)

<P><STRONG><a name="[220]"></a>__aeabi_memcpy</STRONG> (Thumb, 64 bytes, Stack size 8 bytes, memmovea.o(.text))
<BR><BR>[Stack]<UL><LI>Max Depth = 8<LI>Call Chain = __aeabi_memcpy
</UL>
<BR>[Called By]<UL><LI><a href="#[13c]">&gt;&gt;</a>&nbsp;&nbsp;&nbsp;GUI__SetText
<LI><a href="#[de]">&gt;&gt;</a>&nbsp;&nbsp;&nbsp;_DrawBitmap
<LI><a href="#[c6]">&gt;&gt;</a>&nbsp;&nbsp;&nbsp;_DrawBitmap
<LI><a href="#[af]">&gt;&gt;</a>&nbsp;&nbsp;&nbsp;_CopyBuffer
<LI><a href="#[f1]">&gt;&gt;</a>&nbsp;&nbsp;&nbsp;_DrawBitmap
</UL>

<P><STRONG><a name="[12b]"></a>__aeabi_memcpy4</STRONG> (Thumb, 0 bytes, Stack size 8 bytes, memmovea.o(.text))
<BR><BR>[Stack]<UL><LI>Max Depth = 8<LI>Call Chain = __aeabi_memcpy4
</UL>
<BR>[Called By]<UL><LI><a href="#[239]">&gt;&gt;</a>&nbsp;&nbsp;&nbsp;HAL_LTDC_ConfigLayer
<LI><a href="#[1f3]">&gt;&gt;</a>&nbsp;&nbsp;&nbsp;GUI_SaveContext_W
<LI><a href="#[1f2]">&gt;&gt;</a>&nbsp;&nbsp;&nbsp;GUI_RestoreContext
<LI><a href="#[296]">&gt;&gt;</a>&nbsp;&nbsp;&nbsp;SLIDER_CreateUser
<LI><a href="#[154]">&gt;&gt;</a>&nbsp;&nbsp;&nbsp;FRAMEWIN_CreateUser
<LI><a href="#[127]">&gt;&gt;</a>&nbsp;&nbsp;&nbsp;BUTTON_CreateUser
<LI><a href="#[310]">&gt;&gt;</a>&nbsp;&nbsp;&nbsp;_EnlargeBlocks
<LI><a href="#[302]">&gt;&gt;</a>&nbsp;&nbsp;&nbsp;_DrawBitLine32BPP_DDB
</UL>

<P><STRONG><a name="[31e]"></a>__aeabi_memmove</STRONG> (Thumb, 0 bytes, Stack size 8 bytes, memmovea.o(.text))
<BR><BR>[Stack]<UL><LI>Max Depth = 8<LI>Call Chain = __aeabi_memmove
</UL>
<BR>[Called By]<UL><LI><a href="#[18b]">&gt;&gt;</a>&nbsp;&nbsp;&nbsp;_RemoveHoles
</UL>

<P><STRONG><a name="[327]"></a>__aeabi_memmove4</STRONG> (Thumb, 0 bytes, Stack size 8 bytes, memmovea.o(.text), UNUSED)

<P><STRONG><a name="[328]"></a>__aeabi_memmove8</STRONG> (Thumb, 0 bytes, Stack size 8 bytes, memmovea.o(.text), UNUSED)

<P><STRONG><a name="[109]"></a>__aeabi_memset</STRONG> (Thumb, 14 bytes, Stack size 0 bytes, memseta.o(.text))
<BR><BR>[Called By]<UL><LI><a href="#[10a]">&gt;&gt;</a>&nbsp;&nbsp;&nbsp;_memset$wrapper
<LI><a href="#[108]">&gt;&gt;</a>&nbsp;&nbsp;&nbsp;__aeabi_memclr
<LI><a href="#[fe]">&gt;&gt;</a>&nbsp;&nbsp;&nbsp;GUI_USAGE_BM_AddHLine
</UL>

<P><STRONG><a name="[329]"></a>__aeabi_memset4</STRONG> (Thumb, 0 bytes, Stack size 0 bytes, memseta.o(.text), UNUSED)

<P><STRONG><a name="[32a]"></a>__aeabi_memset8</STRONG> (Thumb, 0 bytes, Stack size 0 bytes, memseta.o(.text), UNUSED)

<P><STRONG><a name="[108]"></a>__aeabi_memclr</STRONG> (Thumb, 4 bytes, Stack size 0 bytes, memseta.o(.text), UNUSED)
<BR><BR>[Calls]<UL><LI><a href="#[109]">&gt;&gt;</a>&nbsp;&nbsp;&nbsp;__aeabi_memset
</UL>

<P><STRONG><a name="[203]"></a>__aeabi_memclr4</STRONG> (Thumb, 0 bytes, Stack size 0 bytes, memseta.o(.text))
<BR><BR>[Called By]<UL><LI><a href="#[8]">&gt;&gt;</a>&nbsp;&nbsp;&nbsp;_Create
<LI><a href="#[a5]">&gt;&gt;</a>&nbsp;&nbsp;&nbsp;_SetPos
<LI><a href="#[ff]">&gt;&gt;</a>&nbsp;&nbsp;&nbsp;GUI_USAGE_BM_Clear
</UL>

<P><STRONG><a name="[32b]"></a>__aeabi_memclr8</STRONG> (Thumb, 0 bytes, Stack size 0 bytes, memseta.o(.text), UNUSED)

<P><STRONG><a name="[10a]"></a>_memset$wrapper</STRONG> (Thumb, 18 bytes, Stack size 8 bytes, memseta.o(.text), UNUSED)
<BR><BR>[Calls]<UL><LI><a href="#[109]">&gt;&gt;</a>&nbsp;&nbsp;&nbsp;__aeabi_memset
</UL>

<P><STRONG><a name="[221]"></a>strcpy</STRONG> (Thumb, 18 bytes, Stack size 0 bytes, strcpy.o(.text))
<BR><BR>[Called By]<UL><LI><a href="#[13c]">&gt;&gt;</a>&nbsp;&nbsp;&nbsp;GUI__SetText
</UL>

<P><STRONG><a name="[107]"></a>__scatterload</STRONG> (Thumb, 28 bytes, Stack size 0 bytes, init.o(.text))
<BR><BR>[Calls]<UL><LI><a href="#[10b]">&gt;&gt;</a>&nbsp;&nbsp;&nbsp;__main_after_scatterload
</UL>
<BR>[Called By]<UL><LI><a href="#[106]">&gt;&gt;</a>&nbsp;&nbsp;&nbsp;_main_scatterload
</UL>

<P><STRONG><a name="[32c]"></a>__scatterload_rt2</STRONG> (Thumb, 0 bytes, Stack size 0 bytes, init.o(.text), UNUSED)

<P><STRONG><a name="[32d]"></a>__decompress</STRONG> (Thumb, 0 bytes, Stack size unknown bytes, __dczerorl2.o(.text), UNUSED)

<P><STRONG><a name="[32e]"></a>__decompress1</STRONG> (Thumb, 86 bytes, Stack size unknown bytes, __dczerorl2.o(.text), UNUSED)

<P><STRONG><a name="[10c]"></a>BSP_Background</STRONG> (Thumb, 18 bytes, Stack size 8 bytes, main.o(i.BSP_Background))
<BR><BR>[Stack]<UL><LI>Max Depth = 24<LI>Call Chain = BSP_Background &rArr; BSP_LED_Toggle &rArr; HAL_GPIO_TogglePin
</UL>
<BR>[Calls]<UL><LI><a href="#[10d]">&gt;&gt;</a>&nbsp;&nbsp;&nbsp;BSP_LED_Toggle
</UL>
<BR>[Called By]<UL><LI><a href="#[258]">&gt;&gt;</a>&nbsp;&nbsp;&nbsp;HAL_TIM_PeriodElapsedCallback
</UL>

<P><STRONG><a name="[10e]"></a>BSP_LCD_MspInit</STRONG> (Thumb, 132 bytes, Stack size 8 bytes, lcdconf_stm32469i_discovery.o(i.BSP_LCD_MspInit))
<BR><BR>[Stack]<UL><LI>Max Depth = 24<LI>Call Chain = BSP_LCD_MspInit &rArr; HAL_NVIC_SetPriority
</UL>
<BR>[Calls]<UL><LI><a href="#[10f]">&gt;&gt;</a>&nbsp;&nbsp;&nbsp;HAL_NVIC_SetPriority
<LI><a href="#[110]">&gt;&gt;</a>&nbsp;&nbsp;&nbsp;HAL_NVIC_EnableIRQ
</UL>
<BR>[Called By]<UL><LI><a href="#[271]">&gt;&gt;</a>&nbsp;&nbsp;&nbsp;LCD_LL_Init
</UL>

<P><STRONG><a name="[111]"></a>BSP_LED_Init</STRONG> (Thumb, 128 bytes, Stack size 40 bytes, stm32469i_discovery.o(i.BSP_LED_Init))
<BR><BR>[Stack]<UL><LI>Max Depth = 80<LI>Call Chain = BSP_LED_Init &rArr; HAL_GPIO_Init
</UL>
<BR>[Calls]<UL><LI><a href="#[113]">&gt;&gt;</a>&nbsp;&nbsp;&nbsp;HAL_GPIO_WritePin
<LI><a href="#[112]">&gt;&gt;</a>&nbsp;&nbsp;&nbsp;HAL_GPIO_Init
</UL>
<BR>[Called By]<UL><LI><a href="#[7e]">&gt;&gt;</a>&nbsp;&nbsp;&nbsp;main
</UL>

<P><STRONG><a name="[10d]"></a>BSP_LED_Toggle</STRONG> (Thumb, 26 bytes, Stack size 0 bytes, stm32469i_discovery.o(i.BSP_LED_Toggle))
<BR><BR>[Stack]<UL><LI>Max Depth = 16<LI>Call Chain = BSP_LED_Toggle &rArr; HAL_GPIO_TogglePin
</UL>
<BR>[Calls]<UL><LI><a href="#[114]">&gt;&gt;</a>&nbsp;&nbsp;&nbsp;HAL_GPIO_TogglePin
</UL>
<BR>[Called By]<UL><LI><a href="#[10c]">&gt;&gt;</a>&nbsp;&nbsp;&nbsp;BSP_Background
</UL>

<P><STRONG><a name="[115]"></a>BSP_SDRAM_Init</STRONG> (Thumb, 106 bytes, Stack size 16 bytes, stm32469i_discovery_sdram.o(i.BSP_SDRAM_Init))
<BR><BR>[Stack]<UL><LI>Max Depth = 96<LI>Call Chain = BSP_SDRAM_Init &rArr; BSP_SDRAM_MspInit &rArr; HAL_GPIO_Init
</UL>
<BR>[Calls]<UL><LI><a href="#[116]">&gt;&gt;</a>&nbsp;&nbsp;&nbsp;BSP_SDRAM_MspInit
<LI><a href="#[117]">&gt;&gt;</a>&nbsp;&nbsp;&nbsp;HAL_SDRAM_Init
<LI><a href="#[118]">&gt;&gt;</a>&nbsp;&nbsp;&nbsp;BSP_SDRAM_Initialization_sequence
</UL>
<BR>[Called By]<UL><LI><a href="#[7e]">&gt;&gt;</a>&nbsp;&nbsp;&nbsp;main
</UL>

<P><STRONG><a name="[118]"></a>BSP_SDRAM_Initialization_sequence</STRONG> (Thumb, 134 bytes, Stack size 32 bytes, stm32469i_discovery_sdram.o(i.BSP_SDRAM_Initialization_sequence))
<BR><BR>[Stack]<UL><LI>Max Depth = 72<LI>Call Chain = BSP_SDRAM_Initialization_sequence &rArr; HAL_SDRAM_SendCommand &rArr; FMC_SDRAM_SendCommand
</UL>
<BR>[Calls]<UL><LI><a href="#[11a]">&gt;&gt;</a>&nbsp;&nbsp;&nbsp;HAL_Delay
<LI><a href="#[119]">&gt;&gt;</a>&nbsp;&nbsp;&nbsp;HAL_SDRAM_SendCommand
<LI><a href="#[11b]">&gt;&gt;</a>&nbsp;&nbsp;&nbsp;HAL_SDRAM_ProgramRefreshRate
</UL>
<BR>[Called By]<UL><LI><a href="#[115]">&gt;&gt;</a>&nbsp;&nbsp;&nbsp;BSP_SDRAM_Init
</UL>

<P><STRONG><a name="[116]"></a>BSP_SDRAM_MspInit</STRONG> (Thumb, 352 bytes, Stack size 40 bytes, stm32469i_discovery_sdram.o(i.BSP_SDRAM_MspInit))
<BR><BR>[Stack]<UL><LI>Max Depth = 80<LI>Call Chain = BSP_SDRAM_MspInit &rArr; HAL_GPIO_Init
</UL>
<BR>[Calls]<UL><LI><a href="#[10f]">&gt;&gt;</a>&nbsp;&nbsp;&nbsp;HAL_NVIC_SetPriority
<LI><a href="#[110]">&gt;&gt;</a>&nbsp;&nbsp;&nbsp;HAL_NVIC_EnableIRQ
<LI><a href="#[11d]">&gt;&gt;</a>&nbsp;&nbsp;&nbsp;HAL_DMA_Init
<LI><a href="#[11c]">&gt;&gt;</a>&nbsp;&nbsp;&nbsp;HAL_DMA_DeInit
<LI><a href="#[112]">&gt;&gt;</a>&nbsp;&nbsp;&nbsp;HAL_GPIO_Init
</UL>
<BR>[Called By]<UL><LI><a href="#[115]">&gt;&gt;</a>&nbsp;&nbsp;&nbsp;BSP_SDRAM_Init
</UL>

<P><STRONG><a name="[81]"></a>BUTTON_Callback</STRONG> (Thumb, 216 bytes, Stack size 16 bytes, button.o(i.BUTTON_Callback))
<BR><BR>[Stack]<UL><LI>Max Depth = 280<LI>Call Chain = BUTTON_Callback &rArr; WIDGET_HandleActive &rArr; WM__UpdateChildPositions &rArr; WM_ResizeWindow &rArr;  WM__UpdateChildPositions (Cycle)
</UL>
<BR>[Calls]<UL><LI><a href="#[126]">&gt;&gt;</a>&nbsp;&nbsp;&nbsp;WM_DefaultProc
<LI><a href="#[11e]">&gt;&gt;</a>&nbsp;&nbsp;&nbsp;WIDGET_HandleActive
<LI><a href="#[125]">&gt;&gt;</a>&nbsp;&nbsp;&nbsp;BUTTON_SetPressed
<LI><a href="#[124]">&gt;&gt;</a>&nbsp;&nbsp;&nbsp;_OnButtonReleased
<LI><a href="#[123]">&gt;&gt;</a>&nbsp;&nbsp;&nbsp;_OnButtonPressed
<LI><a href="#[120]">&gt;&gt;</a>&nbsp;&nbsp;&nbsp;GUI_ALLOC_UnlockH
<LI><a href="#[11f]">&gt;&gt;</a>&nbsp;&nbsp;&nbsp;GUI_ALLOC_LockH
<LI><a href="#[122]">&gt;&gt;</a>&nbsp;&nbsp;&nbsp;GUI_ALLOC_FreePtrArray
<LI><a href="#[121]">&gt;&gt;</a>&nbsp;&nbsp;&nbsp;GUI_ALLOC_FreePtr
</UL>
<BR>[Address Reference Count : 1]<UL><LI> button.o(i.BUTTON_CreateUser)
</UL>
<P><STRONG><a name="[b9]"></a>BUTTON_CreateIndirect</STRONG> (Thumb, 68 bytes, Stack size 40 bytes, button_createindirect.o(i.BUTTON_CreateIndirect))
<BR><BR>[Stack]<UL><LI>Max Depth = 312<LI>Call Chain = BUTTON_CreateIndirect &rArr; BUTTON_CreateUser &rArr; WM_CreateWindowAsChild &rArr; WM_BringToBottom &rArr; WM__InvalidateRectEx &rArr; WM__InvalidateRect &rArr;  WM__InvalidateRect (Cycle)
</UL>
<BR>[Calls]<UL><LI><a href="#[128]">&gt;&gt;</a>&nbsp;&nbsp;&nbsp;BUTTON_SetText
<LI><a href="#[127]">&gt;&gt;</a>&nbsp;&nbsp;&nbsp;BUTTON_CreateUser
</UL>
<BR>[Address Reference Count : 1]<UL><LI> armflydlg.o(.constdata)
</UL>
<P><STRONG><a name="[127]"></a>BUTTON_CreateUser</STRONG> (Thumb, 94 bytes, Stack size 40 bytes, button.o(i.BUTTON_CreateUser))
<BR><BR>[Stack]<UL><LI>Max Depth = 272<LI>Call Chain = BUTTON_CreateUser &rArr; WM_CreateWindowAsChild &rArr; WM_BringToBottom &rArr; WM__InvalidateRectEx &rArr; WM__InvalidateRect &rArr;  WM__InvalidateRect (Cycle)
</UL>
<BR>[Calls]<UL><LI><a href="#[12b]">&gt;&gt;</a>&nbsp;&nbsp;&nbsp;__aeabi_memcpy4
<LI><a href="#[129]">&gt;&gt;</a>&nbsp;&nbsp;&nbsp;WM_CreateWindowAsChild
<LI><a href="#[12a]">&gt;&gt;</a>&nbsp;&nbsp;&nbsp;WIDGET__Init
<LI><a href="#[120]">&gt;&gt;</a>&nbsp;&nbsp;&nbsp;GUI_ALLOC_UnlockH
<LI><a href="#[11f]">&gt;&gt;</a>&nbsp;&nbsp;&nbsp;GUI_ALLOC_LockH
</UL>
<BR>[Called By]<UL><LI><a href="#[b9]">&gt;&gt;</a>&nbsp;&nbsp;&nbsp;BUTTON_CreateIndirect
</UL>

<P><STRONG><a name="[2]"></a>BUTTON_DrawSkinFlex</STRONG> (Thumb, 562 bytes, Stack size 56 bytes, button_skinflex.o(i.BUTTON_DrawSkinFlex))
<BR><BR>[Stack]<UL><LI>Max Depth = 264<LI>Call Chain = BUTTON_DrawSkinFlex &rArr; GUI__DrawTwinArc4 &rArr; _DrawTwinArc4 &rArr; _GetTwinArcPara
</UL>
<BR>[Calls]<UL><LI><a href="#[134]">&gt;&gt;</a>&nbsp;&nbsp;&nbsp;GUI_SetFont
<LI><a href="#[137]">&gt;&gt;</a>&nbsp;&nbsp;&nbsp;GUI_SetTextMode
<LI><a href="#[12d]">&gt;&gt;</a>&nbsp;&nbsp;&nbsp;GUI_SetColor
<LI><a href="#[136]">&gt;&gt;</a>&nbsp;&nbsp;&nbsp;GUI_MoveRect
<LI><a href="#[132]">&gt;&gt;</a>&nbsp;&nbsp;&nbsp;WM__IsEnabled
<LI><a href="#[139]">&gt;&gt;</a>&nbsp;&nbsp;&nbsp;WM_SetHasTrans
<LI><a href="#[12c]">&gt;&gt;</a>&nbsp;&nbsp;&nbsp;GUI__DrawTwinArc4
<LI><a href="#[135]">&gt;&gt;</a>&nbsp;&nbsp;&nbsp;GUI_GetClientRect
<LI><a href="#[130]">&gt;&gt;</a>&nbsp;&nbsp;&nbsp;GUI_FillRect
<LI><a href="#[12f]">&gt;&gt;</a>&nbsp;&nbsp;&nbsp;GUI_DrawVLine
<LI><a href="#[131]">&gt;&gt;</a>&nbsp;&nbsp;&nbsp;GUI_DrawRect
<LI><a href="#[12e]">&gt;&gt;</a>&nbsp;&nbsp;&nbsp;GUI_DrawHLine
<LI><a href="#[98]">&gt;&gt;</a>&nbsp;&nbsp;&nbsp;GUI_DrawGradientV
<LI><a href="#[138]">&gt;&gt;</a>&nbsp;&nbsp;&nbsp;GUI_DispStringInRect
<LI><a href="#[133]">&gt;&gt;</a>&nbsp;&nbsp;&nbsp;GUI_DRAW__Draw
<LI><a href="#[120]">&gt;&gt;</a>&nbsp;&nbsp;&nbsp;GUI_ALLOC_UnlockH
<LI><a href="#[11f]">&gt;&gt;</a>&nbsp;&nbsp;&nbsp;GUI_ALLOC_LockH
</UL>
<BR>[Address Reference Count : 1]<UL><LI> button.o(.data)
</UL>
<P><STRONG><a name="[125]"></a>BUTTON_SetPressed</STRONG> (Thumb, 18 bytes, Stack size 0 bytes, button.o(i.BUTTON_SetPressed))
<BR><BR>[Stack]<UL><LI>Max Depth = 176<LI>Call Chain = BUTTON_SetPressed &rArr; WIDGET_OrState &rArr; WM_InvalidateWindow &rArr; WM_InvalidateRect &rArr; WM__InvalidateRectEx &rArr; WM__InvalidateRect &rArr;  WM__InvalidateRect (Cycle)
</UL>
<BR>[Calls]<UL><LI><a href="#[13a]">&gt;&gt;</a>&nbsp;&nbsp;&nbsp;WIDGET_OrState
<LI><a href="#[13b]">&gt;&gt;</a>&nbsp;&nbsp;&nbsp;WIDGET_AndState
</UL>
<BR>[Called By]<UL><LI><a href="#[81]">&gt;&gt;</a>&nbsp;&nbsp;&nbsp;BUTTON_Callback
</UL>

<P><STRONG><a name="[128]"></a>BUTTON_SetText</STRONG> (Thumb, 80 bytes, Stack size 40 bytes, button.o(i.BUTTON_SetText))
<BR><BR>[Stack]<UL><LI>Max Depth = 200<LI>Call Chain = BUTTON_SetText &rArr; WM_InvalidateWindow &rArr; WM_InvalidateRect &rArr; WM__InvalidateRectEx &rArr; WM__InvalidateRect &rArr;  WM__InvalidateRect (Cycle)
</UL>
<BR>[Calls]<UL><LI><a href="#[13d]">&gt;&gt;</a>&nbsp;&nbsp;&nbsp;WM_InvalidateWindow
<LI><a href="#[13c]">&gt;&gt;</a>&nbsp;&nbsp;&nbsp;GUI__SetText
<LI><a href="#[120]">&gt;&gt;</a>&nbsp;&nbsp;&nbsp;GUI_ALLOC_UnlockH
<LI><a href="#[11f]">&gt;&gt;</a>&nbsp;&nbsp;&nbsp;GUI_ALLOC_LockH
</UL>
<BR>[Called By]<UL><LI><a href="#[b9]">&gt;&gt;</a>&nbsp;&nbsp;&nbsp;BUTTON_CreateIndirect
</UL>

<P><STRONG><a name="[1c]"></a>BusFault_Handler</STRONG> (Thumb, 2 bytes, Stack size 0 bytes, stm32f4xx_it.o(i.BusFault_Handler))
<BR><BR>[Calls]<UL><LI><a href="#[1c]">&gt;&gt;</a>&nbsp;&nbsp;&nbsp;BusFault_Handler
</UL>
<BR>[Called By]<UL><LI><a href="#[1c]">&gt;&gt;</a>&nbsp;&nbsp;&nbsp;BusFault_Handler
</UL>
<BR>[Address Reference Count : 1]<UL><LI> startup_stm32f469xx.o(RESET)
</UL>
<P><STRONG><a name="[141]"></a>DSI_IO_WriteCmd</STRONG> (Thumb, 44 bytes, Stack size 16 bytes, lcdconf_stm32469i_discovery.o(i.DSI_IO_WriteCmd))
<BR><BR>[Stack]<UL><LI>Max Depth = 80<LI>Call Chain = DSI_IO_WriteCmd &rArr; HAL_DSI_LongWrite &rArr; DSI_ConfigPacketHeader
</UL>
<BR>[Calls]<UL><LI><a href="#[142]">&gt;&gt;</a>&nbsp;&nbsp;&nbsp;HAL_DSI_ShortWrite
<LI><a href="#[143]">&gt;&gt;</a>&nbsp;&nbsp;&nbsp;HAL_DSI_LongWrite
</UL>
<BR>[Called By]<UL><LI><a href="#[275]">&gt;&gt;</a>&nbsp;&nbsp;&nbsp;OTM8009A_Init
</UL>

<P><STRONG><a name="[7d]"></a>DSI_IRQHandler</STRONG> (Thumb, 6 bytes, Stack size 0 bytes, lcdconf_stm32469i_discovery.o(i.DSI_IRQHandler))
<BR><BR>[Stack]<UL><LI>Max Depth = 104<LI>Call Chain = DSI_IRQHandler &rArr; HAL_DSI_IRQHandler &rArr; HAL_DSI_EndOfRefreshCallback &rArr; LCD_SetUpdateRegion &rArr; HAL_DSI_LongWrite &rArr; DSI_ConfigPacketHeader
</UL>
<BR>[Calls]<UL><LI><a href="#[144]">&gt;&gt;</a>&nbsp;&nbsp;&nbsp;HAL_DSI_IRQHandler
</UL>
<BR>[Address Reference Count : 1]<UL><LI> startup_stm32f469xx.o(RESET)
</UL>
<P><STRONG><a name="[1f]"></a>DebugMon_Handler</STRONG> (Thumb, 2 bytes, Stack size 0 bytes, stm32f4xx_it.o(i.DebugMon_Handler))
<BR>[Address Reference Count : 1]<UL><LI> startup_stm32f469xx.o(RESET)
</UL>
<P><STRONG><a name="[145]"></a>FMC_SDRAM_Init</STRONG> (Thumb, 354 bytes, Stack size 16 bytes, stm32f4xx_ll_fmc.o(i.FMC_SDRAM_Init))
<BR><BR>[Stack]<UL><LI>Max Depth = 16<LI>Call Chain = FMC_SDRAM_Init
</UL>
<BR>[Calls]<UL><LI><a href="#[146]">&gt;&gt;</a>&nbsp;&nbsp;&nbsp;assert_failed
</UL>
<BR>[Called By]<UL><LI><a href="#[117]">&gt;&gt;</a>&nbsp;&nbsp;&nbsp;HAL_SDRAM_Init
</UL>

<P><STRONG><a name="[147]"></a>FMC_SDRAM_ProgramRefreshRate</STRONG> (Thumb, 50 bytes, Stack size 16 bytes, stm32f4xx_ll_fmc.o(i.FMC_SDRAM_ProgramRefreshRate))
<BR><BR>[Stack]<UL><LI>Max Depth = 16<LI>Call Chain = FMC_SDRAM_ProgramRefreshRate
</UL>
<BR>[Calls]<UL><LI><a href="#[146]">&gt;&gt;</a>&nbsp;&nbsp;&nbsp;assert_failed
</UL>
<BR>[Called By]<UL><LI><a href="#[11b]">&gt;&gt;</a>&nbsp;&nbsp;&nbsp;HAL_SDRAM_ProgramRefreshRate
</UL>

<P><STRONG><a name="[148]"></a>FMC_SDRAM_SendCommand</STRONG> (Thumb, 192 bytes, Stack size 24 bytes, stm32f4xx_ll_fmc.o(i.FMC_SDRAM_SendCommand))
<BR><BR>[Stack]<UL><LI>Max Depth = 24<LI>Call Chain = FMC_SDRAM_SendCommand
</UL>
<BR>[Calls]<UL><LI><a href="#[146]">&gt;&gt;</a>&nbsp;&nbsp;&nbsp;assert_failed
<LI><a href="#[149]">&gt;&gt;</a>&nbsp;&nbsp;&nbsp;HAL_GetTick
</UL>
<BR>[Called By]<UL><LI><a href="#[119]">&gt;&gt;</a>&nbsp;&nbsp;&nbsp;HAL_SDRAM_SendCommand
</UL>

<P><STRONG><a name="[14a]"></a>FMC_SDRAM_Timing_Init</STRONG> (Thumb, 332 bytes, Stack size 40 bytes, stm32f4xx_ll_fmc.o(i.FMC_SDRAM_Timing_Init))
<BR><BR>[Stack]<UL><LI>Max Depth = 40<LI>Call Chain = FMC_SDRAM_Timing_Init
</UL>
<BR>[Calls]<UL><LI><a href="#[146]">&gt;&gt;</a>&nbsp;&nbsp;&nbsp;assert_failed
</UL>
<BR>[Called By]<UL><LI><a href="#[117]">&gt;&gt;</a>&nbsp;&nbsp;&nbsp;HAL_SDRAM_Init
</UL>

<P><STRONG><a name="[82]"></a>FRAMEWIN_Callback</STRONG> (Thumb, 440 bytes, Stack size 88 bytes, framewin.o(i.FRAMEWIN_Callback))
<BR><BR>[Stack]<UL><LI>Max Depth = 352<LI>Call Chain = FRAMEWIN_Callback &rArr; WIDGET_HandleActive &rArr; WM__UpdateChildPositions &rArr; WM_ResizeWindow &rArr;  WM__UpdateChildPositions (Cycle)
</UL>
<BR>[Calls]<UL><LI><a href="#[126]">&gt;&gt;</a>&nbsp;&nbsp;&nbsp;WM_DefaultProc
<LI><a href="#[14d]">&gt;&gt;</a>&nbsp;&nbsp;&nbsp;WM__SendMessage
<LI><a href="#[150]">&gt;&gt;</a>&nbsp;&nbsp;&nbsp;WM_SetFocus
<LI><a href="#[14f]">&gt;&gt;</a>&nbsp;&nbsp;&nbsp;WM_IsWindow
<LI><a href="#[151]">&gt;&gt;</a>&nbsp;&nbsp;&nbsp;WM_HasFocus
<LI><a href="#[14c]">&gt;&gt;</a>&nbsp;&nbsp;&nbsp;FRAMEWIN__CalcPositions
<LI><a href="#[14e]">&gt;&gt;</a>&nbsp;&nbsp;&nbsp;FRAMEWIN_SetActive
<LI><a href="#[14b]">&gt;&gt;</a>&nbsp;&nbsp;&nbsp;_OnTouch
<LI><a href="#[153]">&gt;&gt;</a>&nbsp;&nbsp;&nbsp;_OnChildHasFocus
<LI><a href="#[152]">&gt;&gt;</a>&nbsp;&nbsp;&nbsp;WM_SetFocusOnNextChild
<LI><a href="#[13a]">&gt;&gt;</a>&nbsp;&nbsp;&nbsp;WIDGET_OrState
<LI><a href="#[11e]">&gt;&gt;</a>&nbsp;&nbsp;&nbsp;WIDGET_HandleActive
<LI><a href="#[120]">&gt;&gt;</a>&nbsp;&nbsp;&nbsp;GUI_ALLOC_UnlockH
<LI><a href="#[11f]">&gt;&gt;</a>&nbsp;&nbsp;&nbsp;GUI_ALLOC_LockH
<LI><a href="#[121]">&gt;&gt;</a>&nbsp;&nbsp;&nbsp;GUI_ALLOC_FreePtr
</UL>
<BR>[Address Reference Count : 1]<UL><LI> framewin.o(i.FRAMEWIN_CreateUser)
</UL>
<P><STRONG><a name="[b8]"></a>FRAMEWIN_CreateIndirect</STRONG> (Thumb, 64 bytes, Stack size 48 bytes, framewin_createindirect.o(i.FRAMEWIN_CreateIndirect))
<BR><BR>[Stack]<UL><LI>Max Depth = 352<LI>Call Chain = FRAMEWIN_CreateIndirect &rArr; FRAMEWIN_CreateUser &rArr; WM_CreateWindowAsChild &rArr; WM_BringToBottom &rArr; WM__InvalidateRectEx &rArr; WM__InvalidateRect &rArr;  WM__InvalidateRect (Cycle)
</UL>
<BR>[Calls]<UL><LI><a href="#[154]">&gt;&gt;</a>&nbsp;&nbsp;&nbsp;FRAMEWIN_CreateUser
</UL>
<BR>[Address Reference Count : 1]<UL><LI> armflydlg.o(.constdata)
</UL>
<P><STRONG><a name="[154]"></a>FRAMEWIN_CreateUser</STRONG> (Thumb, 214 bytes, Stack size 72 bytes, framewin.o(i.FRAMEWIN_CreateUser))
<BR><BR>[Stack]<UL><LI>Max Depth = 304<LI>Call Chain = FRAMEWIN_CreateUser &rArr; WM_CreateWindowAsChild &rArr; WM_BringToBottom &rArr; WM__InvalidateRectEx &rArr; WM__InvalidateRect &rArr;  WM__InvalidateRect (Cycle)
</UL>
<BR>[Calls]<UL><LI><a href="#[12b]">&gt;&gt;</a>&nbsp;&nbsp;&nbsp;__aeabi_memcpy4
<LI><a href="#[156]">&gt;&gt;</a>&nbsp;&nbsp;&nbsp;FRAMEWIN_SetText
<LI><a href="#[155]">&gt;&gt;</a>&nbsp;&nbsp;&nbsp;WM_DisableMemdev
<LI><a href="#[14c]">&gt;&gt;</a>&nbsp;&nbsp;&nbsp;FRAMEWIN__CalcPositions
<LI><a href="#[129]">&gt;&gt;</a>&nbsp;&nbsp;&nbsp;WM_CreateWindowAsChild
<LI><a href="#[12a]">&gt;&gt;</a>&nbsp;&nbsp;&nbsp;WIDGET__Init
<LI><a href="#[120]">&gt;&gt;</a>&nbsp;&nbsp;&nbsp;GUI_ALLOC_UnlockH
<LI><a href="#[11f]">&gt;&gt;</a>&nbsp;&nbsp;&nbsp;GUI_ALLOC_LockH
</UL>
<BR>[Called By]<UL><LI><a href="#[b8]">&gt;&gt;</a>&nbsp;&nbsp;&nbsp;FRAMEWIN_CreateIndirect
</UL>

<P><STRONG><a name="[4]"></a>FRAMEWIN_DrawSkinFlex</STRONG> (Thumb, 888 bytes, Stack size 104 bytes, framewin_skinflex.o(i.FRAMEWIN_DrawSkinFlex))
<BR><BR>[Stack]<UL><LI>Max Depth = 304<LI>Call Chain = FRAMEWIN_DrawSkinFlex &rArr; GUI_DrawGradientV &rArr; WM__InitIVRSearch &rArr; WM__GetNextIVR &rArr; WM__ActivateClipRect &rArr; _SetClipRectUserIntersect &rArr; LCD_SetClipRectEx &rArr; GUI__IntersectRects
</UL>
<BR>[Calls]<UL><LI><a href="#[134]">&gt;&gt;</a>&nbsp;&nbsp;&nbsp;GUI_SetFont
<LI><a href="#[137]">&gt;&gt;</a>&nbsp;&nbsp;&nbsp;GUI_SetTextMode
<LI><a href="#[12d]">&gt;&gt;</a>&nbsp;&nbsp;&nbsp;GUI_SetColor
<LI><a href="#[158]">&gt;&gt;</a>&nbsp;&nbsp;&nbsp;GUI__DrawTwinArc2
<LI><a href="#[15a]">&gt;&gt;</a>&nbsp;&nbsp;&nbsp;GUI_FillRectEx
<LI><a href="#[159]">&gt;&gt;</a>&nbsp;&nbsp;&nbsp;GUI_DrawPixel
<LI><a href="#[157]">&gt;&gt;</a>&nbsp;&nbsp;&nbsp;FRAMEWIN_GetActive
<LI><a href="#[139]">&gt;&gt;</a>&nbsp;&nbsp;&nbsp;WM_SetHasTrans
<LI><a href="#[130]">&gt;&gt;</a>&nbsp;&nbsp;&nbsp;GUI_FillRect
<LI><a href="#[12f]">&gt;&gt;</a>&nbsp;&nbsp;&nbsp;GUI_DrawVLine
<LI><a href="#[12e]">&gt;&gt;</a>&nbsp;&nbsp;&nbsp;GUI_DrawHLine
<LI><a href="#[98]">&gt;&gt;</a>&nbsp;&nbsp;&nbsp;GUI_DrawGradientV
<LI><a href="#[138]">&gt;&gt;</a>&nbsp;&nbsp;&nbsp;GUI_DispStringInRect
<LI><a href="#[120]">&gt;&gt;</a>&nbsp;&nbsp;&nbsp;GUI_ALLOC_UnlockH
<LI><a href="#[11f]">&gt;&gt;</a>&nbsp;&nbsp;&nbsp;GUI_ALLOC_LockH
</UL>
<BR>[Address Reference Count : 2]<UL><LI> framewin.o(.data)
<LI> framewin_skin.o(.data)
</UL>
<P><STRONG><a name="[157]"></a>FRAMEWIN_GetActive</STRONG> (Thumb, 32 bytes, Stack size 16 bytes, framewin_get.o(i.FRAMEWIN_GetActive))
<BR><BR>[Stack]<UL><LI>Max Depth = 16<LI>Call Chain = FRAMEWIN_GetActive
</UL>
<BR>[Calls]<UL><LI><a href="#[120]">&gt;&gt;</a>&nbsp;&nbsp;&nbsp;GUI_ALLOC_UnlockH
<LI><a href="#[11f]">&gt;&gt;</a>&nbsp;&nbsp;&nbsp;GUI_ALLOC_LockH
</UL>
<BR>[Called By]<UL><LI><a href="#[4]">&gt;&gt;</a>&nbsp;&nbsp;&nbsp;FRAMEWIN_DrawSkinFlex
</UL>

<P><STRONG><a name="[14e]"></a>FRAMEWIN_SetActive</STRONG> (Thumb, 10 bytes, Stack size 0 bytes, framewin.o(i.FRAMEWIN_SetActive))
<BR><BR>[Stack]<UL><LI>Max Depth = 176<LI>Call Chain = FRAMEWIN_SetActive &rArr; _SetActive &rArr; WM_InvalidateWindow &rArr; WM_InvalidateRect &rArr; WM__InvalidateRectEx &rArr; WM__InvalidateRect &rArr;  WM__InvalidateRect (Cycle)
</UL>
<BR>[Calls]<UL><LI><a href="#[15b]">&gt;&gt;</a>&nbsp;&nbsp;&nbsp;_SetActive
</UL>
<BR>[Called By]<UL><LI><a href="#[82]">&gt;&gt;</a>&nbsp;&nbsp;&nbsp;FRAMEWIN_Callback
</UL>

<P><STRONG><a name="[156]"></a>FRAMEWIN_SetText</STRONG> (Thumb, 62 bytes, Stack size 24 bytes, framewin.o(i.FRAMEWIN_SetText))
<BR><BR>[Stack]<UL><LI>Max Depth = 184<LI>Call Chain = FRAMEWIN_SetText &rArr; WM_InvalidateWindow &rArr; WM_InvalidateRect &rArr; WM__InvalidateRectEx &rArr; WM__InvalidateRect &rArr;  WM__InvalidateRect (Cycle)
</UL>
<BR>[Calls]<UL><LI><a href="#[13d]">&gt;&gt;</a>&nbsp;&nbsp;&nbsp;WM_InvalidateWindow
<LI><a href="#[13c]">&gt;&gt;</a>&nbsp;&nbsp;&nbsp;GUI__SetText
<LI><a href="#[120]">&gt;&gt;</a>&nbsp;&nbsp;&nbsp;GUI_ALLOC_UnlockH
<LI><a href="#[11f]">&gt;&gt;</a>&nbsp;&nbsp;&nbsp;GUI_ALLOC_LockH
</UL>
<BR>[Called By]<UL><LI><a href="#[154]">&gt;&gt;</a>&nbsp;&nbsp;&nbsp;FRAMEWIN_CreateUser
</UL>

<P><STRONG><a name="[14c]"></a>FRAMEWIN__CalcPositions</STRONG> (Thumb, 206 bytes, Stack size 64 bytes, framewin.o(i.FRAMEWIN__CalcPositions))
<BR><BR>[Stack]<UL><LI>Max Depth = 104<LI>Call Chain = FRAMEWIN__CalcPositions &rArr; FRAMEWIN__GetTitleLimits &rArr; WM_GetNextSibling
</UL>
<BR>[Calls]<UL><LI><a href="#[15d]">&gt;&gt;</a>&nbsp;&nbsp;&nbsp;WM__GetWindowSizeY
<LI><a href="#[15c]">&gt;&gt;</a>&nbsp;&nbsp;&nbsp;WM__GetWindowSizeX
<LI><a href="#[15f]">&gt;&gt;</a>&nbsp;&nbsp;&nbsp;WM_GetWindowSizeY
<LI><a href="#[160]">&gt;&gt;</a>&nbsp;&nbsp;&nbsp;FRAMEWIN__GetTitleLimits
<LI><a href="#[15e]">&gt;&gt;</a>&nbsp;&nbsp;&nbsp;FRAMEWIN__CalcTitleHeight
<LI><a href="#[120]">&gt;&gt;</a>&nbsp;&nbsp;&nbsp;GUI_ALLOC_UnlockH
<LI><a href="#[11f]">&gt;&gt;</a>&nbsp;&nbsp;&nbsp;GUI_ALLOC_LockH
</UL>
<BR>[Called By]<UL><LI><a href="#[154]">&gt;&gt;</a>&nbsp;&nbsp;&nbsp;FRAMEWIN_CreateUser
<LI><a href="#[82]">&gt;&gt;</a>&nbsp;&nbsp;&nbsp;FRAMEWIN_Callback
</UL>

<P><STRONG><a name="[15e]"></a>FRAMEWIN__CalcTitleHeight</STRONG> (Thumb, 32 bytes, Stack size 8 bytes, framewin.o(i.FRAMEWIN__CalcTitleHeight))
<BR><BR>[Stack]<UL><LI>Max Depth = 8<LI>Call Chain = FRAMEWIN__CalcTitleHeight
</UL>
<BR>[Calls]<UL><LI><a href="#[161]">&gt;&gt;</a>&nbsp;&nbsp;&nbsp;GUI_GetYSizeOfFont
</UL>
<BR>[Called By]<UL><LI><a href="#[14c]">&gt;&gt;</a>&nbsp;&nbsp;&nbsp;FRAMEWIN__CalcPositions
<LI><a href="#[a]">&gt;&gt;</a>&nbsp;&nbsp;&nbsp;_Paint
</UL>

<P><STRONG><a name="[3]"></a>FRAMEWIN__GetBorderSize</STRONG> (Thumb, 68 bytes, Stack size 56 bytes, framewin.o(i.FRAMEWIN__GetBorderSize))
<BR><BR>[Stack]<UL><LI>Max Depth = 56<LI>Call Chain = FRAMEWIN__GetBorderSize
</UL>
<BR>[Calls]<UL><LI><a href="#[120]">&gt;&gt;</a>&nbsp;&nbsp;&nbsp;GUI_ALLOC_UnlockH
<LI><a href="#[11f]">&gt;&gt;</a>&nbsp;&nbsp;&nbsp;GUI_ALLOC_LockH
</UL>
<BR>[Address Reference Count : 1]<UL><LI> framewin.o(.data)
</UL>
<P><STRONG><a name="[160]"></a>FRAMEWIN__GetTitleLimits</STRONG> (Thumb, 134 bytes, Stack size 32 bytes, framewin.o(i.FRAMEWIN__GetTitleLimits))
<BR><BR>[Stack]<UL><LI>Max Depth = 40<LI>Call Chain = FRAMEWIN__GetTitleLimits &rArr; WM_GetNextSibling
</UL>
<BR>[Calls]<UL><LI><a href="#[163]">&gt;&gt;</a>&nbsp;&nbsp;&nbsp;WM_GetNextSibling
<LI><a href="#[162]">&gt;&gt;</a>&nbsp;&nbsp;&nbsp;WM_GetFirstChild
<LI><a href="#[120]">&gt;&gt;</a>&nbsp;&nbsp;&nbsp;GUI_ALLOC_UnlockH
<LI><a href="#[11f]">&gt;&gt;</a>&nbsp;&nbsp;&nbsp;GUI_ALLOC_LockH
</UL>
<BR>[Called By]<UL><LI><a href="#[14c]">&gt;&gt;</a>&nbsp;&nbsp;&nbsp;FRAMEWIN__CalcPositions
<LI><a href="#[a]">&gt;&gt;</a>&nbsp;&nbsp;&nbsp;_Paint
</UL>

<P><STRONG><a name="[168]"></a>GL_DrawBitmap</STRONG> (Thumb, 146 bytes, Stack size 56 bytes, gui_drawbitmap.o(i.GL_DrawBitmap))
<BR><BR>[Stack]<UL><LI>Max Depth = 160<LI>Call Chain = GL_DrawBitmap &rArr; LCD_DrawBitmap &rArr; LCD_FillRect
</UL>
<BR>[Calls]<UL><LI><a href="#[16a]">&gt;&gt;</a>&nbsp;&nbsp;&nbsp;LCD_DrawBitmap
[...]
</UL>
<P><STRONG><a name="[2fa]"></a>_Convert16</STRONG> (Thumb, 62 bytes, Stack size 40 bytes, guidev_writetoactiveopaque.o(i._Convert16))
<BR><BR>[Stack]<UL><LI>Max Depth = 48<LI>Call Chain = _Convert16 &rArr; GUI__CompactPixelIndices
</UL>
<BR>[Calls]<UL><LI><a href="#[2fb]">&gt;&gt;</a>&nbsp;&nbsp;&nbsp;GUI__CompactPixelIndices
</UL>
<BR>[Called By]<UL><LI><a href="#[1eb]">&gt;&gt;</a>&nbsp;&nbsp;&nbsp;_WriteToActiveOpaque_8
</UL>

<P><STRONG><a name="[2fc]"></a>_Convert8</STRONG> (Thumb, 62 bytes, Stack size 40 bytes, guidev_writetoactiveopaque.o(i._Convert8))
<BR><BR>[Stack]<UL><LI>Max Depth = 48<LI>Call Chain = _Convert8 &rArr; GUI__CompactPixelIndices
</UL>
<BR>[Calls]<UL><LI><a href="#[2fb]">&gt;&gt;</a>&nbsp;&nbsp;&nbsp;GUI__CompactPixelIndices
</UL>
<BR>[Called By]<UL><LI><a href="#[1eb]">&gt;&gt;</a>&nbsp;&nbsp;&nbsp;_WriteToActiveOpaque_8
</UL>

<P><STRONG><a name="[1eb]"></a>_WriteToActiveOpaque_8</STRONG> (Thumb, 824 bytes, Stack size 168 bytes, guidev_writetoactiveopaque.o(i._WriteToActiveOpaque_8))
<BR><BR>[Stack]<UL><LI>Max Depth = 288<LI>Call Chain = _WriteToActiveOpaque_8 &rArr; LCD__DrawBitmap_1bpp &rArr; LCD_FillRect
</UL>
<BR>[Calls]<UL><LI><a href="#[1df]">&gt;&gt;</a>&nbsp;&nbsp;&nbsp;GUI_MEMDEV_GetDataPtr
<LI><a href="#[20f]">&gt;&gt;</a>&nbsp;&nbsp;&nbsp;GUI_GetpfIndex2ColorEx
<LI><a href="#[213]">&gt;&gt;</a>&nbsp;&nbsp;&nbsp;GUI_GetpfColor2IndexEx
<LI><a href="#[20e]">&gt;&gt;</a>&nbsp;&nbsp;&nbsp;GUI_GetBitsPerPixelEx
<LI><a href="#[280]">&gt;&gt;</a>&nbsp;&nbsp;&nbsp;LCD__DrawBitmap_1bpp
<LI><a href="#[16a]">&gt;&gt;</a>&nbsp;&nbsp;&nbsp;LCD_DrawBitmap
<LI><a href="#[120]">&gt;&gt;</a>&nbsp;&nbsp;&nbsp;GUI_ALLOC_UnlockH
<LI><a href="#[11f]">&gt;&gt;</a>&nbsp;&nbsp;&nbsp;GUI_ALLOC_LockH
<LI><a href="#[186]">&gt;&gt;</a>&nbsp;&nbsp;&nbsp;GUI_ALLOC_Free
<LI><a href="#[182]">&gt;&gt;</a>&nbsp;&nbsp;&nbsp;GUI_ALLOC_AllocNoInit
<LI><a href="#[2fc]">&gt;&gt;</a>&nbsp;&nbsp;&nbsp;_Convert8
<LI><a href="#[2fa]">&gt;&gt;</a>&nbsp;&nbsp;&nbsp;_Convert16
</UL>
<BR>[Called By]<UL><LI><a href="#[b3]">&gt;&gt;</a>&nbsp;&nbsp;&nbsp;GUI_MEMDEV__WriteToActiveOpaque
</UL>

<P><STRONG><a name="[1ec]"></a>_WriteToActiveOpaque_HT</STRONG> (Thumb, 826 bytes, Stack size 144 bytes, guidev_writetoactiveopaque.o(i._WriteToActiveOpaque_HT))
<BR><BR>[Stack]<UL><LI>Max Depth = 256<LI>Call Chain = _WriteToActiveOpaque_HT &rArr; GUI_ALLOC_AllocNoInit &rArr; _Alloc &rArr; _InitOnce &rArr; _EnlargeBlocks &rArr;  _Alloc (Cycle)
</UL>
<BR>[Calls]<UL><LI><a href="#[20e]">&gt;&gt;</a>&nbsp;&nbsp;&nbsp;GUI_GetBitsPerPixelEx
<LI><a href="#[16a]">&gt;&gt;</a>&nbsp;&nbsp;&nbsp;LCD_DrawBitmap
<LI><a href="#[120]">&gt;&gt;</a>&nbsp;&nbsp;&nbsp;GUI_ALLOC_UnlockH
<LI><a href="#[11f]">&gt;&gt;</a>&nbsp;&nbsp;&nbsp;GUI_ALLOC_LockH
<LI><a href="#[186]">&gt;&gt;</a>&nbsp;&nbsp;&nbsp;GUI_ALLOC_Free
<LI><a href="#[182]">&gt;&gt;</a>&nbsp;&nbsp;&nbsp;GUI_ALLOC_AllocNoInit
</UL>
<BR>[Called By]<UL><LI><a href="#[b3]">&gt;&gt;</a>&nbsp;&nbsp;&nbsp;GUI_MEMDEV__WriteToActiveOpaque
</UL>

<P><STRONG><a name="[a0]"></a>_CalcPositions</STRONG> (Thumb, 334 bytes, Stack size 96 bytes, scrollbar_skin.o(i._CalcPositions))
<BR><BR>[Stack]<UL><LI>Max Depth = 160<LI>Call Chain = _CalcPositions &rArr; WM_GetScrollbarV &rArr; _GetDialogItem &rArr;  _GetDialogItem (Cycle)
</UL>
<BR>[Calls]<UL><LI><a href="#[136]">&gt;&gt;</a>&nbsp;&nbsp;&nbsp;GUI_MoveRect
<LI><a href="#[2f8]">&gt;&gt;</a>&nbsp;&nbsp;&nbsp;GUI__DivideRound32
<LI><a href="#[2f7]">&gt;&gt;</a>&nbsp;&nbsp;&nbsp;SCROLLBAR__Rect2VRect
<LI><a href="#[2c5]">&gt;&gt;</a>&nbsp;&nbsp;&nbsp;WM_GetWindowRectEx
<LI><a href="#[120]">&gt;&gt;</a>&nbsp;&nbsp;&nbsp;GUI_ALLOC_UnlockH
<LI><a href="#[11f]">&gt;&gt;</a>&nbsp;&nbsp;&nbsp;GUI_ALLOC_LockH
<LI><a href="#[2c3]">&gt;&gt;</a>&nbsp;&nbsp;&nbsp;WM_GetScrollbarV
<LI><a href="#[2c1]">&gt;&gt;</a>&nbsp;&nbsp;&nbsp;WM_GetScrollbarH
</UL>
<BR>[Called By]<UL><LI><a href="#[14]">&gt;&gt;</a>&nbsp;&nbsp;&nbsp;_Paint
</UL>
<BR>[Address Reference Count : 1]<UL><LI> scrollbar_skin.o(i._Create)
</UL>
<P><STRONG><a name="[15]"></a>_Create</STRONG> (Thumb, 52 bytes, Stack size 64 bytes, scrollbar_skin.o(i._Create))
<BR><BR>[Stack]<UL><LI>Max Depth = 64<LI>Call Chain = _Create
</UL>
<BR>[Calls]<UL><LI><a href="#[120]">&gt;&gt;</a>&nbsp;&nbsp;&nbsp;GUI_ALLOC_UnlockH
<LI><a href="#[11f]">&gt;&gt;</a>&nbsp;&nbsp;&nbsp;GUI_ALLOC_LockH
</UL>
<BR>[Address Reference Count : 1]<UL><LI> scrollbar_skin.o(.data)
</UL>
<P><STRONG><a name="[14]"></a>_Paint</STRONG> (Thumb, 186 bytes, Stack size 120 bytes, scrollbar_skin.o(i._Paint))
<BR><BR>[Stack]<UL><LI>Max Depth = 280<LI>Call Chain = _Paint &rArr; _CalcPositions &rArr; WM_GetScrollbarV &rArr; _GetDialogItem &rArr;  _GetDialogItem (Cycle)
</UL>
<BR>[Calls]<UL><LI><a href="#[2a3]">&gt;&gt;</a>&nbsp;&nbsp;&nbsp;WIDGET__GetClientRect
<LI><a href="#[120]">&gt;&gt;</a>&nbsp;&nbsp;&nbsp;GUI_ALLOC_UnlockH
<LI><a href="#[11f]">&gt;&gt;</a>&nbsp;&nbsp;&nbsp;GUI_ALLOC_LockH
<LI><a href="#[a0]">&gt;&gt;</a>&nbsp;&nbsp;&nbsp;_CalcPositions
</UL>
<BR>[Address Reference Count : 1]<UL><LI> scrollbar_skin.o(.data)
</UL>
<P><STRONG><a name="[97]"></a>_DrawBackgroundH</STRONG> (Thumb, 92 bytes, Stack size 24 bytes, scrollbar_skinflex.o(i._DrawBackgroundH))
<BR><BR>[Stack]<UL><LI>Max Depth = 224<LI>Call Chain = _DrawBackgroundH &rArr; GUI_DrawGradientV &rArr; WM__InitIVRSearch &rArr; WM__GetNextIVR &rArr; WM__ActivateClipRect &rArr; _SetClipRectUserIntersect &rArr; LCD_SetClipRectEx &rArr; GUI__IntersectRects
</UL>
<BR>[Calls]<UL><LI><a href="#[98]">&gt;&gt;</a>&nbsp;&nbsp;&nbsp;GUI_DrawGradientV
<LI><a href="#[300]">&gt;&gt;</a>&nbsp;&nbsp;&nbsp;_DrawFrame
</UL>
<BR>[Address Reference Count : 1]<UL><LI> scrollbar_skinflex.o(i.SCROLLBAR_DrawSkinFlex)
</UL>
<P><STRONG><a name="[94]"></a>_DrawBackgroundV</STRONG> (Thumb, 92 bytes, Stack size 24 bytes, scrollbar_skinflex.o(i._DrawBackgroundV))
<BR><BR>[Stack]<UL><LI>Max Depth = 224<LI>Call Chain = _DrawBackgroundV &rArr; GUI_DrawGradientH &rArr; WM__InitIVRSearch &rArr; WM__GetNextIVR &rArr; WM__ActivateClipRect &rArr; _SetClipRectUserIntersect &rArr; LCD_SetClipRectEx &rArr; GUI__IntersectRects
</UL>
<BR>[Calls]<UL><LI><a href="#[300]">&gt;&gt;</a>&nbsp;&nbsp;&nbsp;_DrawFrame
<LI><a href="#[95]">&gt;&gt;</a>&nbsp;&nbsp;&nbsp;GUI_DrawGradientH
</UL>
<BR>[Address Reference Count : 1]<UL><LI> scrollbar_skinflex.o(i.SCROLLBAR_DrawSkinFlex)
</UL>
<P><STRONG><a name="[300]"></a>_DrawFrame</STRONG> (Thumb, 244 bytes, Stack size 16 bytes, scrollbar_skinflex.o(i._DrawFrame))
<BR><BR>[Stack]<UL><LI>Max Depth = 184<LI>Call Chain = _DrawFrame &rArr; GUI_DrawHLine &rArr; WM__InitIVRSearch &rArr; WM__GetNextIVR &rArr; WM__ActivateClipRect &rArr; _SetClipRectUserIntersect &rArr; LCD_SetClipRectEx &rArr; GUI__IntersectRects
</UL>
<BR>[Calls]<UL><LI><a href="#[12d]">&gt;&gt;</a>&nbsp;&nbsp;&nbsp;GUI_SetColor
<LI><a href="#[159]">&gt;&gt;</a>&nbsp;&nbsp;&nbsp;GUI_DrawPixel
<LI><a href="#[12f]">&gt;&gt;</a>&nbsp;&nbsp;&nbsp;GUI_DrawVLine
<LI><a href="#[12e]">&gt;&gt;</a>&nbsp;&nbsp;&nbsp;GUI_DrawHLine
</UL>
<BR>[Called By]<UL><LI><a href="#[94]">&gt;&gt;</a>&nbsp;&nbsp;&nbsp;_DrawBackgroundV
<LI><a href="#[97]">&gt;&gt;</a>&nbsp;&nbsp;&nbsp;_DrawBackgroundH
</UL>

<P><STRONG><a name="[99]"></a>_DrawGraspH</STRONG> (Thumb, 92 bytes, Stack size 16 bytes, scrollbar_skinflex.o(i._DrawGraspH))
<BR><BR>[Stack]<UL><LI>Max Depth = 176<LI>Call Chain = _DrawGraspH &rArr; GUI_DrawVLine &rArr; WM__InitIVRSearch &rArr; WM__GetNextIVR &rArr; WM__ActivateClipRect &rArr; _SetClipRectUserIntersect &rArr; LCD_SetClipRectEx &rArr; GUI__IntersectRects
</UL>
<BR>[Calls]<UL><LI><a href="#[12d]">&gt;&gt;</a>&nbsp;&nbsp;&nbsp;GUI_SetColor
<LI><a href="#[12f]">&gt;&gt;</a>&nbsp;&nbsp;&nbsp;GUI_DrawVLine
</UL>
<BR>[Address Reference Count : 1]<UL><LI> scrollbar_skinflex.o(i.SCROLLBAR_DrawSkinFlex)
</UL>
<P><STRONG><a name="[96]"></a>_DrawGraspV</STRONG> (Thumb, 92 bytes, Stack size 16 bytes, scrollbar_skinflex.o(i._DrawGraspV))
<BR><BR>[Stack]<UL><LI>Max Depth = 184<LI>Call Chain = _DrawGraspV &rArr; GUI_DrawHLine &rArr; WM__InitIVRSearch &rArr; WM__GetNextIVR &rArr; WM__ActivateClipRect &rArr; _SetClipRectUserIntersect &rArr; LCD_SetClipRectEx &rArr; GUI__IntersectRects
</UL>
<BR>[Calls]<UL><LI><a href="#[12d]">&gt;&gt;</a>&nbsp;&nbsp;&nbsp;GUI_SetColor
<LI><a href="#[12e]">&gt;&gt;</a>&nbsp;&nbsp;&nbsp;GUI_DrawHLine
</UL>
<BR>[Address Reference Count : 1]<UL><LI> scrollbar_skinflex.o(i.SCROLLBAR_DrawSkinFlex)
</UL>
<P><STRONG><a name="[28f]"></a>_GetArrowPara</STRONG> (Thumb, 48 bytes, Stack size 8 bytes, scrollbar_skinflex.o(i._GetArrowPara))
<BR><BR>[Stack]<UL><LI>Max Depth = 8<LI>Call Chain = _GetArrowPara
</UL>
<BR>[Called By]<UL><LI><a href="#[c]">&gt;&gt;</a>&nbsp;&nbsp;&nbsp;SCROLLBAR_DrawSkinFlex
</UL>

<P><STRONG><a name="[31d]"></a>_CopyItemInfo2Rect</STRONG> (Thumb, 18 bytes, Stack size 0 bytes, slider_skin.o(i._CopyItemInfo2Rect))
<BR><BR>[Called By]<UL><LI><a href="#[16]">&gt;&gt;</a>&nbsp;&nbsp;&nbsp;_Paint
</UL>

<P><STRONG><a name="[17]"></a>_Create</STRONG> (Thumb, 36 bytes, Stack size 56 bytes, slider_skin.o(i._Create))
<BR><BR>[Stack]<UL><LI>Max Depth = 56<LI>Call Chain = _Create
</UL>
<BR>[Calls]<UL><LI><a href="#[120]">&gt;&gt;</a>&nbsp;&nbsp;&nbsp;GUI_ALLOC_UnlockH
<LI><a href="#[11f]">&gt;&gt;</a>&nbsp;&nbsp;&nbsp;GUI_ALLOC_LockH
</UL>
<BR>[Address Reference Count : 1]<UL><LI> slider_skin.o(.data)
</UL>
<P><STRONG><a name="[16]"></a>_Paint</STRONG> (Thumb, 422 bytes, Stack size 128 bytes, slider_skin.o(i._Paint))
<BR><BR>[Stack]<UL><LI>Max Depth = 216<LI>Call Chain = _Paint &rArr; WM_SetUserClipRect &rArr; WM__ActivateClipRect &rArr; _SetClipRectUserIntersect &rArr; LCD_SetClipRectEx &rArr; GUI__IntersectRects
</UL>
<BR>[Calls]<UL><LI><a href="#[2bc]">&gt;&gt;</a>&nbsp;&nbsp;&nbsp;WM_GetClientRectEx
<LI><a href="#[120]">&gt;&gt;</a>&nbsp;&nbsp;&nbsp;GUI_ALLOC_UnlockH
<LI><a href="#[11f]">&gt;&gt;</a>&nbsp;&nbsp;&nbsp;GUI_ALLOC_LockH
<LI><a href="#[31d]">&gt;&gt;</a>&nbsp;&nbsp;&nbsp;_CopyItemInfo2Rect
<LI><a href="#[1a6]">&gt;&gt;</a>&nbsp;&nbsp;&nbsp;WM_SetUserClipRect
</UL>
<BR>[Address Reference Count : 1]<UL><LI> slider_skin.o(.data)
</UL>
<P><STRONG><a name="[298]"></a>_DrawShaftH</STRONG> (Thumb, 122 bytes, Stack size 24 bytes, slider_skinflex.o(i._DrawShaftH))
<BR><BR>[Stack]<UL><LI>Max Depth = 192<LI>Call Chain = _DrawShaftH &rArr; GUI_FillRect &rArr; WM__InitIVRSearch &rArr; WM__GetNextIVR &rArr; WM__ActivateClipRect &rArr; _SetClipRectUserIntersect &rArr; LCD_SetClipRectEx &rArr; GUI__IntersectRects
</UL>
<BR>[Calls]<UL><LI><a href="#[12d]">&gt;&gt;</a>&nbsp;&nbsp;&nbsp;GUI_SetColor
<LI><a href="#[130]">&gt;&gt;</a>&nbsp;&nbsp;&nbsp;GUI_FillRect
<LI><a href="#[12f]">&gt;&gt;</a>&nbsp;&nbsp;&nbsp;GUI_DrawVLine
<LI><a href="#[12e]">&gt;&gt;</a>&nbsp;&nbsp;&nbsp;GUI_DrawHLine
</UL>
<BR>[Called By]<UL><LI><a href="#[d]">&gt;&gt;</a>&nbsp;&nbsp;&nbsp;SLIDER_DrawSkinFlex
</UL>

<P><STRONG><a name="[297]"></a>_DrawShaftV</STRONG> (Thumb, 116 bytes, Stack size 24 bytes, slider_skinflex.o(i._DrawShaftV))
<BR><BR>[Stack]<UL><LI>Max Depth = 192<LI>Call Chain = _DrawShaftV &rArr; GUI_FillRect &rArr; WM__InitIVRSearch &rArr; WM__GetNextIVR &rArr; WM__ActivateClipRect &rArr; _SetClipRectUserIntersect &rArr; LCD_SetClipRectEx &rArr; GUI__IntersectRects
</UL>
<BR>[Calls]<UL><LI><a href="#[12d]">&gt;&gt;</a>&nbsp;&nbsp;&nbsp;GUI_SetColor
<LI><a href="#[130]">&gt;&gt;</a>&nbsp;&nbsp;&nbsp;GUI_FillRect
<LI><a href="#[12f]">&gt;&gt;</a>&nbsp;&nbsp;&nbsp;GUI_DrawVLine
<LI><a href="#[12e]">&gt;&gt;</a>&nbsp;&nbsp;&nbsp;GUI_DrawHLine
</UL>
<BR>[Called By]<UL><LI><a href="#[d]">&gt;&gt;</a>&nbsp;&nbsp;&nbsp;SLIDER_DrawSkinFlex
</UL>

<P><STRONG><a name="[29a]"></a>_DrawThumbH</STRONG> (Thumb, 256 bytes, Stack size 40 bytes, slider_skinflex.o(i._DrawThumbH))
<BR><BR>[Stack]<UL><LI>Max Depth = 240<LI>Call Chain = _DrawThumbH &rArr; GUI_DrawGradientV &rArr; WM__InitIVRSearch &rArr; WM__GetNextIVR &rArr; WM__ActivateClipRect &rArr; _SetClipRectUserIntersect &rArr; LCD_SetClipRectEx &rArr; GUI__IntersectRects
</UL>
<BR>[Calls]<UL><LI><a href="#[12d]">&gt;&gt;</a>&nbsp;&nbsp;&nbsp;GUI_SetColor
<LI><a href="#[12f]">&gt;&gt;</a>&nbsp;&nbsp;&nbsp;GUI_DrawVLine
<LI><a href="#[12e]">&gt;&gt;</a>&nbsp;&nbsp;&nbsp;GUI_DrawHLine
<LI><a href="#[98]">&gt;&gt;</a>&nbsp;&nbsp;&nbsp;GUI_DrawGradientV
<LI><a href="#[1ad]">&gt;&gt;</a>&nbsp;&nbsp;&nbsp;GUI_DrawLine
</UL>
<BR>[Called By]<UL><LI><a href="#[d]">&gt;&gt;</a>&nbsp;&nbsp;&nbsp;SLIDER_DrawSkinFlex
</UL>

<P><STRONG><a name="[299]"></a>_DrawThumbV</STRONG> (Thumb, 252 bytes, Stack size 40 bytes, slider_skinflex.o(i._DrawThumbV))
<BR><BR>[Stack]<UL><LI>Max Depth = 240<LI>Call Chain = _DrawThumbV &rArr; GUI_DrawGradientH &rArr; WM__InitIVRSearch &rArr; WM__GetNextIVR &rArr; WM__ActivateClipRect &rArr; _SetClipRectUserIntersect &rArr; LCD_SetClipRectEx &rArr; GUI__IntersectRects
</UL>
<BR>[Calls]<UL><LI><a href="#[12d]">&gt;&gt;</a>&nbsp;&nbsp;&nbsp;GUI_SetColor
<LI><a href="#[12f]">&gt;&gt;</a>&nbsp;&nbsp;&nbsp;GUI_DrawVLine
<LI><a href="#[12e]">&gt;&gt;</a>&nbsp;&nbsp;&nbsp;GUI_DrawHLine
<LI><a href="#[1ad]">&gt;&gt;</a>&nbsp;&nbsp;&nbsp;GUI_DrawLine
<LI><a href="#[95]">&gt;&gt;</a>&nbsp;&nbsp;&nbsp;GUI_DrawGradientH
</UL>
<BR>[Called By]<UL><LI><a href="#[d]">&gt;&gt;</a>&nbsp;&nbsp;&nbsp;SLIDER_DrawSkinFlex
</UL>

<P><STRONG><a name="[104]"></a>_DrawDown</STRONG> (Thumb, 16 bytes, Stack size 16 bytes, widget_effect_simple.o(i._DrawDown))
<BR><BR>[Stack]<UL><LI>Max Depth = 304<LI>Call Chain = _DrawDown &rArr; _DrawDownRect &rArr; GUI_DrawRect &rArr; WM__InitIVRSearch &rArr; WM__GetNextIVR &rArr; WM__ActivateClipRect &rArr; _SetClipRectUserIntersect &rArr; LCD_SetClipRectEx &rArr; GUI__IntersectRects
</UL>
<BR>[Calls]<UL><LI><a href="#[1b2]">&gt;&gt;</a>&nbsp;&nbsp;&nbsp;WM_GetClientRect
<LI><a href="#[105]">&gt;&gt;</a>&nbsp;&nbsp;&nbsp;_DrawDownRect
</UL>
<BR>[Address Reference Count : 1]<UL><LI> widget_effect_simple.o(.constdata)
</UL>
<P><STRONG><a name="[105]"></a>_DrawDownRect</STRONG> (Thumb, 50 bytes, Stack size 120 bytes, widget_effect_simple.o(i._DrawDownRect))
<BR><BR>[Stack]<UL><LI>Max Depth = 288<LI>Call Chain = _DrawDownRect &rArr; GUI_DrawRect &rArr; WM__InitIVRSearch &rArr; WM__GetNextIVR &rArr; WM__ActivateClipRect &rArr; _SetClipRectUserIntersect &rArr; LCD_SetClipRectEx &rArr; GUI__IntersectRects
</UL>
<BR>[Calls]<UL><LI><a href="#[1f3]">&gt;&gt;</a>&nbsp;&nbsp;&nbsp;GUI_SaveContext_W
<LI><a href="#[1f2]">&gt;&gt;</a>&nbsp;&nbsp;&nbsp;GUI_RestoreContext
<LI><a href="#[131]">&gt;&gt;</a>&nbsp;&nbsp;&nbsp;GUI_DrawRect
<LI><a href="#[1f5]">&gt;&gt;</a>&nbsp;&nbsp;&nbsp;LCD_SetColor
</UL>
<BR>[Called By]<UL><LI><a href="#[104]">&gt;&gt;</a>&nbsp;&nbsp;&nbsp;_DrawDown
</UL>
<BR>[Address Reference Count : 1]<UL><LI> widget_effect_simple.o(.constdata)
</UL>
<P><STRONG><a name="[102]"></a>_DrawUp</STRONG> (Thumb, 16 bytes, Stack size 16 bytes, widget_effect_simple.o(i._DrawUp))
<BR><BR>[Stack]<UL><LI>Max Depth = 304<LI>Call Chain = _DrawUp &rArr; _DrawUpRect &rArr; GUI_DrawRect &rArr; WM__InitIVRSearch &rArr; WM__GetNextIVR &rArr; WM__ActivateClipRect &rArr; _SetClipRectUserIntersect &rArr; LCD_SetClipRectEx &rArr; GUI__IntersectRects
</UL>
<BR>[Calls]<UL><LI><a href="#[1b2]">&gt;&gt;</a>&nbsp;&nbsp;&nbsp;WM_GetClientRect
<LI><a href="#[103]">&gt;&gt;</a>&nbsp;&nbsp;&nbsp;_DrawUpRect
</UL>
<BR>[Address Reference Count : 1]<UL><LI> widget_effect_simple.o(.constdata)
</UL>
<P><STRONG><a name="[103]"></a>_DrawUpRect</STRONG> (Thumb, 50 bytes, Stack size 120 bytes, widget_effect_simple.o(i._DrawUpRect))
<BR><BR>[Stack]<UL><LI>Max Depth = 288<LI>Call Chain = _DrawUpRect &rArr; GUI_DrawRect &rArr; WM__InitIVRSearch &rArr; WM__GetNextIVR &rArr; WM__ActivateClipRect &rArr; _SetClipRectUserIntersect &rArr; LCD_SetClipRectEx &rArr; GUI__IntersectRects
</UL>
<BR>[Calls]<UL><LI><a href="#[1f3]">&gt;&gt;</a>&nbsp;&nbsp;&nbsp;GUI_SaveContext_W
<LI><a href="#[1f2]">&gt;&gt;</a>&nbsp;&nbsp;&nbsp;GUI_RestoreContext
<LI><a href="#[131]">&gt;&gt;</a>&nbsp;&nbsp;&nbsp;GUI_DrawRect
<LI><a href="#[1f5]">&gt;&gt;</a>&nbsp;&nbsp;&nbsp;LCD_SetColor
</UL>
<BR>[Called By]<UL><LI><a href="#[102]">&gt;&gt;</a>&nbsp;&nbsp;&nbsp;_DrawUp
</UL>
<BR>[Address Reference Count : 1]<UL><LI> widget_effect_simple.o(.constdata)
</UL>
<P><STRONG><a name="[2ee]"></a>_MoveDescendents</STRONG> (Thumb, 110 bytes, Stack size 72 bytes, wm_move.o(i._MoveDescendents))
<BR><BR>[Stack]<UL><LI>Max Depth = 88 + In Cycle
<LI>Call Chain = _MoveDescendents &rArr;  _MoveDescendents (Cycle)
</UL>
<BR>[Calls]<UL><LI><a href="#[136]">&gt;&gt;</a>&nbsp;&nbsp;&nbsp;GUI_MoveRect
<LI><a href="#[14d]">&gt;&gt;</a>&nbsp;&nbsp;&nbsp;WM__SendMessage
<LI><a href="#[120]">&gt;&gt;</a>&nbsp;&nbsp;&nbsp;GUI_ALLOC_UnlockH
<LI><a href="#[11f]">&gt;&gt;</a>&nbsp;&nbsp;&nbsp;GUI_ALLOC_LockH
<LI><a href="#[2ee]">&gt;&gt;</a>&nbsp;&nbsp;&nbsp;_MoveDescendents
</UL>
<BR>[Called By]<UL><LI><a href="#[2d2]">&gt;&gt;</a>&nbsp;&nbsp;&nbsp;WM__MoveWindow
<LI><a href="#[2ee]">&gt;&gt;</a>&nbsp;&nbsp;&nbsp;_MoveDescendents
</UL>

<P><STRONG><a name="[2d8]"></a>WM__ReleaseCapture</STRONG> (Thumb, 36 bytes, Stack size 32 bytes, wm_setcapture.o(i.WM__ReleaseCapture))
<BR><BR>[Stack]<UL><LI>Max Depth = 48<LI>Call Chain = WM__ReleaseCapture &rArr; WM__SendMessage &rArr;  WM_DefaultProc (Cycle)
</UL>
<BR>[Calls]<UL><LI><a href="#[14d]">&gt;&gt;</a>&nbsp;&nbsp;&nbsp;WM__SendMessage
</UL>
<BR>[Called By]<UL><LI><a href="#[2d7]">&gt;&gt;</a>&nbsp;&nbsp;&nbsp;WM_SetCapture
</UL>

<P><STRONG><a name="[16e]"></a>Abs</STRONG> (Thumb, 8 bytes, Stack size 0 bytes, gui_drawline.o(i.Abs))
<BR><BR>[Called By]<UL><LI><a href="#[16d]">&gt;&gt;</a>&nbsp;&nbsp;&nbsp;GL_DrawLine1Ex
</UL>

<P><STRONG><a name="[175]"></a>_DrawLineEnd</STRONG> (Thumb, 16 bytes, Stack size 0 bytes, gui_drawline.o(i._DrawLineEnd))
<BR><BR>[Stack]<UL><LI>Max Depth = 40<LI>Call Chain = _DrawLineEnd &rArr; GL_DrawPoint &rArr; GL_FillCircle
</UL>
<BR>[Calls]<UL><LI><a href="#[16f]">&gt;&gt;</a>&nbsp;&nbsp;&nbsp;GL_DrawPoint
</UL>
<BR>[Called By]<UL><LI><a href="#[16c]">&gt;&gt;</a>&nbsp;&nbsp;&nbsp;GL_DrawLineEx
</UL>

<P><STRONG><a name="[170]"></a>_SetLineColor</STRONG> (Thumb, 116 bytes, Stack size 0 bytes, gui_drawline.o(i._SetLineColor))
<BR><BR>[Called By]<UL><LI><a href="#[16d]">&gt;&gt;</a>&nbsp;&nbsp;&nbsp;GL_DrawLine1Ex
</UL>

<P><STRONG><a name="[171]"></a>_atan2</STRONG> (Thumb, 126 bytes, Stack size 8 bytes, gui_drawline.o(i._atan2))
<BR><BR>[Stack]<UL><LI>Max Depth = 8<LI>Call Chain = _atan2
</UL>
<BR>[Called By]<UL><LI><a href="#[16c]">&gt;&gt;</a>&nbsp;&nbsp;&nbsp;GL_DrawLineEx
</UL>

<P><STRONG><a name="[1f1]"></a>LCD_ReadRectEx</STRONG> (Thumb, 404 bytes, Stack size 64 bytes, lcd_readrect.o(i.LCD_ReadRectEx))
<BR><BR>[Stack]<UL><LI>Max Depth = 64<LI>Call Chain = LCD_ReadRectEx
</UL>
<BR>[Calls]<UL><LI><a href="#[20e]">&gt;&gt;</a>&nbsp;&nbsp;&nbsp;GUI_GetBitsPerPixelEx
</UL>
<BR>[Called By]<UL><LI><a href="#[1f0]">&gt;&gt;</a>&nbsp;&nbsp;&nbsp;GUI_ReadRectEx
</UL>

<P><STRONG><a name="[2c2]"></a>_GetDialogItem</STRONG> (Thumb, 80 bytes, Stack size 24 bytes, wm_getscrollbar.o(i._GetDialogItem))
<BR><BR>[Stack]<UL><LI>Max Depth = 64 + In Cycle
<LI>Call Chain = _GetDialogItem &rArr;  _GetDialogItem (Cycle)
</UL>
<BR>[Calls]<UL><LI><a href="#[2c2]">&gt;&gt;</a>&nbsp;&nbsp;&nbsp;_GetDialogItem
<LI><a href="#[2bf]">&gt;&gt;</a>&nbsp;&nbsp;&nbsp;WM_GetId
<LI><a href="#[18e]">&gt;&gt;</a>&nbsp;&nbsp;&nbsp;GUI_ALLOC_h2p
</UL>
<BR>[Called By]<UL><LI><a href="#[2c2]">&gt;&gt;</a>&nbsp;&nbsp;&nbsp;_GetDialogItem
<LI><a href="#[2c3]">&gt;&gt;</a>&nbsp;&nbsp;&nbsp;WM_GetScrollbarV
<LI><a href="#[2c1]">&gt;&gt;</a>&nbsp;&nbsp;&nbsp;WM_GetScrollbarH
</UL>

<P><STRONG><a name="[177]"></a>_Add</STRONG> (Thumb, 46 bytes, Stack size 12 bytes, gui_fillpolygon.o(i._Add))
<BR><BR>[Stack]<UL><LI>Max Depth = 12<LI>Call Chain = _Add
</UL>
<BR>[Called By]<UL><LI><a href="#[174]">&gt;&gt;</a>&nbsp;&nbsp;&nbsp;GL_FillPolygon
</UL>
<P>
<H3>
Undefined Global Symbols
</H3><HR></body></html>
