Component: ARM Compiler 5.06 update 4 (build 422) Tool: armlink [4d35d2]

==============================================================================

Section Cross References

    main.o(i.BSP_Background) refers to stm32469i_discovery.o(i.BSP_LED_Toggle) for BSP_LED_Toggle
    main.o(i.HAL_TIM_Base_MspInit) refers to stm32f4xx_hal_cortex.o(i.HAL_NVIC_SetPriority) for HAL_NVIC_SetPriority
    main.o(i.HAL_TIM_Base_MspInit) refers to stm32f4xx_hal_cortex.o(i.HAL_NVIC_EnableIRQ) for HAL_NVIC_EnableIRQ
    main.o(i.HAL_TIM_PeriodElapsedCallback) refers to main.o(i.BSP_Background) for BSP_Background
    main.o(i.SystemClock_Config) refers to stm32f4xx_hal_rcc_ex.o(i.HAL_RCC_OscConfig) for HAL_RCC_OscConfig
    main.o(i.SystemClock_Config) refers to stm32f4xx_hal.o(i.HAL_Delay) for HAL_Delay
    main.o(i.SystemClock_Config) refers to stm32f4xx_hal_pwr_ex.o(i.HAL_PWREx_EnableOverDrive) for HAL_PWREx_EnableOverDrive
    main.o(i.SystemClock_Config) refers to stm32f4xx_hal_rcc.o(i.HAL_RCC_ClockConfig) for HAL_RCC_ClockConfig
    main.o(i.main) refers to stm32f4xx_hal.o(i.HAL_Init) for HAL_Init
    main.o(i.main) refers to main.o(i.SystemClock_Config) for SystemClock_Config
    main.o(i.main) refers to stm32469i_discovery.o(i.BSP_LED_Init) for BSP_LED_Init
    main.o(i.main) refers to stm32f4xx_hal_tim.o(i.HAL_TIM_Base_Init) for HAL_TIM_Base_Init
    main.o(i.main) refers to stm32f4xx_hal_tim.o(i.HAL_TIM_Base_Start_IT) for HAL_TIM_Base_Start_IT
    main.o(i.main) refers to stm32469i_discovery_sdram.o(i.BSP_SDRAM_Init) for BSP_SDRAM_Init
    main.o(i.main) refers to gui_core.o(i.GUI_Init) for GUI_Init
    main.o(i.main) refers to gui_dispstringat.o(i.GUI_DispStringAt) for GUI_DispStringAt
    main.o(i.main) refers to wm_setcreateflags.o(i.WM_SetCreateFlags) for WM_SetCreateFlags
    main.o(i.main) refers to armflydlg.o(i.MainTask) for MainTask
    main.o(i.main) refers to system_stm32f4xx.o(.data) for SystemCoreClock
    main.o(i.main) refers to main.o(.data) for .data
    main.o(i.main) refers to main.o(.bss) for .bss
    stm32f4xx_it.o(i.LTDC_IRQHandler) refers to stm32f4xx_hal_ltdc.o(i.HAL_LTDC_IRQHandler) for HAL_LTDC_IRQHandler
    stm32f4xx_it.o(i.LTDC_IRQHandler) refers to lcdconf_stm32469i_discovery.o(.bss) for hltdc_disco
    stm32f4xx_it.o(i.SysTick_Handler) refers to stm32f4xx_hal.o(i.HAL_IncTick) for HAL_IncTick
    stm32f4xx_it.o(i.SysTick_Handler) refers to gui_x.o(.data) for OS_TimeMS
    stm32f4xx_it.o(i.TIM3_IRQHandler) refers to stm32f4xx_hal_tim.o(i.HAL_TIM_IRQHandler) for HAL_TIM_IRQHandler
    stm32f4xx_it.o(i.TIM3_IRQHandler) refers to main.o(.bss) for TimHandle
    armflydlg.o(i.Createarmfly) refers to wm_getdesktopwindow.o(i.WM_GetDesktopWindow) for WM_GetDesktopWindow
    armflydlg.o(i.Createarmfly) refers to dialog.o(i.GUI_CreateDialogBox) for GUI_CreateDialogBox
    armflydlg.o(i.Createarmfly) refers to armflydlg.o(i._cbDialog) for _cbDialog
    armflydlg.o(i.Createarmfly) refers to armflydlg.o(.constdata) for .constdata
    armflydlg.o(i.MainTask) refers to gui_core.o(i.GUI_Clear) for GUI_Clear
    armflydlg.o(i.MainTask) refers to gui_drawbitmap.o(i.GUI_DrawBitmap) for GUI_DrawBitmap
    armflydlg.o(i.MainTask) refers to gui_setfont.o(i.GUI_SetFont) for GUI_SetFont
    armflydlg.o(i.MainTask) refers to gui_dispstring.o(i.GUI_DispString) for GUI_DispString
    armflydlg.o(i.MainTask) refers to gui_time.o(i.GUI_Delay) for GUI_Delay
    armflydlg.o(i.MainTask) refers to armflydlg.o(.constdata) for .constdata
    armflydlg.o(i.MainTask) refers to f8x16.o(.constdata) for GUI_Font8x16
    armflydlg.o(i._cbDialog) refers to wm.o(i.WM_DefaultProc) for WM_DefaultProc
    armflydlg.o(i._cbDialog) refers to framewin_setfont.o(i.FRAMEWIN_SetFont) for FRAMEWIN_SetFont
    armflydlg.o(i._cbDialog) refers to framewin.o(i.FRAMEWIN_SetTextAlign) for FRAMEWIN_SetTextAlign
    armflydlg.o(i._cbDialog) refers to framewin.o(i.FRAMEWIN_SetText) for FRAMEWIN_SetText
    armflydlg.o(i._cbDialog) refers to wm_getdialogitem.o(i.WM_GetDialogItem) for WM_GetDialogItem
    armflydlg.o(i._cbDialog) refers to button.o(i.BUTTON_SetFont) for BUTTON_SetFont
    armflydlg.o(i._cbDialog) refers to button.o(i.BUTTON_SetText) for BUTTON_SetText
    armflydlg.o(i._cbDialog) refers to wm_getid.o(i.WM_GetId) for WM_GetId
    armflydlg.o(i._cbDialog) refers to f32_ascii.o(.constdata) for GUI_Font32_ASCII
    armflydlg.o(i._cbDialog) refers to f24b_ascii.o(.constdata) for GUI_Font24B_ASCII
    armflydlg.o(.constdata) refers to armflydlg.o(.constdata) for _acxbs
    armflydlg.o(.constdata) refers to gui_drawbitmap_555.o(.constdata) for GUI_BitmapMethodsM555
    armflydlg.o(.constdata) refers to framewin_createindirect.o(i.FRAMEWIN_CreateIndirect) for FRAMEWIN_CreateIndirect
    armflydlg.o(.constdata) refers to armflydlg.o(.conststring) for .conststring
    armflydlg.o(.constdata) refers to button_createindirect.o(i.BUTTON_CreateIndirect) for BUTTON_CreateIndirect
[...]
    0x0800999c   0x00000020   Code   RO         6147    i.SCROLLBAR_AddValue  STemWin532_CM4_Keil.lib(scrollbar.o)
    0x080099bc   0x00000144   Code   RO         6148    i.SCROLLBAR_Callback  STemWin532_CM4_Keil.lib(scrollbar.o)
    0x08009b00   0x00000038   Code   RO         5583    i.SCROLLBAR_CreateIndirect  STemWin532_CM4_Keil.lib(scrollbar_createindirect.o)
    0x08009b38   0x000000dc   Code   RO         6150    i.SCROLLBAR_CreateUser  STemWin532_CM4_Keil.lib(scrollbar.o)
    0x08009c14   0x00000008   Code   RO         6151    i.SCROLLBAR_Dec     STemWin532_CM4_Keil.lib(scrollbar.o)
    0x08009c1c   0x00000194   Code   RO         6925    i.SCROLLBAR_DrawSkinFlex  STemWin532_CM4_Keil.lib(scrollbar_skinflex.o)
    0x08009db0   0x00000006   Code   RO         6153    i.SCROLLBAR_Inc     STemWin532_CM4_Keil.lib(scrollbar.o)
    0x08009db6   0x0000004a   Code   RO         6158    i.SCROLLBAR_SetValue  STemWin532_CM4_Keil.lib(scrollbar.o)
    0x08009e00   0x0000001c   Code   RO         6159    i.SCROLLBAR__InvalidatePartner  STemWin532_CM4_Keil.lib(scrollbar.o)
    0x08009e1c   0x0000002c   Code   RO         6160    i.SCROLLBAR__Rect2VRect  STemWin532_CM4_Keil.lib(scrollbar.o)
    0x08009e48   0x00000074   Code   RO         6183    i.SLIDER_Callback   STemWin532_CM4_Keil.lib(slider.o)
    0x08009ebc   0x00000038   Code   RO         5585    i.SLIDER_CreateIndirect  STemWin532_CM4_Keil.lib(slider_createindirect.o)
    0x08009ef4   0x00000088   Code   RO         6185    i.SLIDER_CreateUser  STemWin532_CM4_Keil.lib(slider.o)
    0x08009f7c   0x00000036   Code   RO         6186    i.SLIDER_Dec        STemWin532_CM4_Keil.lib(slider.o)
    0x08009fb2   0x00000002   PAD
    0x08009fb4   0x0000010c   Code   RO         6956    i.SLIDER_DrawSkinFlex  STemWin532_CM4_Keil.lib(slider_skinflex.o)
    0x0800a0c0   0x0000001e   Code   RO         6188    i.SLIDER_GetFlag    STemWin532_CM4_Keil.lib(slider.o)
    0x0800a0de   0x00000036   Code   RO         6192    i.SLIDER_Inc        STemWin532_CM4_Keil.lib(slider.o)
    0x0800a114   0x00000044   Code   RO         6196    i.SLIDER_SetValue   STemWin532_CM4_Keil.lib(slider.o)
    0x0800a158   0x00000014   Code   RO          285    i.SysTick_Handler   stm32f4xx_it.o
    0x0800a16c   0x000000a0   Code   RO            7    i.SystemClock_Config  main.o
    0x0800a20c   0x00000054   Code   RO          827    i.SystemInit        system_stm32f4xx.o
    0x0800a260   0x0000000c   Code   RO          286    i.TIM3_IRQHandler   stm32f4xx_it.o
    0x0800a26c   0x000000c0   Code   RO         4210    i.TIM_Base_SetConfig  stm32f4xx_hal_tim.o
    0x0800a32c   0x00000002   Code   RO          287    i.UsageFault_Handler  stm32f4xx_it.o
    0x0800a32e   0x00000028   Code   RO         6216    i.WIDGET_AndState   STemWin532_CM4_Keil.lib(widget.o)
    0x0800a356   0x00000120   Code   RO         6219    i.WIDGET_HandleActive  STemWin532_CM4_Keil.lib(widget.o)
    0x0800a476   0x00000028   Code   RO         6220    i.WIDGET_OrState    STemWin532_CM4_Keil.lib(widget.o)
    0x0800a49e   0x00000022   Code   RO         6222    i.WIDGET_SetState   STemWin532_CM4_Keil.lib(widget.o)
    0x0800a4c0   0x00000040   Code   RO         6225    i.WIDGET__DrawTriangle  STemWin532_CM4_Keil.lib(widget.o)
    0x0800a500   0x00000036   Code   RO         6232    i.WIDGET__GetClientRect  STemWin532_CM4_Keil.lib(widget.o)
    0x0800a536   0x0000001a   Code   RO         6233    i.WIDGET__GetInsideRect  STemWin532_CM4_Keil.lib(widget.o)
    0x0800a550   0x0000002a   Code   RO         6234    i.WIDGET__GetWindowSizeX  STemWin532_CM4_Keil.lib(widget.o)
    0x0800a57a   0x00000002   PAD
    0x0800a57c   0x00000010   Code   RO         6237    i.WIDGET__Init      STemWin532_CM4_Keil.lib(widget.o)
    0x0800a58c   0x0000001e   Code   RO         6238    i.WIDGET__RotateRect90  STemWin532_CM4_Keil.lib(widget.o)
    0x0800a5aa   0x00000002   PAD
    0x0800a5ac   0x00000010   Code   RO         5587    i.WM_Activate       STemWin532_CM4_Keil.lib(wm.o)
    0x0800a5bc   0x0000007e   Code   RO         6274    i.WM_BringToBottom  STemWin532_CM4_Keil.lib(wm_bringtobottom.o)
    0x0800a63a   0x00000004   Code   RO         6276    i.WM_BringToTop     STemWin532_CM4_Keil.lib(wm_bringtotop.o)
    0x0800a63e   0x00000002   PAD
    0x0800a640   0x00000054   Code   RO         6349    i.WM_CreateTimer    STemWin532_CM4_Keil.lib(wm_timer.o)
    0x0800a694   0x00000148   Code   RO         5589    i.WM_CreateWindowAsChild  STemWin532_CM4_Keil.lib(wm.o)
    0x0800a7dc   0x00000014   Code   RO         5590    i.WM_Deactivate     STemWin532_CM4_Keil.lib(wm.o)
    0x0800a7f0   0x00000046   Code   RO         5591    i.WM_DefaultProc    STemWin532_CM4_Keil.lib(wm.o)
    0x0800a836   0x00000020   Code   RO         6350    i.WM_DeleteTimer    STemWin532_CM4_Keil.lib(wm_timer.o)
    0x0800a856   0x00000002   PAD
    0x0800a858   0x000000e8   Code   RO         5592    i.WM_DeleteWindow   STemWin532_CM4_Keil.lib(wm.o)
    0x0800a940   0x00000016   Code   RO         6316    i.WM_DisableMemdev  STemWin532_CM4_Keil.lib(wm_memdev.o)
    0x0800a956   0x00000002   PAD
    0x0800a958   0x00000078   Code   RO         5593    i.WM_Exec           STemWin532_CM4_Keil.lib(wm.o)
    0x0800a9d0   0x00000004   Code   RO         7004    i.WM_ForEachDesc    STemWin532_CM4_Keil.lib(wm_foreachdesc.o)
    0x0800a9d4   0x0000000c   Code   RO         5594    i.WM_GetActiveWindow  STemWin532_CM4_Keil.lib(wm.o)
    0x0800a9e0   0x0000001c   Code   RO         6286    i.WM_GetClientRect  STemWin532_CM4_Keil.lib(wm_getclientrect.o)
    0x0800a9fc   0x00000004   Code   RO         6287    i.WM_GetClientRectEx  STemWin532_CM4_Keil.lib(wm_getclientrect.o)
    0x0800aa00   0x00000018   Code   RO         5701    i.WM_GetDesktopWindow  STemWin532_CM4_Keil.lib(wm_getdesktopwindow.o)
    0x0800aa18   0x00000010   Code   RO         5703    i.WM_GetDialogItem  STemWin532_CM4_Keil.lib(wm_getdialogitem.o)
    0x0800aa28   0x0000000e   Code   RO         6294    i.WM_GetFirstChild  STemWin532_CM4_Keil.lib(wm_getfirstchild.o)
    0x0800aa36   0x0000001a   Code   RO         5707    i.WM_GetId          STemWin532_CM4_Keil.lib(wm_getid.o)
    0x0800aa50   0x00000010   Code   RO         7009    i.WM_GetInsideRectEx  STemWin532_CM4_Keil.lib(wm_getinsiderect.o)
    0x0800aa60   0x0000000e   Code   RO         6298    i.WM_GetNextSibling  STemWin532_CM4_Keil.lib(wm_getnextsibling.o)
    0x0800aa6e   0x0000000e   Code   RO         6300    i.WM_GetParent      STemWin532_CM4_Keil.lib(wm_getparent.o)
    0x0800aa7c   0x0000002a   Code   RO         7020    i.WM_GetScrollPartner  STemWin532_CM4_Keil.lib(wm_getscrollpartner.o)
    0x0800aaa6   0x00000012   Code   RO         7239    i.WM_GetScrollbarH  STemWin532_CM4_Keil.lib(wm_getscrollbar.o)
    0x0800aab8   0x00000012   Code   RO         7240    i.WM_GetScrollbarV  STemWin532_CM4_Keil.lib(wm_getscrollbar.o)
    0x0800aaca   0x00000016   Code   RO         7014    i.WM_GetWindowOrgX  STemWin532_CM4_Keil.lib(wm_getorg.o)
    0x0800aae0   0x0000001a   Code   RO         7023    i.WM_GetWindowRectEx  STemWin532_CM4_Keil.lib(wm_getwindowrect.o)
    0x0800aafa   0x00000022   Code   RO         6302    i.WM_GetWindowSizeX  STemWin532_CM4_Keil.lib(wm_getwindowsize.o)
    0x0800ab1c   0x00000022   Code   RO         6303    i.WM_GetWindowSizeY  STemWin532_CM4_Keil.lib(wm_getwindowsize.o)
    0x0800ab3e   0x00000002   PAD
    0x0800ab40   0x00000020   Code   RO         7026    i.WM_HasCaptured    STemWin532_CM4_Keil.lib(wm_hascaptured.o)
    0x0800ab60   0x00000020   Code   RO         6312    i.WM_HasFocus       STemWin532_CM4_Keil.lib(wm_hasfocus.o)
    0x0800ab80   0x000000d4   Code   RO         5596    i.WM_Init           STemWin532_CM4_Keil.lib(wm.o)
    0x0800ac54   0x00000076   Code   RO         5597    i.WM_InvalidateRect  STemWin532_CM4_Keil.lib(wm.o)
    0x0800acca   0x00000006   Code   RO         5598    i.WM_InvalidateWindow  STemWin532_CM4_Keil.lib(wm.o)
    0x0800acd0   0x0000005e   Code   RO         5599    i.WM_InvalidateWindowAndDescsEx  STemWin532_CM4_Keil.lib(wm.o)
    0x0800ad2e   0x00000030   Code   RO         7028    i.WM_IsFocussable   STemWin532_CM4_Keil.lib(wm_isfocussable.o)
    0x0800ad5e   0x00000004   Code   RO         6314    i.WM_IsWindow       STemWin532_CM4_Keil.lib(wm_iswindow.o)
    0x0800ad62   0x00000004   Code   RO         7031    i.WM_MoveWindow     STemWin532_CM4_Keil.lib(wm_move.o)
    0x0800ad66   0x00000010   Code   RO         6322    i.WM_NotifyParent   STemWin532_CM4_Keil.lib(wm_notifyparent.o)
    0x0800ad76   0x00000002   PAD
    0x0800ad78   0x00000038   Code   RO         7040    i.WM_OnKey          STemWin532_CM4_Keil.lib(wm_onkey.o)
    0x0800adb0   0x000000ec   Code   RO         7047    i.WM_ResizeWindow   STemWin532_CM4_Keil.lib(wm_resizewindow.o)
    0x0800ae9c   0x00000028   Code   RO         6352    i.WM_RestartTimer   STemWin532_CM4_Keil.lib(wm_timer.o)
    0x0800aec4   0x0000003c   Code   RO         5600    i.WM_SelectWindow   STemWin532_CM4_Keil.lib(wm.o)
    0x0800af00   0x0000000a   Code   RO         5601    i.WM_SendMessage    STemWin532_CM4_Keil.lib(wm.o)
    0x0800af0a   0x00000004   Code   RO         6324    i.WM_SendMessageNoPara  STemWin532_CM4_Keil.lib(wm_sendmessagenopara.o)
    0x0800af0e   0x0000001e   Code   RO         6326    i.WM_SendToParent   STemWin532_CM4_Keil.lib(wm_sendtoparent.o)
    0x0800af2c   0x00000034   Code   RO         7060    i.WM_SetCapture     STemWin532_CM4_Keil.lib(wm_setcapture.o)
    0x0800af60   0x000000a8   Code   RO         6328    i.WM_SetCaptureMove  STemWin532_CM4_Keil.lib(wm_setcapturemove.o)
    0x0800b008   0x00000010   Code   RO         5709    i.WM_SetCreateFlags  STemWin532_CM4_Keil.lib(wm_setcreateflags.o)
    0x0800b018   0x00000014   Code   RO         5602    i.WM_SetDefault     STemWin532_CM4_Keil.lib(wm.o)
    0x0800b02c   0x0000009c   Code   RO         6331    i.WM_SetFocus       STemWin532_CM4_Keil.lib(wm_setfocus.o)
    0x0800b0c8   0x00000010   Code   RO         6333    i.WM_SetFocusOnNextChild  STemWin532_CM4_Keil.lib(wm_setfocusonnextchild.o)
    0x0800b0d8   0x00000040   Code   RO         6339    i.WM_SetFocusOnPrevChild  STemWin532_CM4_Keil.lib(wm_setfocusonprevchild.o)
    0x0800b118   0x00000040   Code   RO         7069    i.WM_SetHasTrans    STemWin532_CM4_Keil.lib(wm_settrans.o)
    0x0800b158   0x0000003e   Code   RO         6343    i.WM_SetSize        STemWin532_CM4_Keil.lib(wm_setsize.o)
    0x0800b196   0x00000002   PAD
    0x0800b198   0x00000018   Code   RO         7245    i.WM_SetUserClipRect  STemWin532_CM4_Keil.lib(wm_setusercliprect.o)
    0x0800b1b0   0x0000002c   Code   RO         7247    i.WM_ValidateWindow  STemWin532_CM4_Keil.lib(wm_validatewindow.o)
    0x0800b1dc   0x00000048   Code   RO         5603    i.WM__ActivateClipRect  STemWin532_CM4_Keil.lib(wm.o)
    0x0800b224   0x00000010   Code   RO         6282    i.WM__AddCriticalHandle  STemWin532_CM4_Keil.lib(wm_criticalhandle.o)
    0x0800b234   0x00000010   Code   RO         5604    i.WM__Client2Screen  STemWin532_CM4_Keil.lib(wm.o)
    0x0800b244   0x0000004e   Code   RO         5605    i.WM__ClipAtParentBorders  STemWin532_CM4_Keil.lib(wm.o)
    0x0800b292   0x0000004a   Code   RO         6353    i.WM__DeleteAssocTimer  STemWin532_CM4_Keil.lib(wm_timer.o)
    0x0800b2dc   0x00000028   Code   RO         5607    i.WM__DetachWindow  STemWin532_CM4_Keil.lib(wm.o)
    0x0800b304   0x0000002c   Code   RO         7231    i.WM__ForEachDesc   STemWin532_CM4_Keil.lib(wm__foreachdesc.o)
    0x0800b330   0x00000020   Code   RO         6288    i.WM__GetClientRectEx  STemWin532_CM4_Keil.lib(wm_getclientrect.o)
    0x0800b350   0x00000018   Code   RO         5608    i.WM__GetClientRectWin  STemWin532_CM4_Keil.lib(wm.o)
    0x0800b368   0x00000012   Code   RO         7233    i.WM__GetFirstSibling  STemWin532_CM4_Keil.lib(wm__getfirstsibling.o)
    0x0800b37a   0x00000002   PAD
    0x0800b37c   0x00000028   Code   RO         6988    i.WM__GetFocussedChild  STemWin532_CM4_Keil.lib(wm__getfocussedchild.o)
    0x0800b3a4   0x00000018   Code   RO         6990    i.WM__GetLastSibling  STemWin532_CM4_Keil.lib(wm__getlastsibling.o)
    0x0800b3bc   0x00000040   Code   RO         5609    i.WM__GetNextIVR    STemWin532_CM4_Keil.lib(wm.o)
    0x0800b3fc   0x00000024   Code   RO         6992    i.WM__GetPrevSibling  STemWin532_CM4_Keil.lib(wm__getprevsibling.o)
    0x0800b420   0x00000018   Code   RO         5610    i.WM__GetTopLevelLayer  STemWin532_CM4_Keil.lib(wm.o)
    0x0800b438   0x0000000e   Code   RO         6304    i.WM__GetWindowSizeX  STemWin532_CM4_Keil.lib(wm_getwindowsize.o)
    0x0800b446   0x0000000e   Code   RO         6305    i.WM__GetWindowSizeY  STemWin532_CM4_Keil.lib(wm_getwindowsize.o)
    0x0800b454   0x000000f0   Code   RO         5611    i.WM__InitIVRSearch  STemWin532_CM4_Keil.lib(wm.o)
    0x0800b544   0x000000a4   Code   RO         5612    i.WM__InsertWindowIntoList  STemWin532_CM4_Keil.lib(wm.o)
    0x0800b5e8   0x00000006   Code   RO         5613    i.WM__Invalidate1Abs  STemWin532_CM4_Keil.lib(wm.o)
    0x0800b5ee   0x00000002   PAD
    0x0800b5f0   0x00000054   Code   RO         5614    i.WM__InvalidateDrawAndDescs  STemWin532_CM4_Keil.lib(wm.o)
    0x0800b644   0x0000002a   Code   RO         5615    i.WM__InvalidateParent  STemWin532_CM4_Keil.lib(wm.o)
    0x0800b66e   0x00000076   Code   RO         5616    i.WM__InvalidateRect  STemWin532_CM4_Keil.lib(wm.o)
    0x0800b6e4   0x00000006   Code   RO         5617    i.WM__InvalidateRectEx  STemWin532_CM4_Keil.lib(wm.o)
    0x0800b6ea   0x00000002   PAD
    0x0800b6ec   0x00000022   Code   RO         6267    i.WM__IsAncestor    STemWin532_CM4_Keil.lib(wm__isancestor.o)
    0x0800b70e   0x0000000c   Code   RO         6268    i.WM__IsAncestorOrSelf  STemWin532_CM4_Keil.lib(wm__isancestor.o)
    0x0800b71a   0x00000022   Code   RO         7235    i.WM__IsChild       STemWin532_CM4_Keil.lib(wm__ischild.o)
    0x0800b73c   0x00000016   Code   RO         6994    i.WM__IsEnabled     STemWin532_CM4_Keil.lib(wm__isenabled.o)
    0x0800b752   0x00000002   PAD
    0x0800b754   0x00000024   Code   RO         5618    i.WM__IsWindow      STemWin532_CM4_Keil.lib(wm.o)
    0x0800b778   0x0000009a   Code   RO         7033    i.WM__MoveWindow    STemWin532_CM4_Keil.lib(wm_move.o)
    0x0800b812   0x00000002   PAD
    0x0800b814   0x000000a0   Code   RO         5619    i.WM__Paint         STemWin532_CM4_Keil.lib(wm.o)
    0x0800b8b4   0x0000008c   Code   RO         5620    i.WM__Paint1        STemWin532_CM4_Keil.lib(wm.o)
    0x0800b940   0x00000078   Code   RO         5621    i.WM__PaintWinAndOverlays  STemWin532_CM4_Keil.lib(wm.o)
    0x0800b9b8   0x00000020   Code   RO         5622    i.WM__RectIsNZ      STemWin532_CM4_Keil.lib(wm.o)
    0x0800b9d8   0x0000002c   Code   RO         7061    i.WM__ReleaseCapture  STemWin532_CM4_Keil.lib(wm_setcapture.o)
    0x0800ba04   0x00000040   Code   RO         5623    i.WM__RemoveWindowFromList  STemWin532_CM4_Keil.lib(wm.o)
    0x0800ba44   0x00000014   Code   RO         5624    i.WM__SelectTopLevelLayer  STemWin532_CM4_Keil.lib(wm.o)
    0x0800ba58   0x0000003c   Code   RO         6271    i.WM__SendMessage   STemWin532_CM4_Keil.lib(wm__sendmessage.o)
    0x0800ba94   0x00000026   Code   RO         7000    i.WM__SendMessageNoPara  STemWin532_CM4_Keil.lib(wm__sendmessagenopara.o)
    0x0800baba   0x0000000e   Code   RO         5625    i.WM__SendMsgNoData  STemWin532_CM4_Keil.lib(wm.o)
    0x0800bac8   0x000000dc   Code   RO         7002    i.WM__UpdateChildPositions  STemWin532_CM4_Keil.lib(wm__updatechildpositions.o)
    0x0800bba4   0x00000038   Code   RO         7258    i._Add              STemWin532_CM4_Keil.lib(gui_fillpolygon.o)
    0x0800bbdc   0x00000090   Code   RO         4837    i._AddFreeMemory    STemWin532_CM4_Keil.lib(gui_alloc.o)
    0x0800bc6c   0x000000b8   Code   RO         4838    i._Alloc            STemWin532_CM4_Keil.lib(gui_alloc.o)
    0x0800bd24   0x00000070   Code   RO         6277    i._BringToTop       STemWin532_CM4_Keil.lib(wm_bringtotop.o)
    0x0800bd94   0x00000154   Code   RO         6916    i._CalcPositions    STemWin532_CM4_Keil.lib(scrollbar_skin.o)
    0x0800bee8   0x00000004   Code   RO         5862    i._CalcSizeOfChar   STemWin532_CM4_Keil.lib(gui_uc_encodenone.o)
    0x0800beec   0x0000004c   Code   RO         5014    i._Color2IndexBulk  STemWin532_CM4_Keil.lib(guicc_m565.o)
    0x0800bf38   0x0000000e   Code   RO         6666    i._Color2IndexBulk  STemWin532_CM4_Keil.lib(guicc_8888.o)
    0x0800bf46   0x00000002   PAD
    0x0800bf48   0x00000054   Code   RO         6657    i._Color2Index_0    STemWin532_CM4_Keil.lib(guicc_0.o)
    0x0800bf9c   0x00000002   Code   RO         6667    i._Color2Index_8888  STemWin532_CM4_Keil.lib(guicc_8888.o)
    0x0800bf9e   0x00000002   PAD
    0x0800bfa0   0x0000002c   Code   RO         5015    i._Color2Index_M565  STemWin532_CM4_Keil.lib(guicc_m565.o)
    0x0800bfcc   0x0000003e   Code   RO         6882    i._Convert16        STemWin532_CM4_Keil.lib(guidev_writetoactiveopaque.o)
    0x0800c00a   0x0000003e   Code   RO         6883    i._Convert8         STemWin532_CM4_Keil.lib(guidev_writetoactiveopaque.o)
    0x0800c048   0x00000050   Code   RO         5199    i._CopyBuffer       STemWin532_CM4_Keil.lib(guidrv_lin_16.o)
    0x0800c098   0x00000012   Code   RO         6947    i._CopyItemInfo2Rect  STemWin532_CM4_Keil.lib(slider_skin.o)
    0x0800c0aa   0x00000030   Code   RO         6108    i._Create           STemWin532_CM4_Keil.lib(button_skin.o)
    0x0800c0da   0x00000026   Code   RO         6130    i._Create           STemWin532_CM4_Keil.lib(framewin_skin.o)
    0x0800c100   0x00000038   Code   RO         6917    i._Create           STemWin532_CM4_Keil.lib(scrollbar_skin.o)
    0x0800c138   0x00000024   Code   RO         6948    i._Create           STemWin532_CM4_Keil.lib(slider_skin.o)
    0x0800c15c   0x00000148   Code   RO         6092    i._CreateStaticDevice  STemWin532_CM4_Keil.lib(guidev_staticdevices.o)
    0x0800c2a4   0x00000012   Code   RO         5626    i._DeleteAllChildren  STemWin532_CM4_Keil.lib(wm.o)
    0x0800c2b6   0x0000001e   Code   RO         6161    i._DeleteTimer      STemWin532_CM4_Keil.lib(scrollbar.o)
    0x0800c2d4   0x00000020   Code   RO         5627    i._DesktopHandle2Index  STemWin532_CM4_Keil.lib(wm.o)
    0x0800c2f4   0x00000074   Code   RO         5756    i._DispLine         STemWin532_CM4_Keil.lib(gui_charline.o)
    0x0800c368   0x0000005c   Code   RO         6928    i._DrawBackgroundH  STemWin532_CM4_Keil.lib(scrollbar_skinflex.o)
    0x0800c3c4   0x0000005c   Code   RO         6929    i._DrawBackgroundV  STemWin532_CM4_Keil.lib(scrollbar_skinflex.o)
    0x0800c420   0x000000f4   Code   RO         5200    i._DrawBitLine1BPP  STemWin532_CM4_Keil.lib(guidrv_lin_16.o)
    0x0800c514   0x00000148   Code   RO         6043    i._DrawBitLine1BPP  STemWin532_CM4_Keil.lib(guidev_16.o)
    0x0800c65c   0x0000011c   Code   RO         6799    i._DrawBitLine1BPP  STemWin532_CM4_Keil.lib(guidev_32.o)
    0x0800c778   0x00000114   Code   RO         5201    i._DrawBitLine2BPP  STemWin532_CM4_Keil.lib(guidrv_lin_16.o)
    0x0800c88c   0x000000e0   Code   RO         6044    i._DrawBitLine2BPP  STemWin532_CM4_Keil.lib(guidev_16.o)
    0x0800c96c   0x000000e0   Code   RO         6800    i._DrawBitLine2BPP  STemWin532_CM4_Keil.lib(guidev_32.o)
    0x0800ca4c   0x000000a0   Code   RO         6801    i._DrawBitLine32BPP_DDB  STemWin532_CM4_Keil.lib(guidev_32.o)
    0x0800caec   0x00000114   Code   RO         5202    i._DrawBitLine4BPP  STemWin532_CM4_Keil.lib(guidrv_lin_16.o)
    0x0800cc00   0x00000160   Code   RO         6045    i._DrawBitLine4BPP  STemWin532_CM4_Keil.lib(guidev_16.o)
    0x0800cd60   0x00000158   Code   RO         6802    i._DrawBitLine4BPP  STemWin532_CM4_Keil.lib(guidev_32.o)
    0x0800ceb8   0x000000fc   Code   RO         5203    i._DrawBitLine8BPP  STemWin532_CM4_Keil.lib(guidrv_lin_16.o)
    0x0800cfb4   0x00000188   Code   RO         5204    i._DrawBitmap       STemWin532_CM4_Keil.lib(guidrv_lin_16.o)
    0x0800d13c   0x000002a0   Code   RO         6046    i._DrawBitmap       STemWin532_CM4_Keil.lib(guidev_16.o)
    0x0800d3dc   0x000002a4   Code   RO         6803    i._DrawBitmap       STemWin532_CM4_Keil.lib(guidev_32.o)
    0x0800d680   0x00000028   Code   RO         4955    i._DrawBitmapSwapRB  STemWin532_CM4_Keil.lib(gui_drawbitmap_555.o)
    0x0800d6a8   0x00000010   Code   RO         6975    i._DrawDown         STemWin532_CM4_Keil.lib(widget_effect_simple.o)
    0x0800d6b8   0x00000038   Code   RO         6976    i._DrawDownRect     STemWin532_CM4_Keil.lib(widget_effect_simple.o)
    0x0800d6f0   0x000000f4   Code   RO         6930    i._DrawFrame        STemWin532_CM4_Keil.lib(scrollbar_skinflex.o)
    0x0800d7e4   0x0000017e   Code   RO         6488    i._DrawGradient     STemWin532_CM4_Keil.lib(gui_drawgradient.o)
    0x0800d962   0x0000005c   Code   RO         6931    i._DrawGraspH       STemWin532_CM4_Keil.lib(scrollbar_skinflex.o)
    0x0800d9be   0x0000005c   Code   RO         6932    i._DrawGraspV       STemWin532_CM4_Keil.lib(scrollbar_skinflex.o)
    0x0800da1a   0x0000000a   Code   RO         5205    i._DrawHLine        STemWin532_CM4_Keil.lib(guidrv_lin_16.o)
    0x0800da24   0x0000000a   Code   RO         6047    i._DrawHLine        STemWin532_CM4_Keil.lib(guidev_16.o)
    0x0800da2e   0x0000000a   Code   RO         6804    i._DrawHLine        STemWin532_CM4_Keil.lib(guidev_32.o)
    0x0800da38   0x00000014   Code   RO         7103    i._DrawLineEnd      STemWin532_CM4_Keil.lib(gui_drawline.o)
    0x0800da4c   0x0000005c   Code   RO         5628    i._DrawNext         STemWin532_CM4_Keil.lib(wm.o)
    0x0800daa8   0x0000007a   Code   RO         6959    i._DrawShaftH       STemWin532_CM4_Keil.lib(slider_skinflex.o)
    0x0800db22   0x00000074   Code   RO         6960    i._DrawShaftV       STemWin532_CM4_Keil.lib(slider_skinflex.o)
    0x0800db96   0x00000100   Code   RO         6961    i._DrawThumbH       STemWin532_CM4_Keil.lib(slider_skinflex.o)
    0x0800dc96   0x000000fc   Code   RO         6962    i._DrawThumbV       STemWin532_CM4_Keil.lib(slider_skinflex.o)
    0x0800dd92   0x00000106   Code   RO         6413    i._DrawTwinArc2     STemWin532_CM4_Keil.lib(gui__drawtwinarc.o)
    0x0800de98   0x00000172   Code   RO         6414    i._DrawTwinArc4     STemWin532_CM4_Keil.lib(gui__drawtwinarc.o)
    0x0800e00a   0x00000010   Code   RO         6977    i._DrawUp           STemWin532_CM4_Keil.lib(widget_effect_simple.o)
    0x0800e01a   0x00000002   PAD
    0x0800e01c   0x00000038   Code   RO         6978    i._DrawUpRect       STemWin532_CM4_Keil.lib(widget_effect_simple.o)
    0x0800e054   0x0000000c   Code   RO         5206    i._DrawVLine        STemWin532_CM4_Keil.lib(guidrv_lin_16.o)
    0x0800e060   0x000000b8   Code   RO         6048    i._DrawVLine        STemWin532_CM4_Keil.lib(guidev_16.o)
    0x0800e118   0x000000ac   Code   RO         6805    i._DrawVLine        STemWin532_CM4_Keil.lib(guidev_32.o)
    0x0800e1c4   0x00000006   Code   RO         5863    i._Encode           STemWin532_CM4_Keil.lib(gui_uc_encodenone.o)
    0x0800e1ca   0x00000002   PAD
    0x0800e1cc   0x00000098   Code   RO         4839    i._EnlargeBlocks    STemWin532_CM4_Keil.lib(gui_alloc.o)
    0x0800e264   0x00000070   Code   RO         5629    i._Exec1Input       STemWin532_CM4_Keil.lib(wm.o)
    0x0800e2d4   0x00000028   Code   RO         5207    i._FillRect         STemWin532_CM4_Keil.lib(guidrv_lin_16.o)
    0x0800e2fc   0x000000ac   Code   RO         6049    i._FillRect         STemWin532_CM4_Keil.lib(guidev_16.o)
    0x0800e3a8   0x000000a4   Code   RO         6806    i._FillRect         STemWin532_CM4_Keil.lib(guidev_32.o)
    0x0800e44c   0x0000014c   Code   RO         5208    i._FillRectOpt16    STemWin532_CM4_Keil.lib(guidrv_lin_16.o)
    0x0800e598   0x00000148   Code   RO         5630    i._FindNext_IVR     STemWin532_CM4_Keil.lib(wm.o)
    0x0800e6e0   0x0000007c   Code   RO         5631    i._Findx0           STemWin532_CM4_Keil.lib(wm.o)
    0x0800e75c   0x00000072   Code   RO         5632    i._Findx1           STemWin532_CM4_Keil.lib(wm.o)
    0x0800e7ce   0x000000a6   Code   RO         5633    i._Findy1           STemWin532_CM4_Keil.lib(wm.o)
    0x0800e874   0x00000004   Code   RO         6865    i._GUI_USAGE_BM_Delete  STemWin532_CM4_Keil.lib(guidev_usagebm.o)
    0x0800e878   0x00000030   Code   RO         6933    i._GetArrowPara     STemWin532_CM4_Keil.lib(scrollbar_skinflex.o)
    0x0800e8a8   0x00000040   Code   RO         6131    i._GetBorderSize    STemWin532_CM4_Keil.lib(framewin_skin.o)
    0x0800e8e8   0x00000004   Code   RO         5864    i._GetCharCode      STemWin532_CM4_Keil.lib(gui_uc_encodenone.o)
    0x0800e8ec   0x00000004   Code   RO         5865    i._GetCharSize      STemWin532_CM4_Keil.lib(gui_uc_encodenone.o)
    0x0800e8f0   0x0000000a   Code   RO         6306    i._GetDefaultWin    STemWin532_CM4_Keil.lib(wm_getwindowsize.o)
    0x0800e8fa   0x00000002   PAD
    0x0800e8fc   0x00000010   Code   RO         5209    i._GetDevData       STemWin532_CM4_Keil.lib(guidrv_lin_16.o)
    0x0800e90c   0x00000010   Code   RO         6050    i._GetDevData       STemWin532_CM4_Keil.lib(guidev_16.o)
    0x0800e91c   0x00000010   Code   RO         6807    i._GetDevData       STemWin532_CM4_Keil.lib(guidev_32.o)
    0x0800e92c   0x000000dc   Code   RO         5210    i._GetDevFunc       STemWin532_CM4_Keil.lib(guidrv_lin_16.o)
    0x0800ea08   0x00000010   Code   RO         6051    i._GetDevFunc       STemWin532_CM4_Keil.lib(guidev_16.o)
    0x0800ea18   0x00000010   Code   RO         6808    i._GetDevFunc       STemWin532_CM4_Keil.lib(guidev_32.o)
    0x0800ea28   0x0000001e   Code   RO         5104    i._GetDevProp       STemWin532_CM4_Keil.lib(lcd_getex.o)
    0x0800ea46   0x0000003c   Code   RO         5211    i._GetDevProp       STemWin532_CM4_Keil.lib(guidrv_lin_16.o)
    0x0800ea82   0x00000010   Code   RO         6052    i._GetDevProp       STemWin532_CM4_Keil.lib(guidev_16.o)
    0x0800ea92   0x0000000c   Code   RO         6809    i._GetDevProp       STemWin532_CM4_Keil.lib(guidev_32.o)
    0x0800ea9e   0x00000040   Code   RO         5704    i._GetDialogItem    STemWin532_CM4_Keil.lib(wm_getdialogitem.o)
    0x0800eade   0x00000050   Code   RO         7241    i._GetDialogItem    STemWin532_CM4_Keil.lib(wm_getscrollbar.o)
    0x0800eb2e   0x00000052   Code   RO         6658    i._GetIndexMask_0   STemWin532_CM4_Keil.lib(guicc_0.o)
    0x0800eb80   0x00000006   Code   RO         6668    i._GetIndexMask_8888  STemWin532_CM4_Keil.lib(guicc_8888.o)
    0x0800eb86   0x00000006   Code   RO         5016    i._GetIndexMask_M565  STemWin532_CM4_Keil.lib(guicc_m565.o)
    0x0800eb8c   0x0000001e   Code   RO         5105    i._GetMaxValue      STemWin532_CM4_Keil.lib(lcd_getex.o)
    0x0800ebaa   0x00000002   PAD
    0x0800ebac   0x0000001c   Code   RO         4840    i._GetMinIndex      STemWin532_CM4_Keil.lib(gui_alloc.o)
    0x0800ebc8   0x00000022   Code   RO         6334    i._GetNextChild     STemWin532_CM4_Keil.lib(wm_setfocusonnextchild.o)
    0x0800ebea   0x00000010   Code   RO         5212    i._GetPixelIndex    STemWin532_CM4_Keil.lib(guidrv_lin_16.o)
    0x0800ebfa   0x0000000e   Code   RO         6053    i._GetPixelIndex    STemWin532_CM4_Keil.lib(guidev_16.o)
    0x0800ec08   0x0000000e   Code   RO         6810    i._GetPixelIndex    STemWin532_CM4_Keil.lib(guidev_32.o)
    0x0800ec16   0x0000001c   Code   RO         5213    i._GetPos           STemWin532_CM4_Keil.lib(guidrv_lin_16.o)
    0x0800ec32   0x0000001a   Code   RO         6340    i._GetPrevChild     STemWin532_CM4_Keil.lib(wm_setfocusonprevchild.o)
    0x0800ec4c   0x00000016   Code   RO         5214    i._GetRect          STemWin532_CM4_Keil.lib(guidrv_lin_16.o)
    0x0800ec62   0x00000030   Code   RO         6054    i._GetRect          STemWin532_CM4_Keil.lib(guidev_16.o)
    0x0800ec92   0x00000030   Code   RO         6811    i._GetRect          STemWin532_CM4_Keil.lib(guidev_32.o)
    0x0800ecc2   0x00000054   Code   RO         6417    i._GetTwinArcPara   STemWin532_CM4_Keil.lib(gui__drawtwinarc.o)
    0x0800ed16   0x00000002   PAD
    0x0800ed18   0x00000010   Code   RO         5794    i._GotoX            STemWin532_CM4_Keil.lib(gui_goto.o)
    0x0800ed28   0x00000010   Code   RO         5795    i._GotoY            STemWin532_CM4_Keil.lib(gui_goto.o)
    0x0800ed38   0x0000001c   Code   RO         5813    i._IncPointer       STemWin532_CM4_Keil.lib(gui_onkey.o)
    0x0800ed54   0x00000006   Code   RO         5814    i._IncReadPointer   STemWin532_CM4_Keil.lib(gui_onkey.o)
    0x0800ed5a   0x00000002   PAD
    0x0800ed5c   0x00000058   Code   RO         5017    i._Index2ColorBulk  STemWin532_CM4_Keil.lib(guicc_m565.o)
    0x0800edb4   0x0000000e   Code   RO         6669    i._Index2ColorBulk  STemWin532_CM4_Keil.lib(guicc_8888.o)
    0x0800edc2   0x00000020   Code   RO         6659    i._Index2Color_0    STemWin532_CM4_Keil.lib(guicc_0.o)
    0x0800ede2   0x00000018   Code   RO         5215    i._Init             STemWin532_CM4_Keil.lib(guidrv_lin_16.o)
    0x0800edfa   0x00000002   PAD
    0x0800edfc   0x00000070   Code   RO         4897    i._InitContext      STemWin532_CM4_Keil.lib(gui_core.o)
    0x0800ee6c   0x000000a8   Code   RO         4841    i._InitOnce         STemWin532_CM4_Keil.lib(gui_alloc.o)
    0x0800ef14   0x00000024   Code   RO         5216    i._InitOnce         STemWin532_CM4_Keil.lib(guidrv_lin_16.o)
    0x0800ef38   0x00000080   Code   RO         5634    i._Invalidate1Abs   STemWin532_CM4_Keil.lib(wm.o)
    0x0800efb8   0x00000088   Code   RO         6632    i._Link             STemWin532_CM4_Keil.lib(gui_timer.o)
    0x0800f040   0x00000002   Code   RO         5757    i._Log2VisBuffered  STemWin532_CM4_Keil.lib(gui_charline.o)
    0x0800f042   0x00000008   Code   RO         6078    i._Min              STemWin532_CM4_Keil.lib(guidev_banding.o)
    0x0800f04a   0x0000006e   Code   RO         7034    i._MoveDescendents  STemWin532_CM4_Keil.lib(wm_move.o)
    0x0800f0b8   0x00000024   Code   RO         6684    i._NextPixel_End    STemWin532_CM4_Keil.lib(lcd_nextpixelapi.o)
    0x0800f0dc   0x00000050   Code   RO         6685    i._NextPixel_FlushBuffer  STemWin532_CM4_Keil.lib(lcd_nextpixelapi.o)
    0x0800f12c   0x0000001c   Code   RO         6686    i._NextPixel_NextLine  STemWin532_CM4_Keil.lib(lcd_nextpixelapi.o)
    0x0800f148   0x000000f0   Code   RO         6687    i._NextPixel_SetPixel  STemWin532_CM4_Keil.lib(lcd_nextpixelapi.o)
    0x0800f238   0x000000a4   Code   RO         6688    i._NextPixel_Start  STemWin532_CM4_Keil.lib(lcd_nextpixelapi.o)
    0x0800f2dc   0x0000000a   Code   RO         5217    i._Off              STemWin532_CM4_Keil.lib(guidrv_lin_16.o)
    0x0800f2e6   0x0000000a   Code   RO         5218    i._On               STemWin532_CM4_Keil.lib(guidrv_lin_16.o)
    0x0800f2f0   0x0000002c   Code   RO         5498    i._OnButtonPressed  STemWin532_CM4_Keil.lib(button.o)
    0x0800f31c   0x0000003a   Code   RO         5499    i._OnButtonReleased  STemWin532_CM4_Keil.lib(button.o)
    0x0800f356   0x0000005e   Code   RO         5557    i._OnChildHasFocus  STemWin532_CM4_Keil.lib(framewin.o)
    0x0800f3b4   0x00000034   Code   RO         4842    i._OnExit           STemWin532_CM4_Keil.lib(gui_alloc.o)
    0x0800f3e8   0x0000002c   Code   RO         4898    i._OnExit           STemWin532_CM4_Keil.lib(gui_core.o)
    0x0800f414   0x00000034   Code   RO         5635    i._OnExit           STemWin532_CM4_Keil.lib(wm.o)
    0x0800f448   0x00000014   Code   RO         5912    i._OnExit           STemWin532_CM4_Keil.lib(lcd_color.o)
    0x0800f45c   0x00000028   Code   RO         6396    i._OnExit           STemWin532_CM4_Keil.lib(gui__alpha.o)
    0x0800f484   0x00000010   Code   RO         6633    i._OnExit           STemWin532_CM4_Keil.lib(gui_timer.o)
    0x0800f494   0x00000066   Code   RO         6162    i._OnTimer          STemWin532_CM4_Keil.lib(scrollbar.o)
    0x0800f4fa   0x00000002   PAD
    0x0800f4fc   0x00000070   Code   RO         5558    i._OnTouch          STemWin532_CM4_Keil.lib(framewin.o)
    0x0800f56c   0x0000020e   Code   RO         6163    i._OnTouch          STemWin532_CM4_Keil.lib(scrollbar.o)
    0x0800f77a   0x000000d8   Code   RO         6198    i._OnTouch          STemWin532_CM4_Keil.lib(slider.o)
    0x0800f852   0x00000040   Code   RO         5501    i._OnTouchDefault   STemWin532_CM4_Keil.lib(button.o)
    0x0800f892   0x0000007e   Code   RO         6109    i._Paint            STemWin532_CM4_Keil.lib(button_skin.o)
    0x0800f910   0x00000108   Code   RO         6132    i._Paint            STemWin532_CM4_Keil.lib(framewin_skin.o)
    0x0800fa18   0x000000ba   Code   RO         6918    i._Paint            STemWin532_CM4_Keil.lib(scrollbar_skin.o)
    0x0800fad2   0x000001a6   Code   RO         6949    i._Paint            STemWin532_CM4_Keil.lib(slider_skin.o)
    0x0800fc78   0x00000024   Code   RO         5636    i._Paint1           STemWin532_CM4_Keil.lib(wm.o)
    0x0800fc9c   0x0000008c   Code   RO         5637    i._Paint1Trans      STemWin532_CM4_Keil.lib(wm.o)
    0x0800fd28   0x0000009a   Code   RO         5638    i._PaintTransChildren  STemWin532_CM4_Keil.lib(wm.o)
    0x0800fdc2   0x00000002   PAD
    0x0800fdc4   0x00000040   Code   RO         4843    i._PopFreeBlock     STemWin532_CM4_Keil.lib(gui_alloc.o)
    0x0800fe04   0x00000028   Code   RO         4844    i._PushFreeBlock    STemWin532_CM4_Keil.lib(gui_alloc.o)
    0x0800fe2c   0x00000030   Code   RO         5219    i._ReadRect         STemWin532_CM4_Keil.lib(guidrv_lin_16.o)
    0x0800fe5c   0x00000034   Code   RO         4845    i._RemoveFreeBlock  STemWin532_CM4_Keil.lib(gui_alloc.o)
    0x0800fe90   0x0000005c   Code   RO         6634    i._RemoveFromLinList  STemWin532_CM4_Keil.lib(gui_timer.o)
    0x0800feec   0x000000a0   Code   RO         4846    i._RemoveHoles      STemWin532_CM4_Keil.lib(gui_alloc.o)
    0x0800ff8c   0x0000003a   Code   RO         5559    i._SetActive        STemWin532_CM4_Keil.lib(framewin.o)
    0x0800ffc6   0x00000026   Code   RO         5220    i._SetAlpha         STemWin532_CM4_Keil.lib(guidrv_lin_16.o)
    0x0800ffec   0x00000010   Code   RO         5221    i._SetAlphaMode     STemWin532_CM4_Keil.lib(guidrv_lin_16.o)
    0x0800fffc   0x00000020   Code   RO         5040    i._SetBkColor       STemWin532_CM4_Keil.lib(lcd.o)
    0x0801001c   0x00000012   Code   RO         5222    i._SetChroma        STemWin532_CM4_Keil.lib(guidrv_lin_16.o)
    0x0801002e   0x00000010   Code   RO         5223    i._SetChromaMode    STemWin532_CM4_Keil.lib(guidrv_lin_16.o)
    0x0801003e   0x00000002   PAD
    0x08010040   0x0000004c   Code   RO         5639    i._SetClipRectUserIntersect  STemWin532_CM4_Keil.lib(wm.o)
    0x0801008c   0x00000020   Code   RO         5041    i._SetColor         STemWin532_CM4_Keil.lib(lcd.o)
    0x080100ac   0x00000044   Code   RO         5224    i._SetDevFunc       STemWin532_CM4_Keil.lib(guidrv_lin_16.o)
    0x080100f0   0x0000002c   Code   RO         5042    i._SetDrawMode      STemWin532_CM4_Keil.lib(lcd.o)
    0x0801011c   0x00000060   Code   RO         6335    i._SetFocusOnNextChild  STemWin532_CM4_Keil.lib(wm_setfocusonnextchild.o)
    0x0801017c   0x00000078   Code   RO         7104    i._SetLineColor     STemWin532_CM4_Keil.lib(gui_drawline.o)
    0x080101f4   0x000000a4   Code   RO         5225    i._SetOrg           STemWin532_CM4_Keil.lib(guidrv_lin_16.o)
    0x08010298   0x0000000e   Code   RO         6055    i._SetOrg           STemWin532_CM4_Keil.lib(guidev_16.o)
    0x080102a6   0x00000008   Code   RO         6812    i._SetOrg           STemWin532_CM4_Keil.lib(guidev_32.o)
    0x080102ae   0x00000012   Code   RO         5226    i._SetPixelIndex    STemWin532_CM4_Keil.lib(guidrv_lin_16.o)
    0x080102c0   0x00000048   Code   RO         6056    i._SetPixelIndex    STemWin532_CM4_Keil.lib(guidev_16.o)
    0x08010308   0x00000048   Code   RO         6813    i._SetPixelIndex    STemWin532_CM4_Keil.lib(guidev_32.o)
    0x08010350   0x000000ea   Code   RO         5227    i._SetPos           STemWin532_CM4_Keil.lib(guidrv_lin_16.o)
    0x0801043a   0x00000044   Code   RO         5228    i._SetSize          STemWin532_CM4_Keil.lib(guidrv_lin_16.o)
    0x0801047e   0x00000028   Code   RO         5229    i._SetVRAMAddr      STemWin532_CM4_Keil.lib(guidrv_lin_16.o)
    0x080104a6   0x0000002a   Code   RO         5230    i._SetVSize         STemWin532_CM4_Keil.lib(guidrv_lin_16.o)
    0x080104d0   0x00000026   Code   RO         5231    i._SetVis           STemWin532_CM4_Keil.lib(guidrv_lin_16.o)
    0x080104f6   0x00000024   Code   RO         5232    i._ShowBuffer       STemWin532_CM4_Keil.lib(guidrv_lin_16.o)
    0x0801051a   0x00000002   PAD
    0x0801051c   0x000000ea   Code   RO         4847    i._TestRAM          STemWin532_CM4_Keil.lib(gui_alloc.o)
    0x08010606   0x00000002   PAD
    0x08010608   0x00000050   Code   RO         6635    i._Unlink           STemWin532_CM4_Keil.lib(gui_timer.o)
    0x08010658   0x0000000e   Code   RO         4848    i._WriteTagData     STemWin532_CM4_Keil.lib(gui_alloc.o)
    0x08010666   0x00000002   PAD
    0x08010668   0x00000340   Code   RO         6884    i._WriteToActiveOpaque_8  STemWin532_CM4_Keil.lib(guidev_writetoactiveopaque.o)
    0x080109a8   0x00000344   Code   RO         6885    i._WriteToActiveOpaque_HT  STemWin532_CM4_Keil.lib(guidev_writetoactiveopaque.o)
    0x08010cec   0x0000003c   Code   RO         6057    i._XY2PTR           STemWin532_CM4_Keil.lib(guidev_16.o)
    0x08010d28   0x0000003c   Code   RO         6814    i._XY2PTR           STemWin532_CM4_Keil.lib(guidev_32.o)
    0x08010d64   0x00000028   Code   RO         5233    i._XorPixel         STemWin532_CM4_Keil.lib(guidrv_lin_16.o)
    0x08010d8c   0x00000054   Code   RO         6058    i._XorPixel         STemWin532_CM4_Keil.lib(guidev_16.o)
    0x08010de0   0x00000058   Code   RO         6815    i._XorPixel         STemWin532_CM4_Keil.lib(guidev_32.o)
    0x08010e38   0x0000000e   Code   RO         7321    i.__scatterload_copy  mc_w.l(handlers.o)
    0x08010e46   0x00000002   Code   RO         7322    i.__scatterload_null  mc_w.l(handlers.o)
    0x08010e48   0x0000000e   Code   RO         7323    i.__scatterload_zeroinit  mc_w.l(handlers.o)
    0x08010e56   0x00000002   PAD
    0x08010e58   0x00000084   Code   RO         7105    i._atan2            STemWin532_CM4_Keil.lib(gui_drawline.o)
    0x08010edc   0x00000050   Code   RO         5640    i._cbBackWin        STemWin532_CM4_Keil.lib(wm.o)
    0x08010f2c   0x00000004   Code   RO         6278    i._cbInvalidateOne  STemWin532_CM4_Keil.lib(wm_bringtotop.o)
    0x08010f30   0x00000044   Code   RO         5641    i._cbPaintMemDev    STemWin532_CM4_Keil.lib(wm.o)
    0x08010f74   0x0000002c   Code   RO         6354    i._cbTimer          STemWin532_CM4_Keil.lib(wm_timer.o)
    0x08010fa0   0x00000002   Code   RO            8    i.assert_failed     main.o
    0x08010fa2   0x0000008a   Code   RO         5043    i.emWin_LCD_Init    STemWin532_CM4_Keil.lib(lcd.o)
    0x0801102c   0x000000bc   Code   RO            9    i.main              main.o
    0x080110e8   0x0003b7d6   Data   RO          355    .constdata          armflydlg.o
    0x0804c8be   0x00000002   PAD
    0x0804c8c0   0x00000084   Data   RO          356    .constdata          armflydlg.o
    0x0804c944   0x00000195   Data   RO          494    .constdata          otm8009a.o
    0x0804cad9   0x00000010   Data   RO          828    .constdata          system_stm32f4xx.o
    0x0804cae9   0x00000008   Data   RO         3967    .constdata          stm32f4xx_hal_dma.o
    0x0804caf1   0x00000003   PAD
    0x0804caf4   0x00000008   Data   RO         4900    .constdata          STemWin532_CM4_Keil.lib(gui_core.o)
    0x0804cafc   0x00000010   Data   RO         4957    .constdata          STemWin532_CM4_Keil.lib(gui_drawbitmap_555.o)
    0x0804cb0c   0x00000018   Data   RO         5018    .constdata          STemWin532_CM4_Keil.lib(guicc_m565.o)
    0x0804cb24   0x0000000c   Data   RO         5044    .constdata          STemWin532_CM4_Keil.lib(lcd.o)
    0x0804cb30   0x00000034   Data   RO         5234    .constdata          STemWin532_CM4_Keil.lib(guidrv_lin_16.o)
    0x0804cb64   0x00000518   Data   RO         5270    .constdata          STemWin532_CM4_Keil.lib(f6x8.o)
    0x0804d07c   0x000001c0   Data   RO         5271    .constdata          STemWin532_CM4_Keil.lib(f6x8.o)
    0x0804d23c   0x00000008   Data   RO         5272    .constdata          STemWin532_CM4_Keil.lib(f6x8.o)
    0x0804d244   0x00000014   Data   RO         5273    .constdata          STemWin532_CM4_Keil.lib(f6x8.o)
    0x0804d258   0x00000024   Data   RO         5274    .constdata          STemWin532_CM4_Keil.lib(f6x8.o)
    0x0804d27c   0x00000a30   Data   RO         5276    .constdata          STemWin532_CM4_Keil.lib(f8x16.o)
    0x0804dcac   0x000001c0   Data   RO         5277    .constdata          STemWin532_CM4_Keil.lib(f8x16.o)
    0x0804de6c   0x00000008   Data   RO         5278    .constdata          STemWin532_CM4_Keil.lib(f8x16.o)
    0x0804de74   0x00000014   Data   RO         5279    .constdata          STemWin532_CM4_Keil.lib(f8x16.o)
    0x0804de88   0x00000024   Data   RO         5280    .constdata          STemWin532_CM4_Keil.lib(f8x16.o)
    0x0804deac   0x00000020   Data   RO         5711    .constdata          STemWin532_CM4_Keil.lib(gui__divtbl_31_255.o)
    0x0804decc   0x00000040   Data   RO         5712    .constdata          STemWin532_CM4_Keil.lib(gui__divtbl_63_255.o)
    0x0804df0c   0x00000100   Data   RO         5713    .constdata          STemWin532_CM4_Keil.lib(gui__divtbl_255_31.o)
    0x0804e00c   0x00000100   Data   RO         5714    .constdata          STemWin532_CM4_Keil.lib(gui__divtbl_255_63.o)
    0x0804e10c   0x00000010   Data   RO         5866    .constdata          STemWin532_CM4_Keil.lib(gui_uc_encodenone.o)
    0x0804e11c   0x00000100   Data   RO         5921    .constdata          STemWin532_CM4_Keil.lib(lcd_mirror.o)
    0x0804e21c   0x0000000d   Data   RO         5924    .constdata          STemWin532_CM4_Keil.lib(f13_1.o)
    0x0804e229   0x0000000d   Data   RO         5925    .constdata          STemWin532_CM4_Keil.lib(f13_1.o)
    0x0804e236   0x0000000d   Data   RO         5926    .constdata          STemWin532_CM4_Keil.lib(f13_1.o)
    0x0804e243   0x0000000d   Data   RO         5927    .constdata          STemWin532_CM4_Keil.lib(f13_1.o)
    0x0804e250   0x0000000d   Data   RO         5928    .constdata          STemWin532_CM4_Keil.lib(f13_1.o)
    0x0804e25d   0x0000000d   Data   RO         5929    .constdata          STemWin532_CM4_Keil.lib(f13_1.o)
    0x0804e26a   0x0000000d   Data   RO         5930    .constdata          STemWin532_CM4_Keil.lib(f13_1.o)
    0x0804e277   0x0000000d   Data   RO         5931    .constdata          STemWin532_CM4_Keil.lib(f13_1.o)
    0x0804e284   0x0000000d   Data   RO         5932    .constdata          STemWin532_CM4_Keil.lib(f13_1.o)
    0x0804e291   0x0000001a   Data   RO         5933    .constdata          STemWin532_CM4_Keil.lib(f13_1.o)
    0x0804e2ab   0x0000000d   Data   RO         5934    .constdata          STemWin532_CM4_Keil.lib(f13_1.o)
    0x0804e2b8   0x0000000d   Data   RO         5935    .constdata          STemWin532_CM4_Keil.lib(f13_1.o)
    0x0804e2c5   0x0000000d   Data   RO         5936    .constdata          STemWin532_CM4_Keil.lib(f13_1.o)
    0x0804e2d2   0x0000000d   Data   RO         5937    .constdata          STemWin532_CM4_Keil.lib(f13_1.o)
    0x0804e2df   0x0000001a   Data   RO         5938    .constdata          STemWin532_CM4_Keil.lib(f13_1.o)
    0x0804e2f9   0x0000000d   Data   RO         5939    .constdata          STemWin532_CM4_Keil.lib(f13_1.o)
    0x0804e306   0x0000000d   Data   RO         5940    .constdata          STemWin532_CM4_Keil.lib(f13_1.o)
    0x0804e313   0x0000000d   Data   RO         5941    .constdata          STemWin532_CM4_Keil.lib(f13_1.o)
    0x0804e320   0x0000000d   Data   RO         5942    .constdata          STemWin532_CM4_Keil.lib(f13_1.o)
    0x0804e32d   0x0000000d   Data   RO         5943    .constdata          STemWin532_CM4_Keil.lib(f13_1.o)
    0x0804e33a   0x0000000d   Data   RO         5944    .constdata          STemWin532_CM4_Keil.lib(f13_1.o)
    0x0804e347   0x0000000d   Data   RO         5945    .constdata          STemWin532_CM4_Keil.lib(f13_1.o)
    0x0804e354   0x0000000d   Data   RO         5946    .constdata          STemWin532_CM4_Keil.lib(f13_1.o)
    0x0804e361   0x0000000d   Data   RO         5947    .constdata          STemWin532_CM4_Keil.lib(f13_1.o)
    0x0804e36e   0x0000000d   Data   RO         5948    .constdata          STemWin532_CM4_Keil.lib(f13_1.o)
    0x0804e37b   0x0000000d   Data   RO         5949    .constdata          STemWin532_CM4_Keil.lib(f13_1.o)
    0x0804e388   0x0000000d   Data   RO         5950    .constdata          STemWin532_CM4_Keil.lib(f13_1.o)
    0x0804e395   0x0000000d   Data   RO         5951    .constdata          STemWin532_CM4_Keil.lib(f13_1.o)
    0x0804e3a2   0x0000001a   Data   RO         5952    .constdata          STemWin532_CM4_Keil.lib(f13_1.o)
    0x0804e3bc   0x0000001a   Data   RO         5953    .constdata          STemWin532_CM4_Keil.lib(f13_1.o)
    0x0804e3d6   0x0000001a   Data   RO         5954    .constdata          STemWin532_CM4_Keil.lib(f13_1.o)
    0x0804e3f0   0x0000000d   Data   RO         5955    .constdata          STemWin532_CM4_Keil.lib(f13_1.o)
    0x0804e3fd   0x0000000d   Data   RO         5956    .constdata          STemWin532_CM4_Keil.lib(f13_1.o)
    0x0804e40a   0x0000000d   Data   RO         5957    .constdata          STemWin532_CM4_Keil.lib(f13_1.o)
    0x0804e417   0x0000000d   Data   RO         5958    .constdata          STemWin532_CM4_Keil.lib(f13_1.o)
    0x0804e424   0x0000000d   Data   RO         5959    .constdata          STemWin532_CM4_Keil.lib(f13_1.o)
    0x0804e431   0x0000000d   Data   RO         5960    .constdata          STemWin532_CM4_Keil.lib(f13_1.o)
    0x0804e43e   0x0000000d   Data   RO         5961    .constdata          STemWin532_CM4_Keil.lib(f13_1.o)
    0x0804e44b   0x0000001a   Data   RO         5962    .constdata          STemWin532_CM4_Keil.lib(f13_1.o)
    0x0804e465   0x0000000d   Data   RO         5963    .constdata          STemWin532_CM4_Keil.lib(f13_1.o)
    0x0804e472   0x0000000d   Data   RO         5964    .constdata          STemWin532_CM4_Keil.lib(f13_1.o)
    0x0804e47f   0x0000000d   Data   RO         5965    .constdata          STemWin532_CM4_Keil.lib(f13_1.o)
    0x0804e48c   0x0000000d   Data   RO         5966    .constdata          STemWin532_CM4_Keil.lib(f13_1.o)
    0x0804e499   0x0000000d   Data   RO         5967    .constdata          STemWin532_CM4_Keil.lib(f13_1.o)
    0x0804e4a6   0x0000000d   Data   RO         5968    .constdata          STemWin532_CM4_Keil.lib(f13_1.o)
    0x0804e4b3   0x0000000d   Data   RO         5969    .constdata          STemWin532_CM4_Keil.lib(f13_1.o)
    0x0804e4c0   0x0000000d   Data   RO         5970    .constdata          STemWin532_CM4_Keil.lib(f13_1.o)
    0x0804e4cd   0x0000000d   Data   RO         5971    .constdata          STemWin532_CM4_Keil.lib(f13_1.o)
    0x0804e4da   0x0000000d   Data   RO         5972    .constdata          STemWin532_CM4_Keil.lib(f13_1.o)
    0x0804e4e7   0x0000000d   Data   RO         5973    .constdata          STemWin532_CM4_Keil.lib(f13_1.o)
    0x0804e4f4   0x0000000d   Data   RO         5974    .constdata          STemWin532_CM4_Keil.lib(f13_1.o)
    0x0804e501   0x0000000d   Data   RO         5975    .constdata          STemWin532_CM4_Keil.lib(f13_1.o)
    0x0804e50e   0x0000000d   Data   RO         5976    .constdata          STemWin532_CM4_Keil.lib(f13_1.o)
    0x0804e51b   0x0000000d   Data   RO         5977    .constdata          STemWin532_CM4_Keil.lib(f13_1.o)
    0x0804e528   0x0000000d   Data   RO         5978    .constdata          STemWin532_CM4_Keil.lib(f13_1.o)
    0x0804e535   0x0000000d   Data   RO         5979    .constdata          STemWin532_CM4_Keil.lib(f13_1.o)
    0x0804e542   0x0000000d   Data   RO         5980    .constdata          STemWin532_CM4_Keil.lib(f13_1.o)
    0x0804e54f   0x0000000d   Data   RO         5981    .constdata          STemWin532_CM4_Keil.lib(f13_1.o)
    0x0804e55c   0x0000000d   Data   RO         5982    .constdata          STemWin532_CM4_Keil.lib(f13_1.o)
    0x0804e569   0x0000000d   Data   RO         5983    .constdata          STemWin532_CM4_Keil.lib(f13_1.o)
    0x0804e576   0x0000000d   Data   RO         5984    .constdata          STemWin532_CM4_Keil.lib(f13_1.o)
    0x0804e583   0x0000000d   Data   RO         5985    .constdata          STemWin532_CM4_Keil.lib(f13_1.o)
    0x0804e590   0x0000000d   Data   RO         5986    .constdata          STemWin532_CM4_Keil.lib(f13_1.o)
    0x0804e59d   0x0000000d   Data   RO         5987    .constdata          STemWin532_CM4_Keil.lib(f13_1.o)
    0x0804e5aa   0x0000000d   Data   RO         5988    .constdata          STemWin532_CM4_Keil.lib(f13_1.o)
    0x0804e5b7   0x0000000d   Data   RO         5989    .constdata          STemWin532_CM4_Keil.lib(f13_1.o)
    0x0804e5c4   0x0000000d   Data   RO         5990    .constdata          STemWin532_CM4_Keil.lib(f13_1.o)
    0x0804e5d1   0x0000000d   Data   RO         5991    .constdata          STemWin532_CM4_Keil.lib(f13_1.o)
    0x0804e5de   0x0000000d   Data   RO         5992    .constdata          STemWin532_CM4_Keil.lib(f13_1.o)
    0x0804e5eb   0x0000000d   Data   RO         5993    .constdata          STemWin532_CM4_Keil.lib(f13_1.o)
    0x0804e5f8   0x0000001a   Data   RO         5994    .constdata          STemWin532_CM4_Keil.lib(f13_1.o)
    0x0804e612   0x0000000d   Data   RO         5995    .constdata          STemWin532_CM4_Keil.lib(f13_1.o)
    0x0804e61f   0x0000000d   Data   RO         5996    .constdata          STemWin532_CM4_Keil.lib(f13_1.o)
    0x0804e62c   0x0000000d   Data   RO         5997    .constdata          STemWin532_CM4_Keil.lib(f13_1.o)
    0x0804e639   0x0000000d   Data   RO         5998    .constdata          STemWin532_CM4_Keil.lib(f13_1.o)
    0x0804e646   0x0000000d   Data   RO         5999    .constdata          STemWin532_CM4_Keil.lib(f13_1.o)
    0x0804e653   0x0000000d   Data   RO         6000    .constdata          STemWin532_CM4_Keil.lib(f13_1.o)
    0x0804e660   0x0000000d   Data   RO         6001    .constdata          STemWin532_CM4_Keil.lib(f13_1.o)
    0x0804e66d   0x0000000d   Data   RO         6002    .constdata          STemWin532_CM4_Keil.lib(f13_1.o)
    0x0804e67a   0x0000000d   Data   RO         6003    .constdata          STemWin532_CM4_Keil.lib(f13_1.o)
    0x0804e687   0x0000000d   Data   RO         6004    .constdata          STemWin532_CM4_Keil.lib(f13_1.o)
    0x0804e694   0x0000000d   Data   RO         6005    .constdata          STemWin532_CM4_Keil.lib(f13_1.o)
    0x0804e6a1   0x0000000d   Data   RO         6006    .constdata          STemWin532_CM4_Keil.lib(f13_1.o)
    0x0804e6ae   0x0000000d   Data   RO         6007    .constdata          STemWin532_CM4_Keil.lib(f13_1.o)
    0x0804e6bb   0x0000000d   Data   RO         6008    .constdata          STemWin532_CM4_Keil.lib(f13_1.o)
    0x0804e6c8   0x0000000d   Data   RO         6009    .constdata          STemWin532_CM4_Keil.lib(f13_1.o)
    0x0804e6d5   0x0000000d   Data   RO         6010    .constdata          STemWin532_CM4_Keil.lib(f13_1.o)
    0x0804e6e2   0x0000000d   Data   RO         6011    .constdata          STemWin532_CM4_Keil.lib(f13_1.o)
    0x0804e6ef   0x0000000d   Data   RO         6012    .constdata          STemWin532_CM4_Keil.lib(f13_1.o)
    0x0804e6fc   0x0000000d   Data   RO         6013    .constdata          STemWin532_CM4_Keil.lib(f13_1.o)
    0x0804e709   0x0000000d   Data   RO         6014    .constdata          STemWin532_CM4_Keil.lib(f13_1.o)
    0x0804e716   0x0000000d   Data   RO         6015    .constdata          STemWin532_CM4_Keil.lib(f13_1.o)
    0x0804e723   0x0000000d   Data   RO         6016    .constdata          STemWin532_CM4_Keil.lib(f13_1.o)
    0x0804e730   0x0000000d   Data   RO         6017    .constdata          STemWin532_CM4_Keil.lib(f13_1.o)
    0x0804e73d   0x0000000d   Data   RO         6018    .constdata          STemWin532_CM4_Keil.lib(f13_1.o)
    0x0804e74a   0x0000000d   Data   RO         6019    .constdata          STemWin532_CM4_Keil.lib(f13_1.o)
    0x0804e757   0x00000001   PAD
    0x0804e758   0x00000300   Data   RO         6020    .constdata          STemWin532_CM4_Keil.lib(f13_1.o)
    0x0804ea58   0x0000000c   Data   RO         6021    .constdata          STemWin532_CM4_Keil.lib(f13_1.o)
    0x0804ea64   0x00000024   Data   RO         6022    .constdata          STemWin532_CM4_Keil.lib(f13_1.o)
    0x0804ea88   0x00000074   Data   RO         6059    .constdata          STemWin532_CM4_Keil.lib(guidev_16.o)
    0x0804eafc   0x00000010   Data   RO         6118    .constdata          STemWin532_CM4_Keil.lib(button_skinflex.o)
    0x0804eb0c   0x00000018   Data   RO         6660    .constdata          STemWin532_CM4_Keil.lib(guicc_0.o)
    0x0804eb24   0x00000018   Data   RO         6670    .constdata          STemWin532_CM4_Keil.lib(guicc_8888.o)
    0x0804eb3c   0x0000000d   Data   RO         6701    .constdata          STemWin532_CM4_Keil.lib(f13_ascii.o)
    0x0804eb49   0x0000000d   Data   RO         6702    .constdata          STemWin532_CM4_Keil.lib(f13_ascii.o)
    0x0804eb56   0x0000000d   Data   RO         6703    .constdata          STemWin532_CM4_Keil.lib(f13_ascii.o)
    0x0804eb63   0x0000000d   Data   RO         6704    .constdata          STemWin532_CM4_Keil.lib(f13_ascii.o)
    0x0804eb70   0x0000000d   Data   RO         6705    .constdata          STemWin532_CM4_Keil.lib(f13_ascii.o)
    0x0804eb7d   0x0000001a   Data   RO         6706    .constdata          STemWin532_CM4_Keil.lib(f13_ascii.o)
    0x0804eb97   0x0000000d   Data   RO         6707    .constdata          STemWin532_CM4_Keil.lib(f13_ascii.o)
    0x0804eba4   0x0000000d   Data   RO         6708    .constdata          STemWin532_CM4_Keil.lib(f13_ascii.o)
    0x0804ebb1   0x0000000d   Data   RO         6709    .constdata          STemWin532_CM4_Keil.lib(f13_ascii.o)
    0x0804ebbe   0x0000000d   Data   RO         6710    .constdata          STemWin532_CM4_Keil.lib(f13_ascii.o)
    0x0804ebcb   0x0000000d   Data   RO         6711    .constdata          STemWin532_CM4_Keil.lib(f13_ascii.o)
    0x0804ebd8   0x0000000d   Data   RO         6712    .constdata          STemWin532_CM4_Keil.lib(f13_ascii.o)
    0x0804ebe5   0x0000000d   Data   RO         6713    .constdata          STemWin532_CM4_Keil.lib(f13_ascii.o)
    0x0804ebf2   0x0000000d   Data   RO         6714    .constdata          STemWin532_CM4_Keil.lib(f13_ascii.o)
    0x0804ebff   0x0000000d   Data   RO         6715    .constdata          STemWin532_CM4_Keil.lib(f13_ascii.o)
    0x0804ec0c   0x0000000d   Data   RO         6716    .constdata          STemWin532_CM4_Keil.lib(f13_ascii.o)
    0x0804ec19   0x0000000d   Data   RO         6717    .constdata          STemWin532_CM4_Keil.lib(f13_ascii.o)
    0x0804ec26   0x0000000d   Data   RO         6718    .constdata          STemWin532_CM4_Keil.lib(f13_ascii.o)
    0x0804ec33   0x0000000d   Data   RO         6719    .constdata          STemWin532_CM4_Keil.lib(f13_ascii.o)
    0x0804ec40   0x0000000d   Data   RO         6720    .constdata          STemWin532_CM4_Keil.lib(f13_ascii.o)
    0x0804ec4d   0x0000000d   Data   RO         6721    .constdata          STemWin532_CM4_Keil.lib(f13_ascii.o)
    0x0804ec5a   0x0000000d   Data   RO         6722    .constdata          STemWin532_CM4_Keil.lib(f13_ascii.o)
    0x0804ec67   0x0000000d   Data   RO         6723    .constdata          STemWin532_CM4_Keil.lib(f13_ascii.o)
    0x0804ec74   0x0000000d   Data   RO         6724    .constdata          STemWin532_CM4_Keil.lib(f13_ascii.o)
    0x0804ec81   0x0000000d   Data   RO         6725    .constdata          STemWin532_CM4_Keil.lib(f13_ascii.o)
    0x0804ec8e   0x0000000d   Data   RO         6726    .constdata          STemWin532_CM4_Keil.lib(f13_ascii.o)
    0x0804ec9b   0x0000000d   Data   RO         6727    .constdata          STemWin532_CM4_Keil.lib(f13_ascii.o)
    0x0804eca8   0x0000000d   Data   RO         6728    .constdata          STemWin532_CM4_Keil.lib(f13_ascii.o)
    0x0804ecb5   0x0000000d   Data   RO         6729    .constdata          STemWin532_CM4_Keil.lib(f13_ascii.o)
    0x0804ecc2   0x0000000d   Data   RO         6730    .constdata          STemWin532_CM4_Keil.lib(f13_ascii.o)
    0x0804eccf   0x0000000d   Data   RO         6731    .constdata          STemWin532_CM4_Keil.lib(f13_ascii.o)
    0x0804ecdc   0x0000000d   Data   RO         6732    .constdata          STemWin532_CM4_Keil.lib(f13_ascii.o)
    0x0804ece9   0x0000001a   Data   RO         6733    .constdata          STemWin532_CM4_Keil.lib(f13_ascii.o)
    0x0804ed03   0x0000000d   Data   RO         6734    .constdata          STemWin532_CM4_Keil.lib(f13_ascii.o)
    0x0804ed10   0x0000000d   Data   RO         6735    .constdata          STemWin532_CM4_Keil.lib(f13_ascii.o)
    0x0804ed1d   0x0000000d   Data   RO         6736    .constdata          STemWin532_CM4_Keil.lib(f13_ascii.o)
    0x0804ed2a   0x0000000d   Data   RO         6737    .constdata          STemWin532_CM4_Keil.lib(f13_ascii.o)
    0x0804ed37   0x0000000d   Data   RO         6738    .constdata          STemWin532_CM4_Keil.lib(f13_ascii.o)
    0x0804ed44   0x0000000d   Data   RO         6739    .constdata          STemWin532_CM4_Keil.lib(f13_ascii.o)
    0x0804ed51   0x0000000d   Data   RO         6740    .constdata          STemWin532_CM4_Keil.lib(f13_ascii.o)
    0x0804ed5e   0x0000000d   Data   RO         6741    .constdata          STemWin532_CM4_Keil.lib(f13_ascii.o)
    0x0804ed6b   0x0000000d   Data   RO         6742    .constdata          STemWin532_CM4_Keil.lib(f13_ascii.o)
    0x0804ed78   0x0000000d   Data   RO         6743    .constdata          STemWin532_CM4_Keil.lib(f13_ascii.o)
    0x0804ed85   0x0000000d   Data   RO         6744    .constdata          STemWin532_CM4_Keil.lib(f13_ascii.o)
    0x0804ed92   0x0000000d   Data   RO         6745    .constdata          STemWin532_CM4_Keil.lib(f13_ascii.o)
    0x0804ed9f   0x0000000d   Data   RO         6746    .constdata          STemWin532_CM4_Keil.lib(f13_ascii.o)
    0x0804edac   0x0000000d   Data   RO         6747    .constdata          STemWin532_CM4_Keil.lib(f13_ascii.o)
    0x0804edb9   0x0000000d   Data   RO         6748    .constdata          STemWin532_CM4_Keil.lib(f13_ascii.o)
    0x0804edc6   0x0000000d   Data   RO         6749    .constdata          STemWin532_CM4_Keil.lib(f13_ascii.o)
    0x0804edd3   0x0000000d   Data   RO         6750    .constdata          STemWin532_CM4_Keil.lib(f13_ascii.o)
    0x0804ede0   0x0000000d   Data   RO         6751    .constdata          STemWin532_CM4_Keil.lib(f13_ascii.o)
    0x0804eded   0x0000000d   Data   RO         6752    .constdata          STemWin532_CM4_Keil.lib(f13_ascii.o)
    0x0804edfa   0x0000000d   Data   RO         6753    .constdata          STemWin532_CM4_Keil.lib(f13_ascii.o)
    0x0804ee07   0x0000000d   Data   RO         6754    .constdata          STemWin532_CM4_Keil.lib(f13_ascii.o)
    0x0804ee14   0x0000000d   Data   RO         6755    .constdata          STemWin532_CM4_Keil.lib(f13_ascii.o)
    0x0804ee21   0x0000001a   Data   RO         6756    .constdata          STemWin532_CM4_Keil.lib(f13_ascii.o)
    0x0804ee3b   0x0000000d   Data   RO         6757    .constdata          STemWin532_CM4_Keil.lib(f13_ascii.o)
    0x0804ee48   0x0000000d   Data   RO         6758    .constdata          STemWin532_CM4_Keil.lib(f13_ascii.o)
    0x0804ee55   0x0000000d   Data   RO         6759    .constdata          STemWin532_CM4_Keil.lib(f13_ascii.o)
    0x0804ee62   0x0000000d   Data   RO         6760    .constdata          STemWin532_CM4_Keil.lib(f13_ascii.o)
    0x0804ee6f   0x0000000d   Data   RO         6761    .constdata          STemWin532_CM4_Keil.lib(f13_ascii.o)
    0x0804ee7c   0x0000000d   Data   RO         6762    .constdata          STemWin532_CM4_Keil.lib(f13_ascii.o)
    0x0804ee89   0x0000000d   Data   RO         6763    .constdata          STemWin532_CM4_Keil.lib(f13_ascii.o)
    0x0804ee96   0x0000000d   Data   RO         6764    .constdata          STemWin532_CM4_Keil.lib(f13_ascii.o)
    0x0804eea3   0x0000000d   Data   RO         6765    .constdata          STemWin532_CM4_Keil.lib(f13_ascii.o)
    0x0804eeb0   0x0000000d   Data   RO         6766    .constdata          STemWin532_CM4_Keil.lib(f13_ascii.o)
    0x0804eebd   0x0000000d   Data   RO         6767    .constdata          STemWin532_CM4_Keil.lib(f13_ascii.o)
    0x0804eeca   0x0000000d   Data   RO         6768    .constdata          STemWin532_CM4_Keil.lib(f13_ascii.o)
    0x0804eed7   0x0000000d   Data   RO         6769    .constdata          STemWin532_CM4_Keil.lib(f13_ascii.o)
    0x0804eee4   0x0000000d   Data   RO         6770    .constdata          STemWin532_CM4_Keil.lib(f13_ascii.o)
    0x0804eef1   0x0000000d   Data   RO         6771    .constdata          STemWin532_CM4_Keil.lib(f13_ascii.o)
    0x0804eefe   0x0000000d   Data   RO         6772    .constdata          STemWin532_CM4_Keil.lib(f13_ascii.o)
    0x0804ef0b   0x0000000d   Data   RO         6773    .constdata          STemWin532_CM4_Keil.lib(f13_ascii.o)
    0x0804ef18   0x0000000d   Data   RO         6774    .constdata          STemWin532_CM4_Keil.lib(f13_ascii.o)
    0x0804ef25   0x0000000d   Data   RO         6775    .constdata          STemWin532_CM4_Keil.lib(f13_ascii.o)
    0x0804ef32   0x0000000d   Data   RO         6776    .constdata          STemWin532_CM4_Keil.lib(f13_ascii.o)
    0x0804ef3f   0x0000000d   Data   RO         6777    .constdata          STemWin532_CM4_Keil.lib(f13_ascii.o)
    0x0804ef4c   0x0000000d   Data   RO         6778    .constdata          STemWin532_CM4_Keil.lib(f13_ascii.o)
    0x0804ef59   0x0000000d   Data   RO         6779    .constdata          STemWin532_CM4_Keil.lib(f13_ascii.o)
    0x0804ef66   0x0000000d   Data   RO         6780    .constdata          STemWin532_CM4_Keil.lib(f13_ascii.o)
    0x0804ef73   0x0000000d   Data   RO         6781    .constdata          STemWin532_CM4_Keil.lib(f13_ascii.o)
    0x0804ef80   0x0000000d   Data   RO         6782    .constdata          STemWin532_CM4_Keil.lib(f13_ascii.o)
    0x0804ef8d   0x0000000d   Data   RO         6783    .constdata          STemWin532_CM4_Keil.lib(f13_ascii.o)
    0x0804ef9a   0x0000000d   Data   RO         6784    .constdata          STemWin532_CM4_Keil.lib(f13_ascii.o)
    0x0804efa7   0x0000000d   Data   RO         6785    .constdata          STemWin532_CM4_Keil.lib(f13_ascii.o)
    0x0804efb4   0x0000000d   Data   RO         6786    .constdata          STemWin532_CM4_Keil.lib(f13_ascii.o)
    0x0804efc1   0x0000000d   Data   RO         6787    .constdata          STemWin532_CM4_Keil.lib(f13_ascii.o)
    0x0804efce   0x0000000d   Data   RO         6788    .constdata          STemWin532_CM4_Keil.lib(f13_ascii.o)
    0x0804efdb   0x0000000d   Data   RO         6789    .constdata          STemWin532_CM4_Keil.lib(f13_ascii.o)
    0x0804efe8   0x0000000d   Data   RO         6790    .constdata          STemWin532_CM4_Keil.lib(f13_ascii.o)
    0x0804eff5   0x0000000d   Data   RO         6791    .constdata          STemWin532_CM4_Keil.lib(f13_ascii.o)
    0x0804f002   0x0000000d   Data   RO         6792    .constdata          STemWin532_CM4_Keil.lib(f13_ascii.o)
    0x0804f00f   0x0000000d   Data   RO         6793    .constdata          STemWin532_CM4_Keil.lib(f13_ascii.o)
    0x0804f01c   0x0000000d   Data   RO         6794    .constdata          STemWin532_CM4_Keil.lib(f13_ascii.o)
    0x0804f029   0x0000000d   Data   RO         6795    .constdata          STemWin532_CM4_Keil.lib(f13_ascii.o)
    0x0804f036   0x00000002   PAD
    0x0804f038   0x000002f8   Data   RO         6796    .constdata          STemWin532_CM4_Keil.lib(f13_ascii.o)
    0x0804f330   0x0000000c   Data   RO         6797    .constdata          STemWin532_CM4_Keil.lib(f13_ascii.o)
    0x0804f33c   0x00000074   Data   RO         6816    .constdata          STemWin532_CM4_Keil.lib(guidev_32.o)
    0x0804f3b0   0x00000018   Data   RO         6866    .constdata          STemWin532_CM4_Keil.lib(guidev_usagebm.o)
    0x0804f3c8   0x00000008   Data   RO         6886    .constdata          STemWin532_CM4_Keil.lib(guidev_writetoactiveopaque.o)
    0x0804f3d0   0x0000001c   Data   RO         6979    .constdata          STemWin532_CM4_Keil.lib(widget_effect_simple.o)
    0x0804f3ec   0x00000044   Data   RO         7106    .constdata          STemWin532_CM4_Keil.lib(gui_drawline.o)
    0x0804f430   0x00000023   Data   RO          357    .conststring        armflydlg.o
    0x0804f453   0x00000001   PAD
    0x0804f454   0x00000020   Data   RO         7319    Region$$Table       anon$$obj.o


    Execution Region RW_IRAM1 (Base: 0x20000000, Size: 0x00028170, Max: 0x00050000, ABSOLUTE, COMPRESSED[0x000001f0])

    Base Addr    Size         Type   Attr      Idx    E Section Name        Object

    0x20000000   0x00000004   Data   RW           11    .data               main.o
    0x20000004   0x00000024   Data   RW          561    .data               stm32469i_discovery.o
    0x20000028   0x00000002   Data   RW          751    .data               stm32469i_discovery_sdram.o
    0x2000002a   0x00000002   PAD
    0x2000002c   0x00000004   Data   RW          830    .data               system_stm32f4xx.o
    0x20000030   0x00000028   Data   RW          899    .data               lcdconf_stm32469i_discovery.o
    0x20000058   0x00000004   Data   RW         1028    .data               gui_x.o
    0x2000005c   0x00000004   Data   RW         2980    .data               stm32f4xx_hal.o
    0x20000060   0x00000008   Data   RW         4850    .data               STemWin532_CM4_Keil.lib(gui_alloc.o)
    0x20000068   0x0000002c   Data   RW         4901    .data               STemWin532_CM4_Keil.lib(gui_core.o)
    0x20000094   0x00000004   Data   RW         4902    .data               STemWin532_CM4_Keil.lib(gui_core.o)
    0x20000098   0x00000004   Data   RW         4904    .data               STemWin532_CM4_Keil.lib(gui_core.o)
    0x2000009c   0x00000004   Data   RW         4905    .data               STemWin532_CM4_Keil.lib(gui_core.o)
    0x200000a0   0x00000004   Data   RW         4906    .data               STemWin532_CM4_Keil.lib(gui_core.o)
    0x200000a4   0x00000004   Data   RW         4907    .data               STemWin532_CM4_Keil.lib(gui_core.o)
    0x200000a8   0x00000004   Data   RW         4908    .data               STemWin532_CM4_Keil.lib(gui_core.o)
    0x200000ac   0x00000002   Data   RW         4909    .data               STemWin532_CM4_Keil.lib(gui_core.o)
    0x200000ae   0x00000001   Data   RW         4910    .data               STemWin532_CM4_Keil.lib(gui_core.o)
    0x200000af   0x00000001   PAD
    0x200000b0   0x00000004   Data   RW         4911    .data               STemWin532_CM4_Keil.lib(gui_core.o)
    0x200000b4   0x00000002   Data   RW         4912    .data               STemWin532_CM4_Keil.lib(gui_core.o)
    0x200000b6   0x00000002   Data   RW         4913    .data               STemWin532_CM4_Keil.lib(gui_core.o)
    0x200000b8   0x00000024   Data   RW         4975    .data               STemWin532_CM4_Keil.lib(gui_multibuf.o)
    0x200000dc   0x00000008   Data   RW         5019    .data               STemWin532_CM4_Keil.lib(guicc_m565.o)
    0x200000e4   0x00000004   Data   RW         5045    .data               STemWin532_CM4_Keil.lib(lcd.o)
    0x200000e8   0x00000008   Data   RW         5106    .data               STemWin532_CM4_Keil.lib(lcd_getex.o)
    0x200000f0   0x0000003c   Data   RW         5503    .data               STemWin532_CM4_Keil.lib(button.o)
    0x2000012c   0x00000030   Data   RW         5560    .data               STemWin532_CM4_Keil.lib(framewin.o)
    0x2000015c   0x00000064   Data   RW         5644    .data               STemWin532_CM4_Keil.lib(wm.o)
    0x200001c0   0x00000001   Data   RW         5645    .data               STemWin532_CM4_Keil.lib(wm.o)
    0x200001c1   0x00000003   PAD
    0x200001c4   0x00000018   Data   RW         5727    .data               STemWin532_CM4_Keil.lib(gui__managecache.o)
    0x200001dc   0x00000004   Data   RW         5758    .data               STemWin532_CM4_Keil.lib(gui_charline.o)
    0x200001e0   0x00000010   Data   RW         5816    .data               STemWin532_CM4_Keil.lib(gui_onkey.o)
    0x200001f0   0x0000000c   Data   RW         5878    .data               STemWin532_CM4_Keil.lib(gui_waitevent.o)
    0x200001fc   0x00000004   Data   RW         5897    .data               STemWin532_CM4_Keil.lib(lcd_aa.o)
    0x20000200   0x00000010   Data   RW         5913    .data               STemWin532_CM4_Keil.lib(lcd_color.o)
    0x20000210   0x00000004   Data   RW         6079    .data               STemWin532_CM4_Keil.lib(guidev_banding.o)
    0x20000214   0x00000001   Data   RW         6094    .data               STemWin532_CM4_Keil.lib(guidev_staticdevices.o)
    0x20000215   0x00000003   PAD
    0x20000218   0x0000000c   Data   RW         6110    .data               STemWin532_CM4_Keil.lib(button_skin.o)
    0x20000224   0x00000020   Data   RW         6119    .data               STemWin532_CM4_Keil.lib(button_skinflex.o)
    0x20000244   0x00000020   Data   RW         6120    .data               STemWin532_CM4_Keil.lib(button_skinflex.o)
    0x20000264   0x00000020   Data   RW         6121    .data               STemWin532_CM4_Keil.lib(button_skinflex.o)
    0x20000284   0x00000020   Data   RW         6122    .data               STemWin532_CM4_Keil.lib(button_skinflex.o)
    0x200002a4   0x00000014   Data   RW         6133    .data               STemWin532_CM4_Keil.lib(framewin_skin.o)
    0x200002b8   0x00000058   Data   RW         6143    .data               STemWin532_CM4_Keil.lib(framewin_skinflex.o)
    0x20000310   0x00000018   Data   RW         6164    .data               STemWin532_CM4_Keil.lib(scrollbar.o)
    0x20000328   0x00000002   Data   RW         6165    .data               STemWin532_CM4_Keil.lib(scrollbar.o)
    0x2000032a   0x00000002   PAD
    0x2000032c   0x0000001c   Data   RW         6199    .data               STemWin532_CM4_Keil.lib(slider.o)
    0x20000348   0x00000004   Data   RW         6241    .data               STemWin532_CM4_Keil.lib(widget.o)
    0x2000034c   0x00000004   Data   RW         6272    .data               STemWin532_CM4_Keil.lib(wm__sendmessage.o)
    0x20000350   0x00000004   Data   RW         6329    .data               STemWin532_CM4_Keil.lib(wm_setcapturemove.o)
    0x20000354   0x00000028   Data   RW         6397    .data               STemWin532_CM4_Keil.lib(gui__alpha.o)
    0x2000037c   0x00000014   Data   RW         6636    .data               STemWin532_CM4_Keil.lib(gui_timer.o)
    0x20000390   0x00000010   Data   RW         6690    .data               STemWin532_CM4_Keil.lib(lcd_nextpixelapi.o)
    0x200003a0   0x0000000c   Data   RW         6919    .data               STemWin532_CM4_Keil.lib(scrollbar_skin.o)
    0x200003ac   0x00000058   Data   RW         6935    .data               STemWin532_CM4_Keil.lib(scrollbar_skinflex.o)
    0x20000404   0x0000000c   Data   RW         6950    .data               STemWin532_CM4_Keil.lib(slider_skin.o)
    0x20000410   0x00000058   Data   RW         6964    .data               STemWin532_CM4_Keil.lib(slider_skinflex.o)
    0x20000468   0x00000004   Data   RW         6980    .data               STemWin532_CM4_Keil.lib(widget_effect_simple.o)
    0x2000046c   0x00000004   Data   RW         7260    .data               STemWin532_CM4_Keil.lib(gui_fillpolygon.o)
    0x20000470   0x0000003c   Zero   RW           10    .bss                main.o
    0x200004ac   0x00000120   Zero   RW          750    .bss                stm32469i_discovery_sdram.o
    0x200005cc   0x00025800   Zero   RW          862    .bss                guiconf.o
    0x20025dcc   0x00000164   Zero   RW          898    .bss                lcdconf_stm32469i_discovery.o
    0x20025f30   0x000000cc   Zero   RW         4849    .bss                STemWin532_CM4_Keil.lib(gui_alloc.o)
    0x20025ffc   0x00000070   Zero   RW         4899    .bss                STemWin532_CM4_Keil.lib(gui_core.o)
    0x2002606c   0x00000018   Zero   RW         5642    .bss                STemWin532_CM4_Keil.lib(wm.o)
    0x20026084   0x00000058   Zero   RW         5815    .bss                STemWin532_CM4_Keil.lib(gui_onkey.o)
    0x200260dc   0x00000048   Zero   RW         6368    .bss                STemWin532_CM4_Keil.lib(wm_touch.o)
    0x20026124   0x00000030   Zero   RW         6689    .bss                STemWin532_CM4_Keil.lib(lcd_nextpixelapi.o)
    0x20026154   0x00000018   Zero   RW         7259    .bss                STemWin532_CM4_Keil.lib(gui_fillpolygon.o)
    0x2002616c   0x00000004   PAD
    0x20026170   0x00002000   Zero   RW          516    STACK               startup_stm32f469xx.o


==============================================================================

Image component sizes


      Code (inc. data)   RO Data    RW Data    ZI Data      Debug   Object Name

        48         14     243837          0          0       2303   armflydlg.o
        36         10          0          4          0       2228   gui_x.o
        32         10          0          0     153600        527   guiconf.o
      2602        202          0         40        356      17668   lcdconf_stm32469i_discovery.o
       416         64          0          4         60     963510   main.o
      1048         12        405          0          0       5892   otm8009a.o
        36          8        436          0       8192        804   startup_stm32f469xx.o
       172         14          0         36          0       4264   stm32469i_discovery.o
       652         60          0          2        288       4370   stm32469i_discovery_sdram.o
       150         22          0          4          0       4929   stm32f4xx_hal.o
       456        196          0          0          0      30567   stm32f4xx_hal_cortex.o
      1148        142          8          0          0       3764   stm32f4xx_hal_dma.o
      2556        358          0          0          0      13038   stm32f4xx_hal_dsi.o
      1020        266          0          0          0       3285   stm32f4xx_hal_gpio.o
      2646        570          0          0          0      13423   stm32f4xx_hal_ltdc.o
       140         14          0          0          0       1288   stm32f4xx_hal_pwr_ex.o
       788         80          0          0          0       2754   stm32f4xx_hal_rcc.o
      2858        300          0          0          0       3404   stm32f4xx_hal_rcc_ex.o
       150          0          0          0          0       3264   stm32f4xx_hal_sdram.o
      1098        260          0          0          0       6455   stm32f4xx_hal_tim.o
         4          0          0          0          0       1530   stm32f4xx_hal_tim_ex.o
        56         16          0          0          0       4119   stm32f4xx_it.o
      1180        252          0          0          0       3936   stm32f4xx_ll_fmc.o
        84         18         16          4          0       1159   system_stm32f4xx.o

    ----------------------------------------------------------------------
     19390       2888     244740         96     162496    1098481   Object Totals
         0          0         32          0          0          0   (incl. Generated)
        14          0          6          2          0          0   (incl. Padding)

    ----------------------------------------------------------------------

      Code (inc. data)   RO Data    RW Data    ZI Data      Debug   Library Member Name

       588         14          0         60          0        944   button.o
        68          0          0          0          0        136   button_createindirect.o
       174          0          0         12          0        272   button_skin.o
       568          6         16        128          0        140   button_skinflex.o
         0          0       2155          0          0          0   f13_1.o
         0          0       2046          0          0          0   f13_ascii.o
         0          0       1816          0          0          0   f6x8.o
         0          0       3120          0          0          0   f8x16.o
      1666         20          0         48          0       1604   framewin.o
        64          0          0          0          0        136   framewin_createindirect.o
        32          0          0          0          0        128   framewin_get.o
       366          0          0         20          0        412   framewin_skin.o
       892          4          0         88          0        140   framewin_skinflex.o
       124          4          0          0          0        132   gui_2dlib.o
       862         38          0         40          0        800   gui__alpha.o
       664          0          0          0          0        384   gui__compactpixelindices.o
        26          0          0          0          0        116   gui__divideround32.o
         0          0        256          0          0          0   gui__divtbl_255_31.o
         0          0        256          0          0          0   gui__divtbl_255_63.o
         0          0         32          0          0          0   gui__divtbl_31_255.o
         0          0         64          0          0          0   gui__divtbl_63_255.o
       608         10          0          0          0        148   gui__drawbitmap16bpp.o
       908         10          0          0          0        712   gui__drawtwinarc.o
       322          0          0          0          0        156   gui__expandpixelindices.o
        24          0          0          0          0        116   gui__handleeoline.o
        58          0          0          0          0        116   gui__intersectrect.o
        82          0          0          0          0        128   gui__intersectrects.o
       228          8          0         24          0        252   gui__managecache.o
        76          0          0          0          0        124   gui__memset.o
        60          0          0          0          0        124   gui__memset16.o
        26          0          0          0          0        116   gui__reducerect.o
       108          0          0          0          0        136   gui__settext.o
        26          0          0          0          0        116   gui__sqrt32.o
        68          4          0          0          0        244   gui__strcmp.o
        22          0          0          0          0        116   gui__strlen.o
      1850        104          0          8        204       3120   gui_alloc.o
        36          0          0          0          0        128   gui_alloc_alloczero.o
        60          0          0          0          0        124   gui_calccolordist.o
        96         22          0          0          0        464   gui_char.o
       458         36          0          4          0        760   gui_charline.o
       394         12          0          0          0        492   gui_charm.o
       316         10          0          0          0        624   gui_charp.o
       188          4          0          0          0        140   gui_circ.o
       492         76          8         79        112       1012   gui_core.o
       344         24          0          0          0        736   gui_device.o
       256          4          0          0          0        136   gui_dispstring.o
        16          4          0          0          0        116   gui_dispstringat.o
       400          4          0          0          0        396   gui_dispstringinrect.o
        44          0          0          0          0        136   gui_draw.o
       232         14          0          0          0        280   gui_drawbitmap.o
        40          4         16          0          0        136   gui_drawbitmap_555.o
       164          4          0          0          0        124   gui_drawfocusrect.o
       590         18          0          0          0        444   gui_drawgradient.o
        76          6          0          0          0        132   gui_drawhline.o
      1176         34         68          0          0       1304   gui_drawline.o
        64          4          0          0          0        128   gui_drawpixel.o
        32          4          0          0          0        116   gui_drawpoint.o
        64          4          0          0          0        128   gui_drawvline.o
        68          8          0          0          0        248   gui_exec.o
       532         22          0          4         24        272   gui_fillpolygon.o
        72          4          0          0          0        132   gui_fillrect.o
        20          0          0          0          0        116   gui_fillrectex.o
        10          0          0          0          0        116   gui_getclientrect.o
        28          0          0          0          0        256   gui_getcolor.o
        12          4          0          0          0        116   gui_getdrawmode.o
        32         10          0          0          0        232   gui_getorg.o
        10          0          0          0          0        116   gui_getysizeoffont.o
        52         12          0          0          0        360   gui_goto.o
        88          0          0          0          0        124   gui_mergerect.o
        30          0          0          0          0        116   gui_moverect.o
        72         14          0         36          0        232   gui_multibuf.o
        94         14          0         16         88        476   gui_onkey.o
        16          4          0          0          0        116   gui_pen.o
        56          0          0          0          0        116   gui_rectsintersect.o
        32         10          0          0          0        232   gui_savecontext.o
        70         10          0          0          0        256   gui_selectlayer.o
        18          0          0          0          0        128   gui_selectlcd.o
        36          4          0          0          0        124   gui_setalpha.o
         8          0          0          0          0        232   gui_setcolor.o
        64          6          0          0          0        128   gui_setdefault.o
         4          0          0          0          0        116   gui_setdrawmode.o
        20          6          0          0          0        116   gui_setfont.o
        16          4          0          0          0        116   gui_setlinestyle.o
        56         18          0          0          0        128   gui_setorg.o
        20          6          0          0          0        116   gui_settextalign.o
        20          6          0          0          0        116   gui_settextmode.o
        46          0          0          0          0        244   gui_time.o
       806         44          0         20          0       1544   gui_timer.o
        84         10          0          0          0        264   gui_uc.o
        18          0         16          0          0        464   gui_uc_encodenone.o
        16          4          0         12          0        116   gui_waitevent.o
       198          0         24          0          0        388   guicc_0.o
        36          0         24          0          0        480   guicc_8888.o
         2          0          0          0          0        116   guicc_8888_index2color.o
         2          0          0          0          0        116   guicc_888_index2color.o
        36          6          0          0          0        116   guicc_m555_index2color.o
       258         46         24          8          0        652   guicc_m565.o
       756         38          0          0          0       1064   guidev.o
      2282         60        116          0          0       2104   guidev_16.o
      2368         62        116          0          0       2256   guidev_32.o
       340         12          0          4          0        264   guidev_banding.o
        60          6          0          0          0        124   guidev_clear.o
        26          0          0          0          0        128   guidev_getdataptr.o
        40          6          0          0          0        128   guidev_getysize.o
        44          4          0          0          0        128   guidev_reduceysize.o
        88          4          0          0          0        128   guidev_setorg.o
       358         20          0          1          0        284   guidev_staticdevices.o
        76          0          0          0          0        260   guidev_usage.o
       416          6         24          0          0        748   guidev_usagebm.o
       106          4          0          0          0        244   guidev_write.o
       400         14          0          0          0        144   guidev_writetoactivealpha.o
      1854         18          8          0          0        732   guidev_writetoactiveopaque.o
      3240        182         52          0          0       4480   guidrv_lin_16.o
      1730        118         12          4          0       2300   lcd.o
        16          6          0          4          0        116   lcd_aa.o
       272         30          0         16          0        632   lcd_color.o
        32         12          0          0          0        232   lcd_getcolorindex.o
       450         48          0          8          0       3180   lcd_getex.o
        26          0          0          0          0        128   lcd_getnumdisplays.o
         0          0        256          0          0          0   lcd_mirror.o
       596         52          0         16         48        796   lcd_nextpixelapi.o
       504         18          0          0          0        280   lcd_readrect.o
        64          8          0          0          0        128   lcd_selectlcd.o
       260          0          0          0          0        788   lcd_set.o
        48         10          0          0          0        128   lcd_setcliprectex.o
        36          4          0          0          0        128   lcd_updatecolorindices.o
      1394          8          0         26          0       1416   scrollbar.o
        56          0          0          0          0        136   scrollbar_createindirect.o
       582         10          0         12          0        408   scrollbar_skin.o
      1064         30          0         88          0        928   scrollbar_skinflex.o
       674          8          0         28          0        920   slider.o
        56          0          0          0          0        136   slider_createindirect.o
       476          0          0         12          0        388   slider_skin.o
      1014          6          0         88          0        684   slider_skinflex.o
       634          4          0          4          0       1284   widget.o
       144         12         28          4          0        512   widget_effect_simple.o
      4602        228          0        101         24       6672   wm.o
        44          0          0          0          0        128   wm__foreachdesc.o
        18          0          0          0          0        124   wm__getfirstsibling.o
        40          8          0          0          0        128   wm__getfocussedchild.o
        24          0          0          0          0        124   wm__getlastsibling.o
        36          0          0          0          0        128   wm__getprevsibling.o
        46          0          0          0          0        244   wm__isancestor.o
        34          0          0          0          0        128   wm__ischild.o
        22          0          0          0          0        124   wm__isenabled.o
        60          6          0          4          0        136   wm__sendmessage.o
        38          0          0          0          0        128   wm__sendmessagenopara.o
       220          0          0          0          0        144   wm__updatechildpositions.o
       126          0          0          0          0        140   wm_bringtobottom.o
       120          6          0          0          0        360   wm_bringtotop.o
        16          6          0          0          0        116   wm_criticalhandle.o
         4          0          0          0          0        116   wm_foreachdesc.o
        64         10          0          0          0        360   wm_getclientrect.o
        24         10          0          0          0        116   wm_getdesktopwindow.o
        80          0          0          0          0        248   wm_getdialogitem.o
        14          0          0          0          0        124   wm_getfirstchild.o
        26          0          0          0          0        128   wm_getid.o
        16          0          0          0          0        124   wm_getinsiderect.o
        14          0          0          0          0        124   wm_getnextsibling.o
        22          0          0          0          0        124   wm_getorg.o
        14          0          0          0          0        124   wm_getparent.o
       116          0          0          0          0        364   wm_getscrollbar.o
        42          0          0          0          0        136   wm_getscrollpartner.o
        26          0          0          0          0        124   wm_getwindowrect.o
       106          0          0          0          0        604   wm_getwindowsize.o
        32         10          0          0          0        116   wm_hascaptured.o
        32         10          0          0          0        116   wm_hasfocus.o
        48          0          0          0          0        132   wm_isfocussable.o
         4          0          0          0          0        116   wm_iswindow.o
        22          0          0          0          0        124   wm_memdev.o
       268          0          0          0          0        396   wm_move.o
        16          0          0          0          0        124   wm_notifyparent.o
        56          8          0          0          0        132   wm_onkey.o
       236          0          0          0          0        136   wm_resizewindow.o
         4          0          0          0          0        116   wm_sendmessagenopara.o
        30          0          0          0          0        140   wm_sendtoparent.o
        96         20          0          0          0        260   wm_setcapture.o
       168          4          0          4          0        164   wm_setcapturemove.o
        16          6          0          0          0        116   wm_setcreateflags.o
       156          8          0          0          0        136   wm_setfocus.o
       146          6          0          0          0        372   wm_setfocusonnextchild.o
        90          0          0          0          0        252   wm_setfocusonprevchild.o
        62          0          0          0          0        132   wm_setsize.o
        64          6          0          0          0        128   wm_settrans.o
        24          6          0          0          0        124   wm_setusercliprect.o
       274          4          0          0          0        648   wm_timer.o
         0          0          0          0         72          0   wm_touch.o
        44          4          0          0          0        124   wm_validatewindow.o
        86          0          0          0          0          0   __dczerorl2.o
         0          0          0          0          0          0   entry.o
         0          0          0          0          0          0   entry10a.o
         0          0          0          0          0          0   entry11a.o
         8          4          0          0          0          0   entry2.o
         4          0          0          0          0          0   entry5.o
         0          0          0          0          0          0   entry7b.o
         0          0          0          0          0          0   entry8b.o
         8          4          0          0          0          0   entry9a.o
        30          0          0          0          0          0   handlers.o
        36          8          0          0          0         68   init.o
        64          0          0          0          0         76   memmovea.o
        36          0          0          0          0        108   memseta.o
        18          0          0          0          0         68   strcpy.o

    ----------------------------------------------------------------------
     50038       1984      10556       1040        576      73504   Library Totals
       108          0          3          9          4          0   (incl. Padding)

    ----------------------------------------------------------------------

      Code (inc. data)   RO Data    RW Data    ZI Data      Debug   Library Name

     49640       1968      10553       1031        572      73184   STemWin532_CM4_Keil.lib
       290         16          0          0          0        320   mc_w.l

    ----------------------------------------------------------------------
     50038       1984      10556       1040        576      73504   Library Totals

    ----------------------------------------------------------------------

==============================================================================


      Code (inc. data)   RO Data    RW Data    ZI Data      Debug   

     69428       4872     255296       1136     163072    1103365   Grand Totals
     69428       4872     255296        496     163072    1103365   ELF Image Totals (compressed)
     69428       4872     255296        496          0          0   ROM Totals

==============================================================================

    Total RO  Size (Code + RO Data)               324724 ( 317.11kB)
    Total RW  Size (RW Data + ZI Data)            164208 ( 160.36kB)
    Total ROM Size (Code + RO Data + RW Data)     325220 ( 317.60kB)

==============================================================================

