Component: ARM Compiler 5.06 update 4 (build 422) Tool: armlink [4d35d2]

==============================================================================

Section Cross References

    startup_stm32f469xx.o(RESET) refers to startup_stm32f469xx.o(STACK) for __initial_sp
    startup_stm32f469xx.o(RESET) refers to startup_stm32f469xx.o(.text) for Reset_Handler
    startup_stm32f469xx.o(RESET) refers to stm32f4xx_it.o(i.SysTick_Handler) for SysTick_Handler
    startup_stm32f469xx.o(RESET) refers to stm32f4xx_it.o(i.USART3_IRQHandler) for USART3_IRQHandler
    startup_stm32f469xx.o(RESET) refers to stm32f4xx_it.o(i.SDIO_IRQHandler) for SDIO_IRQHandler
    startup_stm32f469xx.o(RESET) refers to stm32f4xx_it.o(i.DMA2_Stream3_IRQHandler) for DMA2_Stream3_IRQHandler
    startup_stm32f469xx.o(RESET) refers to stm32f4xx_it.o(i.DMA2_Stream6_IRQHandler) for DMA2_Stream6_IRQHandler
    startup_stm32f469xx.o(RESET) refers to stm32f4xx_it.o(i.USART6_IRQHandler) for USART6_IRQHandler
    startup_stm32f469xx.o(.text) refers to system_stm32f4xx.o(i.SystemInit) for SystemInit
    startup_stm32f469xx.o(.text) refers to entry.o(.ARM.Collect$$$$00000000) for __main
    stm32f4xx_it.o(i.DMA2_Stream3_IRQHandler) refers to stm32f4xx_hal_dma.o(i.HAL_DMA_IRQHandler) for HAL_DMA_IRQHandler
    stm32f4xx_it.o(i.DMA2_Stream3_IRQHandler) refers to sdio.o(.bss) for hdma_sdio_rx
    stm32f4xx_it.o(i.DMA2_Stream6_IRQHandler) refers to stm32f4xx_hal_dma.o(i.HAL_DMA_IRQHandler) for HAL_DMA_IRQHandler
    stm32f4xx_it.o(i.DMA2_Stream6_IRQHandler) refers to sdio.o(.bss) for hdma_sdio_tx
    stm32f4xx_it.o(i.SDIO_IRQHandler) refers to stm32f4xx_hal_sd.o(i.HAL_SD_IRQHandler) for HAL_SD_IRQHandler
    stm32f4xx_it.o(i.SDIO_IRQHandler) refers to sdio.o(.bss) for hsd
    stm32f4xx_it.o(i.SysTick_Handler) refers to stm32f4xx_hal.o(i.HAL_IncTick) for HAL_IncTick
    stm32f4xx_it.o(i.SysTick_Handler) refers to stm32f4xx_hal_cortex.o(i.HAL_SYSTICK_IRQHandler) for HAL_SYSTICK_IRQHandler
    stm32f4xx_it.o(i.USART3_IRQHandler) refers to stm32f4xx_hal_uart.o(i.HAL_UART_IRQHandler) for HAL_UART_IRQHandler
    stm32f4xx_it.o(i.USART3_IRQHandler) refers to usart.o(.bss) for huart3
    stm32f4xx_it.o(i.USART6_IRQHandler) refers to stm32f4xx_hal_uart.o(i.HAL_UART_IRQHandler) for HAL_UART_IRQHandler
    stm32f4xx_it.o(i.USART6_IRQHandler) refers to usart.o(.bss) for huart6
    usart.o(i.HAL_UART_MspDeInit) refers to stm32f4xx_hal_gpio.o(i.HAL_GPIO_DeInit) for HAL_GPIO_DeInit
    usart.o(i.HAL_UART_MspDeInit) refers to stm32f4xx_hal_cortex.o(i.HAL_NVIC_DisableIRQ) for HAL_NVIC_DisableIRQ
    usart.o(i.HAL_UART_MspInit) refers to stm32f4xx_hal_gpio.o(i.HAL_GPIO_Init) for HAL_GPIO_Init
    usart.o(i.HAL_UART_MspInit) refers to stm32f4xx_hal_cortex.o(i.HAL_NVIC_SetPriority) for HAL_NVIC_SetPriority
    usart.o(i.HAL_UART_MspInit) refers to stm32f4xx_hal_cortex.o(i.HAL_NVIC_EnableIRQ) for HAL_NVIC_EnableIRQ
    usart.o(i.MX_USART3_UART_Init) refers to stm32f4xx_hal_uart.o(i.HAL_UART_Init) for HAL_UART_Init
    usart.o(i.MX_USART3_UART_Init) refers to main.o(i.Error_Handler) for Error_Handler
    usart.o(i.MX_USART3_UART_Init) refers to usart.o(.bss) for .bss
    usart.o(i.MX_USART6_UART_Init) refers to stm32f4xx_hal_uart.o(i.HAL_UART_Init) for HAL_UART_Init
    usart.o(i.MX_USART6_UART_Init) refers to main.o(i.Error_Handler) for Error_Handler
    usart.o(i.MX_USART6_UART_Init) refers to usart.o(.bss) for .bss
    usart.o(i.fputc) refers to stm32f4xx_hal_uart.o(i.HAL_UART_Transmit) for HAL_UART_Transmit
    usart.o(i.fputc) refers to usart.o(.bss) for .bss
    main.o(i.Error_Handler) refers to printf3.o(i.__0printf$3) for __2printf
    main.o(i.SystemClock_Config) refers to stm32f4xx_hal_rcc_ex.o(i.HAL_RCC_OscConfig) for HAL_RCC_OscConfig
    main.o(i.SystemClock_Config) refers to stm32f4xx_hal_rcc.o(i.HAL_RCC_ClockConfig) for HAL_RCC_ClockConfig
    main.o(i.SystemClock_Config) refers to stm32f4xx_hal_rcc_ex.o(i.HAL_RCCEx_PeriphCLKConfig) for HAL_RCCEx_PeriphCLKConfig
    main.o(i.SystemClock_Config) refers to main.o(i.Error_Handler) for Error_Handler
    main.o(i.SystemClock_Config) refers to stm32f4xx_hal_rcc.o(i.HAL_RCC_GetHCLKFreq) for HAL_RCC_GetHCLKFreq
    main.o(i.SystemClock_Config) refers to stm32f4xx_hal_cortex.o(i.HAL_SYSTICK_Config) for HAL_SYSTICK_Config
    main.o(i.SystemClock_Config) refers to stm32f4xx_hal_cortex.o(i.HAL_SYSTICK_CLKSourceConfig) for HAL_SYSTICK_CLKSourceConfig
    main.o(i.SystemClock_Config) refers to stm32f4xx_hal_cortex.o(i.HAL_NVIC_SetPriority) for HAL_NVIC_SetPriority
    main.o(i.main) refers to stm32f4xx_hal.o(i.HAL_Init) for HAL_Init
    main.o(i.main) refers to main.o(i.SystemClock_Config) for SystemClock_Config
    main.o(i.main) refers to gpio.o(i.MX_GPIO_Init) for MX_GPIO_Init
    main.o(i.main) refers to dma.o(i.MX_DMA_Init) for MX_DMA_Init
    main.o(i.main) refers to usart.o(i.MX_USART3_UART_Init) for MX_USART3_UART_Init
    main.o(i.main) refers to usart.o(i.MX_USART6_UART_Init) for MX_USART6_UART_Init
[...]
    ../Drivers/STM32F4xx_HAL_Driver/Src/stm32f4xx_ll_sdmmc.c 0x00000000   Number         0  stm32f4xx_ll_sdmmc.o ABSOLUTE
    ../Middlewares/Third_Party/FatFs/src/diskio.c 0x00000000   Number         0  diskio.o ABSOLUTE
    ../Middlewares/Third_Party/FatFs/src/drivers/sd_diskio.c 0x00000000   Number         0  sd_diskio.o ABSOLUTE
    ../Middlewares/Third_Party/FatFs/src/ff.c 0x00000000   Number         0  ff.o ABSOLUTE
    ../Middlewares/Third_Party/FatFs/src/ff_gen_drv.c 0x00000000   Number         0  ff_gen_drv.o ABSOLUTE
    ../Middlewares/Third_Party/FatFs/src/option/cc936.c 0x00000000   Number         0  cc936.o ABSOLUTE
    ../Middlewares/Third_Party/FatFs/src/option/syscall.c 0x00000000   Number         0  syscall.o ABSOLUTE
    ../Src/bsp_driver_sd.c                   0x00000000   Number         0  bsp_driver_sd.o ABSOLUTE
    ../Src/dma.c                             0x00000000   Number         0  dma.o ABSOLUTE
    ../Src/fatfs.c                           0x00000000   Number         0  fatfs.o ABSOLUTE
    ../Src/gpio.c                            0x00000000   Number         0  gpio.o ABSOLUTE
    ../Src/main.c                            0x00000000   Number         0  main.o ABSOLUTE
    ../Src/sdio.c                            0x00000000   Number         0  sdio.o ABSOLUTE
    ../Src/stm32f4xx_hal_msp.c               0x00000000   Number         0  stm32f4xx_hal_msp.o ABSOLUTE
    ../Src/stm32f4xx_it.c                    0x00000000   Number         0  stm32f4xx_it.o ABSOLUTE
    ../Src/system_stm32f4xx.c                0x00000000   Number         0  system_stm32f4xx.o ABSOLUTE
    ../Src/usart.c                           0x00000000   Number         0  usart.o ABSOLUTE
    ../clib/microlib/division.c              0x00000000   Number         0  uidiv.o ABSOLUTE
    ../clib/microlib/division.c              0x00000000   Number         0  uldiv.o ABSOLUTE
    ../clib/microlib/init/entry.s            0x00000000   Number         0  entry8b.o ABSOLUTE
    ../clib/microlib/init/entry.s            0x00000000   Number         0  entry5.o ABSOLUTE
    ../clib/microlib/init/entry.s            0x00000000   Number         0  entry11b.o ABSOLUTE
    ../clib/microlib/init/entry.s            0x00000000   Number         0  entry11a.o ABSOLUTE
    ../clib/microlib/init/entry.s            0x00000000   Number         0  entry10b.o ABSOLUTE
    ../clib/microlib/init/entry.s            0x00000000   Number         0  entry7a.o ABSOLUTE
    ../clib/microlib/init/entry.s            0x00000000   Number         0  entry.o ABSOLUTE
    ../clib/microlib/init/entry.s            0x00000000   Number         0  entry2.o ABSOLUTE
    ../clib/microlib/init/entry.s            0x00000000   Number         0  entry9b.o ABSOLUTE
    ../clib/microlib/init/entry.s            0x00000000   Number         0  entry9a.o ABSOLUTE
    ../clib/microlib/init/entry.s            0x00000000   Number         0  entry7b.o ABSOLUTE
    ../clib/microlib/init/entry.s            0x00000000   Number         0  entry8a.o ABSOLUTE
    ../clib/microlib/init/entry.s            0x00000000   Number         0  entry10a.o ABSOLUTE
    ../clib/microlib/longlong.c              0x00000000   Number         0  llsshr.o ABSOLUTE
    ../clib/microlib/longlong.c              0x00000000   Number         0  llushr.o ABSOLUTE
    ../clib/microlib/longlong.c              0x00000000   Number         0  llshl.o ABSOLUTE
    ../clib/microlib/printf/printf.c         0x00000000   Number         0  printfa.o ABSOLUTE
    ../clib/microlib/printf/printf.c         0x00000000   Number         0  printf7.o ABSOLUTE
    ../clib/microlib/printf/printf.c         0x00000000   Number         0  printf6.o ABSOLUTE
    ../clib/microlib/printf/printf.c         0x00000000   Number         0  printf8.o ABSOLUTE
    ../clib/microlib/printf/printf.c         0x00000000   Number         0  printfb.o ABSOLUTE
    ../clib/microlib/printf/printf.c         0x00000000   Number         0  printf0.o ABSOLUTE
    ../clib/microlib/printf/printf.c         0x00000000   Number         0  printf1.o ABSOLUTE
    ../clib/microlib/printf/printf.c         0x00000000   Number         0  printf2.o ABSOLUTE
    ../clib/microlib/printf/printf.c         0x00000000   Number         0  printf3.o ABSOLUTE
    ../clib/microlib/printf/printf.c         0x00000000   Number         0  printf4.o ABSOLUTE
    ../clib/microlib/printf/printf.c         0x00000000   Number         0  printf5.o ABSOLUTE
    ../clib/microlib/printf/stubs.s          0x00000000   Number         0  stubs.o ABSOLUTE
    ../clib/microlib/stdio/streams.c         0x00000000   Number         0  stdout.o ABSOLUTE
    ../clib/microlib/stubs.s                 0x00000000   Number         0  iusefp.o ABSOLUTE
    ../fplib/microlib/fpadd.c                0x00000000   Number         0  dadd.o ABSOLUTE
    ../fplib/microlib/fpdiv.c                0x00000000   Number         0  ddiv.o ABSOLUTE
    ../fplib/microlib/fpepilogue.c           0x00000000   Number         0  depilogue.o ABSOLUTE
    ../fplib/microlib/fpfix.c                0x00000000   Number         0  dfixul.o ABSOLUTE
    ../fplib/microlib/fpmul.c                0x00000000   Number         0  dmul.o ABSOLUTE
    ..\Drivers\STM32F4xx_HAL_Driver\Src\stm32f4xx_hal.c 0x00000000   Number         0  stm32f4xx_hal.o ABSOLUTE
    ..\Drivers\STM32F4xx_HAL_Driver\Src\stm32f4xx_hal_cortex.c 0x00000000   Number         0  stm32f4xx_hal_cortex.o ABSOLUTE
    ..\Drivers\STM32F4xx_HAL_Driver\Src\stm32f4xx_hal_dma.c 0x00000000   Number         0  stm32f4xx_hal_dma.o ABSOLUTE
    ..\Drivers\STM32F4xx_HAL_Driver\Src\stm32f4xx_hal_dma_ex.c 0x00000000   Number         0  stm32f4xx_hal_dma_ex.o ABSOLUTE
    ..\Drivers\STM32F4xx_HAL_Driver\Src\stm32f4xx_hal_flash.c 0x00000000   Number         0  stm32f4xx_hal_flash.o ABSOLUTE
    ..\Drivers\STM32F4xx_HAL_Driver\Src\stm32f4xx_hal_flash_ex.c 0x00000000   Number         0  stm32f4xx_hal_flash_ex.o ABSOLUTE
    ..\Drivers\STM32F4xx_HAL_Driver\Src\stm32f4xx_hal_flash_ramfunc.c 0x00000000   Number         0  stm32f4xx_hal_flash_ramfunc.o ABSOLUTE
    ..\Drivers\STM32F4xx_HAL_Driver\Src\stm32f4xx_hal_gpio.c 0x00000000   Number         0  stm32f4xx_hal_gpio.o ABSOLUTE
    ..\Drivers\STM32F4xx_HAL_Driver\Src\stm32f4xx_hal_pwr.c 0x00000000   Number         0  stm32f4xx_hal_pwr.o ABSOLUTE
    ..\Drivers\STM32F4xx_HAL_Driver\Src\stm32f4xx_hal_pwr_ex.c 0x00000000   Number         0  stm32f4xx_hal_pwr_ex.o ABSOLUTE
    ..\Drivers\STM32F4xx_HAL_Driver\Src\stm32f4xx_hal_rcc.c 0x00000000   Number         0  stm32f4xx_hal_rcc.o ABSOLUTE
    ..\Drivers\STM32F4xx_HAL_Driver\Src\stm32f4xx_hal_rcc_ex.c 0x00000000   Number         0  stm32f4xx_hal_rcc_ex.o ABSOLUTE
    ..\Drivers\STM32F4xx_HAL_Driver\Src\stm32f4xx_hal_sd.c 0x00000000   Number         0  stm32f4xx_hal_sd.o ABSOLUTE
    ..\Drivers\STM32F4xx_HAL_Driver\Src\stm32f4xx_hal_tim.c 0x00000000   Number         0  stm32f4xx_hal_tim.o ABSOLUTE
    ..\Drivers\STM32F4xx_HAL_Driver\Src\stm32f4xx_hal_tim_ex.c 0x00000000   Number         0  stm32f4xx_hal_tim_ex.o ABSOLUTE
    ..\Drivers\STM32F4xx_HAL_Driver\Src\stm32f4xx_hal_uart.c 0x00000000   Number         0  stm32f4xx_hal_uart.o ABSOLUTE
    ..\Drivers\STM32F4xx_HAL_Driver\Src\stm32f4xx_ll_sdmmc.c 0x00000000   Number         0  stm32f4xx_ll_sdmmc.o ABSOLUTE
    ..\Middlewares\Third_Party\FatFs\src\diskio.c 0x00000000   Number         0  diskio.o ABSOLUTE
    ..\Middlewares\Third_Party\FatFs\src\drivers\sd_diskio.c 0x00000000   Number         0  sd_diskio.o ABSOLUTE
    ..\Middlewares\Third_Party\FatFs\src\ff.c 0x00000000   Number         0  ff.o ABSOLUTE
    ..\Middlewares\Third_Party\FatFs\src\ff_gen_drv.c 0x00000000   Number         0  ff_gen_drv.o ABSOLUTE
    ..\Middlewares\Third_Party\FatFs\src\option\cc936.c 0x00000000   Number         0  cc936.o ABSOLUTE
    ..\Middlewares\Third_Party\FatFs\src\option\syscall.c 0x00000000   Number         0  syscall.o ABSOLUTE
    ..\Src\bsp_driver_sd.c                   0x00000000   Number         0  bsp_driver_sd.o ABSOLUTE
    ..\Src\dma.c                             0x00000000   Number         0  dma.o ABSOLUTE
    ..\Src\fatfs.c                           0x00000000   Number         0  fatfs.o ABSOLUTE
    ..\Src\gpio.c                            0x00000000   Number         0  gpio.o ABSOLUTE
    ..\Src\main.c                            0x00000000   Number         0  main.o ABSOLUTE
    ..\Src\sdio.c                            0x00000000   Number         0  sdio.o ABSOLUTE
    ..\Src\stm32f4xx_hal_msp.c               0x00000000   Number         0  stm32f4xx_hal_msp.o ABSOLUTE
    ..\Src\stm32f4xx_it.c                    0x00000000   Number         0  stm32f4xx_it.o ABSOLUTE
    ..\Src\system_stm32f4xx.c                0x00000000   Number         0  system_stm32f4xx.o ABSOLUTE
    ..\Src\usart.c                           0x00000000   Number         0  usart.o ABSOLUTE
    cdrcmple.s                               0x00000000   Number         0  cdrcmple.o ABSOLUTE
    dc.s                                     0x00000000   Number         0  dc.o ABSOLUTE
    handlers.s                               0x00000000   Number         0  handlers.o ABSOLUTE
    init.s                                   0x00000000   Number         0  init.o ABSOLUTE
    startup_stm32f469xx.s                    0x00000000   Number         0  startup_stm32f469xx.o ABSOLUTE
    RESET                                    0x08000000   Section      436  startup_stm32f469xx.o(RESET)
    .ARM.Collect$$$$00000000                 0x080001b4   Section        0  entry.o(.ARM.Collect$$$$00000000)
    .ARM.Collect$$$$00000001                 0x080001b4   Section        4  entry2.o(.ARM.Collect$$$$00000001)
    .ARM.Collect$$$$00000004                 0x080001b8   Section        4  entry5.o(.ARM.Collect$$$$00000004)
    .ARM.Collect$$$$00000008                 0x080001bc   Section        0  entry7b.o(.ARM.Collect$$$$00000008)
    .ARM.Collect$$$$0000000A                 0x080001bc   Section        0  entry8b.o(.ARM.Collect$$$$0000000A)
    .ARM.Collect$$$$0000000B                 0x080001bc   Section        8  entry9a.o(.ARM.Collect$$$$0000000B)
    .ARM.Collect$$$$0000000D                 0x080001c4   Section        0  entry10a.o(.ARM.Collect$$$$0000000D)
    .ARM.Collect$$$$0000000F                 0x080001c4   Section        0  entry11a.o(.ARM.Collect$$$$0000000F)
    .ARM.Collect$$$$00002712                 0x080001c4   Section        4  entry2.o(.ARM.Collect$$$$00002712)
    __lit__00000000                          0x080001c4   Data           4  entry2.o(.ARM.Collect$$$$00002712)
    .text                                    0x080001c8   Section       36  startup_stm32f469xx.o(.text)
    $v0                                      0x080001c8   Number         0  startup_stm32f469xx.o(.text)
    .text                                    0x080001ec   Section        0  uidiv.o(.text)
    .text                                    0x08000218   Section       36  init.o(.text)
    i.BSP_SD_GetCardInfo                     0x0800023c   Section        0  bsp_driver_sd.o(i.BSP_SD_GetCardInfo)
    i.BSP_SD_GetCardState                    0x08000248   Section        0  bsp_driver_sd.o(i.BSP_SD_GetCardState)
    i.BSP_SD_Init                            0x08000260   Section        0  bsp_driver_sd.o(i.BSP_SD_Init)
    i.BSP_SD_ReadBlocks                      0x08000294   Section        0  bsp_driver_sd.o(i.BSP_SD_ReadBlocks)
    i.BSP_SD_WriteBlocks                     0x080002b4   Section        0  bsp_driver_sd.o(i.BSP_SD_WriteBlocks)
    i.DMA2_Stream3_IRQHandler                0x080002d4   Section        0  stm32f4xx_it.o(i.DMA2_Stream3_IRQHandler)
    i.DMA2_Stream6_IRQHandler                0x080002e0   Section        0  stm32f4xx_it.o(i.DMA2_Stream6_IRQHandler)
    i.DMA_CalcBaseAndBitshift                0x080002ec   Section        0  stm32f4xx_hal_dma.o(i.DMA_CalcBaseAndBitshift)
    DMA_CalcBaseAndBitshift                  0x080002ed   Thumb Code    34  stm32f4xx_hal_dma.o(i.DMA_CalcBaseAndBitshift)
    i.DMA_CheckFifoParam                     0x08000314   Section        0  stm32f4xx_hal_dma.o(i.DMA_CheckFifoParam)
    DMA_CheckFifoParam                       0x08000315   Thumb Code    84  stm32f4xx_hal_dma.o(i.DMA_CheckFifoParam)
    i.Error_Handler                          0x08000368   Section        0  main.o(i.Error_Handler)
    i.FATFS_LinkDriver                       0x08000388   Section        0  ff_gen_drv.o(i.FATFS_LinkDriver)
    i.FATFS_LinkDriverEx                     0x08000390   Section        0  ff_gen_drv.o(i.FATFS_LinkDriverEx)
    i.HAL_DMA_Abort_IT                       0x080003d0   Section        0  stm32f4xx_hal_dma.o(i.HAL_DMA_Abort_IT)
    i.HAL_DMA_IRQHandler                     0x080003f4   Section        0  stm32f4xx_hal_dma.o(i.HAL_DMA_IRQHandler)
    i.HAL_DMA_Init                           0x0800059c   Section        0  stm32f4xx_hal_dma.o(i.HAL_DMA_Init)
    i.HAL_Delay                              0x08000670   Section        0  stm32f4xx_hal.o(i.HAL_Delay)
    i.HAL_GPIO_Init                          0x0800068c   Section        0  stm32f4xx_hal_gpio.o(i.HAL_GPIO_Init)
    i.HAL_GPIO_WritePin                      0x08000858   Section        0  stm32f4xx_hal_gpio.o(i.HAL_GPIO_WritePin)
    i.HAL_GetTick                            0x08000864   Section        0  stm32f4xx_hal.o(i.HAL_GetTick)
    i.HAL_IncTick                            0x08000870   Section        0  stm32f4xx_hal.o(i.HAL_IncTick)
    i.HAL_Init                               0x08000880   Section        0  stm32f4xx_hal.o(i.HAL_Init)
    i.HAL_InitTick                           0x080008b4   Section        0  stm32f4xx_hal.o(i.HAL_InitTick)
    i.HAL_MspInit                            0x080008dc   Section        0  stm32f4xx_hal_msp.o(i.HAL_MspInit)
    i.HAL_NVIC_EnableIRQ                     0x08000934   Section        0  stm32f4xx_hal_cortex.o(i.HAL_NVIC_EnableIRQ)
    i.HAL_NVIC_SetPriority                   0x0800094c   Section        0  stm32f4xx_hal_cortex.o(i.HAL_NVIC_SetPriority)
    i.HAL_NVIC_SetPriorityGrouping           0x0800098c   Section        0  stm32f4xx_hal_cortex.o(i.HAL_NVIC_SetPriorityGrouping)
    i.HAL_RCCEx_PeriphCLKConfig              0x080009b0   Section        0  stm32f4xx_hal_rcc_ex.o(i.HAL_RCCEx_PeriphCLKConfig)
    i.HAL_RCC_ClockConfig                    0x08000d8c   Section        0  stm32f4xx_hal_rcc.o(i.HAL_RCC_ClockConfig)
    i.HAL_RCC_GetHCLKFreq                    0x08000f08   Section        0  stm32f4xx_hal_rcc.o(i.HAL_RCC_GetHCLKFreq)
    i.HAL_RCC_GetPCLK1Freq                   0x08000f14   Section        0  stm32f4xx_hal_rcc.o(i.HAL_RCC_GetPCLK1Freq)
    i.HAL_RCC_GetPCLK2Freq                   0x08000f44   Section        0  stm32f4xx_hal_rcc.o(i.HAL_RCC_GetPCLK2Freq)
    i.HAL_RCC_GetSysClockFreq                0x08000f74   Section        0  stm32f4xx_hal_rcc.o(i.HAL_RCC_GetSysClockFreq)
    i.HAL_RCC_OscConfig                      0x08000fe8   Section        0  stm32f4xx_hal_rcc_ex.o(i.HAL_RCC_OscConfig)
    i.HAL_SD_AbortCallback                   0x08001310   Section        0  stm32f4xx_hal_sd.o(i.HAL_SD_AbortCallback)
    i.HAL_SD_ConfigWideBusOperation          0x08001312   Section        0  stm32f4xx_hal_sd.o(i.HAL_SD_ConfigWideBusOperation)
    i.HAL_SD_ErrorCallback                   0x0800138a   Section        0  stm32f4xx_hal_sd.o(i.HAL_SD_ErrorCallback)
    i.HAL_SD_GetCardCSD                      0x0800138c   Section        0  stm32f4xx_hal_sd.o(i.HAL_SD_GetCardCSD)
    i.HAL_SD_GetCardInfo                     0x08001566   Section        0  stm32f4xx_hal_sd.o(i.HAL_SD_GetCardInfo)
    i.HAL_SD_GetCardState                    0x0800158a   Section        0  stm32f4xx_hal_sd.o(i.HAL_SD_GetCardState)
    i.HAL_SD_IRQHandler                      0x080015b8   Section        0  stm32f4xx_hal_sd.o(i.HAL_SD_IRQHandler)
    i.HAL_SD_Init                            0x08001764   Section        0  stm32f4xx_hal_sd.o(i.HAL_SD_Init)
    i.HAL_SD_InitCard                        0x0800179c   Section        0  stm32f4xx_hal_sd.o(i.HAL_SD_InitCard)
    i.HAL_SD_MspInit                         0x080017f0   Section        0  sdio.o(i.HAL_SD_MspInit)
    i.HAL_SD_ReadBlocks                      0x08001900   Section        0  stm32f4xx_hal_sd.o(i.HAL_SD_ReadBlocks)
    i.HAL_SD_RxCpltCallback                  0x08001aae   Section        0  stm32f4xx_hal_sd.o(i.HAL_SD_RxCpltCallback)
    i.HAL_SD_TxCpltCallback                  0x08001ab0   Section        0  stm32f4xx_hal_sd.o(i.HAL_SD_TxCpltCallback)
    i.HAL_SD_WriteBlocks                     0x08001ab4   Section        0  stm32f4xx_hal_sd.o(i.HAL_SD_WriteBlocks)
    i.HAL_SYSTICK_CLKSourceConfig            0x08001c4a   Section        0  stm32f4xx_hal_cortex.o(i.HAL_SYSTICK_CLKSourceConfig)
    i.HAL_SYSTICK_Callback                   0x08001c62   Section        0  stm32f4xx_hal_cortex.o(i.HAL_SYSTICK_Callback)
    i.HAL_SYSTICK_Config                     0x08001c64   Section        0  stm32f4xx_hal_cortex.o(i.HAL_SYSTICK_Config)
    i.HAL_SYSTICK_IRQHandler                 0x08001c8c   Section        0  stm32f4xx_hal_cortex.o(i.HAL_SYSTICK_IRQHandler)
    i.HAL_UART_ErrorCallback                 0x08001c94   Section        0  stm32f4xx_hal_uart.o(i.HAL_UART_ErrorCallback)
    i.HAL_UART_IRQHandler                    0x08001c98   Section        0  stm32f4xx_hal_uart.o(i.HAL_UART_IRQHandler)
    i.HAL_UART_Init                          0x08001da8   Section        0  stm32f4xx_hal_uart.o(i.HAL_UART_Init)
    i.HAL_UART_MspInit                       0x08001e0c   Section        0  usart.o(i.HAL_UART_MspInit)
    i.HAL_UART_RxCpltCallback                0x08001eb0   Section        0  stm32f4xx_hal_uart.o(i.HAL_UART_RxCpltCallback)
    i.HAL_UART_Transmit                      0x08001eb2   Section        0  stm32f4xx_hal_uart.o(i.HAL_UART_Transmit)
    i.HAL_UART_TxCpltCallback                0x08001f6c   Section        0  stm32f4xx_hal_uart.o(i.HAL_UART_TxCpltCallback)
    i.MX_DMA_Init                            0x08001f70   Section        0  dma.o(i.MX_DMA_Init)
    i.MX_FATFS_Init                          0x08001fac   Section        0  fatfs.o(i.MX_FATFS_Init)
    i.MX_GPIO_Init                           0x08001fc8   Section        0  gpio.o(i.MX_GPIO_Init)
    i.MX_SDIO_SD_Init                        0x08002360   Section        0  sdio.o(i.MX_SDIO_SD_Init)
    i.MX_USART3_UART_Init                    0x08002380   Section        0  usart.o(i.MX_USART3_UART_Init)
    i.MX_USART6_UART_Init                    0x080023b8   Section        0  usart.o(i.MX_USART6_UART_Init)
    i.NVIC_SetPriority                       0x080023f0   Section        0  stm32f4xx_hal_cortex.o(i.NVIC_SetPriority)
    NVIC_SetPriority                         0x080023f1   Thumb Code    32  stm32f4xx_hal_cortex.o(i.NVIC_SetPriority)
    i.SDIO_ConfigData                        0x08002410   Section        0  stm32f4xx_ll_sdmmc.o(i.SDIO_ConfigData)
    i.SDIO_GetPowerState                     0x08002434   Section        0  stm32f4xx_ll_sdmmc.o(i.SDIO_GetPowerState)
    i.SDIO_GetResponse                       0x0800243c   Section        0  stm32f4xx_ll_sdmmc.o(i.SDIO_GetResponse)
    i.SDIO_IRQHandler                        0x08002448   Section        0  stm32f4xx_it.o(i.SDIO_IRQHandler)
    i.SDIO_Init                              0x08002454   Section        0  stm32f4xx_ll_sdmmc.o(i.SDIO_Init)
    i.SDIO_PowerState_ON                     0x08002478   Section        0  stm32f4xx_ll_sdmmc.o(i.SDIO_PowerState_ON)
    i.SDIO_ReadFIFO                          0x08002480   Section        0  stm32f4xx_ll_sdmmc.o(i.SDIO_ReadFIFO)
    i.SDIO_SendCommand                       0x08002486   Section        0  stm32f4xx_ll_sdmmc.o(i.SDIO_SendCommand)
    i.SDIO_WriteFIFO                         0x080024a6   Section        0  stm32f4xx_ll_sdmmc.o(i.SDIO_WriteFIFO)
    i.SDMMC_CmdAppCommand                    0x080024b0   Section        0  stm32f4xx_ll_sdmmc.o(i.SDMMC_CmdAppCommand)
    i.SDMMC_CmdAppOperCommand                0x080024e4   Section        0  stm32f4xx_ll_sdmmc.o(i.SDMMC_CmdAppOperCommand)
    i.SDMMC_CmdBlockLength                   0x08002518   Section        0  stm32f4xx_ll_sdmmc.o(i.SDMMC_CmdBlockLength)
    i.SDMMC_CmdBusWidth                      0x0800254a   Section        0  stm32f4xx_ll_sdmmc.o(i.SDMMC_CmdBusWidth)
    i.SDMMC_CmdGoIdleState                   0x0800257c   Section        0  stm32f4xx_ll_sdmmc.o(i.SDMMC_CmdGoIdleState)
    i.SDMMC_CmdOperCond                      0x080025cc   Section        0  stm32f4xx_ll_sdmmc.o(i.SDMMC_CmdOperCond)
    i.SDMMC_CmdReadMultiBlock                0x08002634   Section        0  stm32f4xx_ll_sdmmc.o(i.SDMMC_CmdReadMultiBlock)
    i.SDMMC_CmdReadSingleBlock               0x08002666   Section        0  stm32f4xx_ll_sdmmc.o(i.SDMMC_CmdReadSingleBlock)
    i.SDMMC_CmdSelDesel                      0x08002698   Section        0  stm32f4xx_ll_sdmmc.o(i.SDMMC_CmdSelDesel)
    i.SDMMC_CmdSendCID                       0x080026ca   Section        0  stm32f4xx_ll_sdmmc.o(i.SDMMC_CmdSendCID)
    i.SDMMC_CmdSendCSD                       0x080026f6   Section        0  stm32f4xx_ll_sdmmc.o(i.SDMMC_CmdSendCSD)
    i.SDMMC_CmdSendSCR                       0x08002722   Section        0  stm32f4xx_ll_sdmmc.o(i.SDMMC_CmdSendSCR)
    i.SDMMC_CmdSendStatus                    0x08002752   Section        0  stm32f4xx_ll_sdmmc.o(i.SDMMC_CmdSendStatus)
    i.SDMMC_CmdSetRelAdd                     0x08002784   Section        0  stm32f4xx_ll_sdmmc.o(i.SDMMC_CmdSetRelAdd)
    i.SDMMC_CmdStopTransfer                  0x080027b4   Section        0  stm32f4xx_ll_sdmmc.o(i.SDMMC_CmdStopTransfer)
    i.SDMMC_CmdWriteMultiBlock               0x080027e8   Section        0  stm32f4xx_ll_sdmmc.o(i.SDMMC_CmdWriteMultiBlock)
    i.SDMMC_CmdWriteSingleBlock              0x0800281a   Section        0  stm32f4xx_ll_sdmmc.o(i.SDMMC_CmdWriteSingleBlock)
    i.SDMMC_GetCmdResp1                      0x0800284c   Section        0  stm32f4xx_ll_sdmmc.o(i.SDMMC_GetCmdResp1)
    SDMMC_GetCmdResp1                        0x0800284d   Thumb Code   276  stm32f4xx_ll_sdmmc.o(i.SDMMC_GetCmdResp1)
    i.SDMMC_GetCmdResp2                      0x08002968   Section        0  stm32f4xx_ll_sdmmc.o(i.SDMMC_GetCmdResp2)
    SDMMC_GetCmdResp2                        0x08002969   Thumb Code    74  stm32f4xx_ll_sdmmc.o(i.SDMMC_GetCmdResp2)
    i.SDMMC_GetCmdResp3                      0x080029b8   Section        0  stm32f4xx_ll_sdmmc.o(i.SDMMC_GetCmdResp3)
    SDMMC_GetCmdResp3                        0x080029b9   Thumb Code    60  stm32f4xx_ll_sdmmc.o(i.SDMMC_GetCmdResp3)
    i.SDMMC_GetCmdResp6                      0x080029f8   Section        0  stm32f4xx_ll_sdmmc.o(i.SDMMC_GetCmdResp6)
    SDMMC_GetCmdResp6                        0x080029f9   Thumb Code   128  stm32f4xx_ll_sdmmc.o(i.SDMMC_GetCmdResp6)
    i.SD_DMARxAbort                          0x08002a7c   Section        0  stm32f4xx_hal_sd.o(i.SD_DMARxAbort)
    SD_DMARxAbort                            0x08002a7d   Thumb Code    72  stm32f4xx_hal_sd.o(i.SD_DMARxAbort)
    i.SD_DMATxAbort                          0x08002ac4   Section        0  stm32f4xx_hal_sd.o(i.SD_DMATxAbort)
    SD_DMATxAbort                            0x08002ac5   Thumb Code    72  stm32f4xx_hal_sd.o(i.SD_DMATxAbort)
    i.SD_FindSCR                             0x08002b0c   Section        0  stm32f4xx_hal_sd.o(i.SD_FindSCR)
    SD_FindSCR                               0x08002b0d   Thumb Code   212  stm32f4xx_hal_sd.o(i.SD_FindSCR)
    i.SD_InitCard                            0x08002be0   Section        0  stm32f4xx_hal_sd.o(i.SD_InitCard)
    SD_InitCard                              0x08002be1   Thumb Code   230  stm32f4xx_hal_sd.o(i.SD_InitCard)
    i.SD_PowerON                             0x08002cc6   Section        0  stm32f4xx_hal_sd.o(i.SD_PowerON)
    SD_PowerON                               0x08002cc7   Thumb Code   162  stm32f4xx_hal_sd.o(i.SD_PowerON)
    i.SD_WideBus_Disable                     0x08002d68   Section        0  stm32f4xx_hal_sd.o(i.SD_WideBus_Disable)
    SD_WideBus_Disable                       0x08002d69   Thumb Code    78  stm32f4xx_hal_sd.o(i.SD_WideBus_Disable)
    i.SD_WideBus_Enable                      0x08002db6   Section        0  stm32f4xx_hal_sd.o(i.SD_WideBus_Enable)
    SD_WideBus_Enable                        0x08002db7   Thumb Code    78  stm32f4xx_hal_sd.o(i.SD_WideBus_Enable)
    i.SD_initialize                          0x08002e04   Section        0  sd_diskio.o(i.SD_initialize)
    i.SD_ioctl                               0x08002e24   Section        0  sd_diskio.o(i.SD_ioctl)
    i.SD_read                                0x08002e74   Section        0  sd_diskio.o(i.SD_read)
    i.SD_status                              0x08002eb0   Section        0  sd_diskio.o(i.SD_status)
    i.SD_write                               0x08002ed0   Section        0  sd_diskio.o(i.SD_write)
    i.SysTick_Handler                        0x08002f0c   Section        0  stm32f4xx_it.o(i.SysTick_Handler)
    i.SystemClock_Config                     0x08002f1c   Section        0  main.o(i.SystemClock_Config)
    i.SystemInit                             0x08002fc8   Section        0  system_stm32f4xx.o(i.SystemInit)
    i.UART_DMAAbortOnError                   0x0800301c   Section        0  stm32f4xx_hal_uart.o(i.UART_DMAAbortOnError)
    UART_DMAAbortOnError                     0x0800301d   Thumb Code    16  stm32f4xx_hal_uart.o(i.UART_DMAAbortOnError)
    i.UART_EndRxTransfer                     0x0800302c   Section        0  stm32f4xx_hal_uart.o(i.UART_EndRxTransfer)
    UART_EndRxTransfer                       0x0800302d   Thumb Code    28  stm32f4xx_hal_uart.o(i.UART_EndRxTransfer)
    i.UART_Receive_IT                        0x08003048   Section        0  stm32f4xx_hal_uart.o(i.UART_Receive_IT)
    UART_Receive_IT                          0x08003049   Thumb Code   140  stm32f4xx_hal_uart.o(i.UART_Receive_IT)
    i.UART_SetConfig                         0x080030d4   Section        0  stm32f4xx_hal_uart.o(i.UART_SetConfig)
    UART_SetConfig                           0x080030d5   Thumb Code   676  stm32f4xx_hal_uart.o(i.UART_SetConfig)
    i.UART_Transmit_IT                       0x08003380   Section        0  stm32f4xx_hal_uart.o(i.UART_Transmit_IT)
    UART_Transmit_IT                         0x08003381   Thumb Code    98  stm32f4xx_hal_uart.o(i.UART_Transmit_IT)
    i.UART_WaitOnFlagUntilTimeout            0x080033e2   Section        0  stm32f4xx_hal_uart.o(i.UART_WaitOnFlagUntilTimeout)
    UART_WaitOnFlagUntilTimeout              0x080033e3   Thumb Code   100  stm32f4xx_hal_uart.o(i.UART_WaitOnFlagUntilTimeout)
    i.USART3_IRQHandler                      0x08003448   Section        0  stm32f4xx_it.o(i.USART3_IRQHandler)
    i.USART6_IRQHandler                      0x08003454   Section        0  stm32f4xx_it.o(i.USART6_IRQHandler)
    i.__0printf$3                            0x08003460   Section        0  printf3.o(i.__0printf$3)
    i.__scatterload_copy                     0x08003480   Section       14  handlers.o(i.__scatterload_copy)
    i.__scatterload_null                     0x0800348e   Section        2  handlers.o(i.__scatterload_null)
    i.__scatterload_zeroinit                 0x08003490   Section       14  handlers.o(i.__scatterload_zeroinit)
    i._printf_core                           0x080034a0   Section        0  printf3.o(i._printf_core)
    _printf_core                             0x080034a1   Thumb Code   436  printf3.o(i._printf_core)
    i.check_fs                               0x08003658   Section        0  ff.o(i.check_fs)
    check_fs                                 0x08003659   Thumb Code    90  ff.o(i.check_fs)
    i.chk_chr                                0x080036b8   Section        0  ff.o(i.chk_chr)
    chk_chr                                  0x080036b9   Thumb Code    16  ff.o(i.chk_chr)
    i.chk_lock                               0x080036c8   Section        0  ff.o(i.chk_lock)
    chk_lock                                 0x080036c9   Thumb Code   102  ff.o(i.chk_lock)
    i.clear_lock                             0x08003734   Section        0  ff.o(i.clear_lock)
    clear_lock                               0x08003735   Thumb Code    32  ff.o(i.clear_lock)
    i.clmt_clust                             0x08003758   Section        0  ff.o(i.clmt_clust)
    clmt_clust                               0x08003759   Thumb Code    42  ff.o(i.clmt_clust)
    i.clust2sect                             0x08003782   Section        0  ff.o(i.clust2sect)
    i.create_chain                           0x080037a0   Section        0  ff.o(i.create_chain)
    create_chain                             0x080037a1   Thumb Code   176  ff.o(i.create_chain)
    i.create_name                            0x08003850   Section        0  ff.o(i.create_name)
    create_name                              0x08003851   Thumb Code   558  ff.o(i.create_name)
    i.dec_lock                               0x08003a94   Section        0  ff.o(i.dec_lock)
    dec_lock                                 0x08003a95   Thumb Code    54  ff.o(i.dec_lock)
    i.dir_find                               0x08003ad0   Section        0  ff.o(i.dir_find)
    dir_find                                 0x08003ad1   Thumb Code   320  ff.o(i.dir_find)
    i.dir_next                               0x08003c14   Section        0  ff.o(i.dir_next)
    dir_next                                 0x08003c15   Thumb Code   286  ff.o(i.dir_next)
    i.dir_register                           0x08003d34   Section        0  ff.o(i.dir_register)
    dir_register                             0x08003d35   Thumb Code   460  ff.o(i.dir_register)
    i.dir_sdi                                0x08003f04   Section        0  ff.o(i.dir_sdi)
    dir_sdi                                  0x08003f05   Thumb Code   152  ff.o(i.dir_sdi)
    i.disk_initialize                        0x08003f9c   Section        0  diskio.o(i.disk_initialize)
    i.disk_ioctl                             0x08003fc4   Section        0  diskio.o(i.disk_ioctl)
    i.disk_read                              0x08003fe0   Section        0  diskio.o(i.disk_read)
    i.disk_status                            0x08003ffc   Section        0  diskio.o(i.disk_status)
    i.disk_write                             0x08004014   Section        0  diskio.o(i.disk_write)
    i.f_close                                0x08004030   Section        0  ff.o(i.f_close)
    i.f_mount                                0x0800405c   Section        0  ff.o(i.f_mount)
    i.f_open                                 0x080040b8   Section        0  ff.o(i.f_open)
    i.f_read                                 0x08004264   Section        0  ff.o(i.f_read)
    i.f_sync                                 0x080043f0   Section        0  ff.o(i.f_sync)
    i.f_write                                0x080044a8   Section        0  ff.o(i.f_write)
    i.ff_convert                             0x08004680   Section        0  cc936.o(i.ff_convert)
    i.ff_wtoupper                            0x080046cc   Section        0  cc936.o(i.ff_wtoupper)
    i.find_volume                            0x080046f0   Section        0  ff.o(i.find_volume)
    find_volume                              0x080046f1   Thumb Code   588  ff.o(i.find_volume)
    i.follow_path                            0x08004948   Section        0  ff.o(i.follow_path)
    follow_path                              0x08004949   Thumb Code   114  ff.o(i.follow_path)
    i.fputc                                  0x080049bc   Section        0  usart.o(i.fputc)
    i.gen_numname                            0x080049d4   Section        0  ff.o(i.gen_numname)
    gen_numname                              0x080049d5   Thumb Code   136  ff.o(i.gen_numname)
    i.get_fat                                0x08004a60   Section        0  ff.o(i.get_fat)
    i.get_fattime                            0x08004b22   Section        0  fatfs.o(i.get_fattime)
    i.get_ldnumber                           0x08004b26   Section        0  ff.o(i.get_ldnumber)
    get_ldnumber                             0x08004b27   Thumb Code    60  ff.o(i.get_ldnumber)
    i.inc_lock                               0x08004b64   Section        0  ff.o(i.inc_lock)
    inc_lock                                 0x08004b65   Thumb Code   154  ff.o(i.inc_lock)
    i.ld_clust                               0x08004c04   Section        0  ff.o(i.ld_clust)
    ld_clust                                 0x08004c05   Thumb Code    20  ff.o(i.ld_clust)
    i.main                                   0x08004c18   Section        0  main.o(i.main)
    i.mem_cpy                                0x08004eb0   Section        0  ff.o(i.mem_cpy)
    mem_cpy                                  0x08004eb1   Thumb Code    18  ff.o(i.mem_cpy)
    i.mem_set                                0x08004ec2   Section        0  ff.o(i.mem_set)
    mem_set                                  0x08004ec3   Thumb Code    14  ff.o(i.mem_set)
    i.move_window                            0x08004ed0   Section        0  ff.o(i.move_window)
    move_window                              0x08004ed1   Thumb Code    54  ff.o(i.move_window)
    i.put_fat                                0x08004f06   Section        0  ff.o(i.put_fat)
    i.remove_chain                           0x08004ffe   Section        0  ff.o(i.remove_chain)
    remove_chain                             0x08004fff   Thumb Code   110  ff.o(i.remove_chain)
    i.st_clust                               0x0800506c   Section        0  ff.o(i.st_clust)
    st_clust                                 0x0800506d   Thumb Code    16  ff.o(i.st_clust)
    i.sum_sfn                                0x0800507c   Section        0  ff.o(i.sum_sfn)
    sum_sfn                                  0x0800507d   Thumb Code    26  ff.o(i.sum_sfn)
    i.sync_fs                                0x08005096   Section        0  ff.o(i.sync_fs)
    sync_fs                                  0x08005097   Thumb Code   182  ff.o(i.sync_fs)
    i.sync_window                            0x0800514c   Section        0  ff.o(i.sync_window)
    sync_window                              0x0800514d   Thumb Code    96  ff.o(i.sync_window)
    i.validate                               0x080051ac   Section        0  ff.o(i.validate)
    validate                                 0x080051ad   Thumb Code    44  ff.o(i.validate)
    .constdata                               0x080051d8   Section        8  stm32f4xx_hal_dma.o(.constdata)
    flagBitshiftOffset                       0x080051d8   Data           8  stm32f4xx_hal_dma.o(.constdata)
    .constdata                               0x080051e0   Section       16  system_stm32f4xx.o(.constdata)
    .constdata                               0x080051f0   Section        8  system_stm32f4xx.o(.constdata)
    .constdata                               0x080051f8   Section    175304  cc936.o(.constdata)
    uni2oem                                  0x080051f8   Data       87172  cc936.o(.constdata)
    oem2uni                                  0x0801a67c   Data       87172  cc936.o(.constdata)
    tbl_lower                                0x0802fb00   Data         480  cc936.o(.constdata)
    tbl_upper                                0x0802fce0   Data         480  cc936.o(.constdata)
    .constdata                               0x0802fec0   Section       20  sd_diskio.o(.constdata)
    .constdata                               0x0802fed4   Section       58  ff.o(.constdata)
    LfnOfs                                   0x0802fed4   Data          13  ff.o(.constdata)
    vst                                      0x0802fee2   Data          22  ff.o(.constdata)
    cst                                      0x0802fef8   Data          22  ff.o(.constdata)
    .data                                    0x20000000   Section       55  main.o(.data)
    .data                                    0x20000037   Section        5  fatfs.o(.data)
    .data                                    0x2000003c   Section        4  stm32f4xx_hal.o(.data)
    .data                                    0x20000040   Section        4  system_stm32f4xx.o(.data)
    .data                                    0x20000044   Section        1  sd_diskio.o(.data)
    Stat                                     0x20000044   Data           1  sd_diskio.o(.data)
    .data                                    0x20000048   Section        8  ff.o(.data)
    Fsid                                     0x20000048   Data           2  ff.o(.data)
    FatFs                                    0x2000004c   Data           4  ff.o(.data)
    .data                                    0x20000050   Section        4  stdout.o(.data)
    .bss                                     0x20000054   Section      128  usart.o(.bss)
    .bss                                     0x200000d4   Section     1216  main.o(.bss)
    .bss                                     0x20000594   Section      324  sdio.o(.bss)
    .bss                                     0x200006d8   Section       24  ff.o(.bss)
    Files                                    0x200006d8   Data          24  ff.o(.bss)
    .bss                                     0x200006f0   Section       12  ff_gen_drv.o(.bss)
    STACK                                    0x20000700   Section     4096  startup_stm32f469xx.o(STACK)

    Global Symbols

    Symbol Name                              Value     Ov Type        Size  Object(Section)

    BuildAttributes$$THM_ISAv4$E$P$D$K$B$S$7EM$VFPi3$EXTD16$VFPS$VFMA$PE$A:L22UL41UL21$X:L11$S22US41US21$IEEE1$IW$USESV6$~STKCKD$USESV7$~SHL$OSPACE$ROPI$EBA8$MICROLIB$REQ8$PRES8$EABIv2 0x00000000   Number         0  anon$$obj.o ABSOLUTE
    __ARM_use_no_argv                        0x00000000   Number         0  main.o ABSOLUTE
    _printf_a                                0x00000000   Number         0  stubs.o ABSOLUTE
    _printf_c                                0x00000000   Number         0  stubs.o ABSOLUTE
    _printf_charcount                        0x00000000   Number         0  stubs.o ABSOLUTE
    _printf_d                                0x00000000   Number         0  stubs.o ABSOLUTE
    _printf_e                                0x00000000   Number         0  stubs.o ABSOLUTE
    _printf_f                                0x00000000   Number         0  stubs.o ABSOLUTE
    _printf_flags                            0x00000000   Number         0  stubs.o ABSOLUTE
    _printf_fp_dec                           0x00000000   Number         0  stubs.o ABSOLUTE
    _printf_fp_hex                           0x00000000   Number         0  stubs.o ABSOLUTE
    _printf_g                                0x00000000   Number         0  stubs.o ABSOLUTE
    _printf_i                                0x00000000   Number         0  stubs.o ABSOLUTE
    _printf_int_dec                          0x00000000   Number         0  stubs.o ABSOLUTE
    _printf_l                                0x00000000   Number         0  stubs.o ABSOLUTE
    _printf_lc                               0x00000000   Number         0  stubs.o ABSOLUTE
    _printf_ll                               0x00000000   Number         0  stubs.o ABSOLUTE
    _printf_lld                              0x00000000   Number         0  stubs.o ABSOLUTE
    _printf_lli                              0x00000000   Number         0  stubs.o ABSOLUTE
    _printf_llo                              0x00000000   Number         0  stubs.o ABSOLUTE
    _printf_llu                              0x00000000   Number         0  stubs.o ABSOLUTE
    _printf_llx                              0x00000000   Number         0  stubs.o ABSOLUTE
    _printf_longlong_dec                     0x00000000   Number         0  stubs.o ABSOLUTE
    _printf_longlong_hex                     0x00000000   Number         0  stubs.o ABSOLUTE
    _printf_longlong_oct                     0x00000000   Number         0  stubs.o ABSOLUTE
    _printf_ls                               0x00000000   Number         0  stubs.o ABSOLUTE
    _printf_mbtowc                           0x00000000   Number         0  stubs.o ABSOLUTE
    _printf_n                                0x00000000   Number         0  stubs.o ABSOLUTE
    _printf_o                                0x00000000   Number         0  stubs.o ABSOLUTE
    _printf_p                                0x00000000   Number         0  stubs.o ABSOLUTE
    _printf_percent                          0x00000000   Number         0  stubs.o ABSOLUTE
    _printf_pre_padding                      0x00000000   Number         0  stubs.o ABSOLUTE
    _printf_return_value                     0x00000000   Number         0  stubs.o ABSOLUTE
    _printf_s                                0x00000000   Number         0  stubs.o ABSOLUTE
    _printf_sizespec                         0x00000000   Number         0  stubs.o ABSOLUTE
    _printf_str                              0x00000000   Number         0  stubs.o ABSOLUTE
    _printf_truncate_signed                  0x00000000   Number         0  stubs.o ABSOLUTE
    _printf_truncate_unsigned                0x00000000   Number         0  stubs.o ABSOLUTE
    _printf_u                                0x00000000   Number         0  stubs.o ABSOLUTE
    _printf_wc                               0x00000000   Number         0  stubs.o ABSOLUTE
    _printf_wctomb                           0x00000000   Number         0  stubs.o ABSOLUTE
    _printf_widthprec                        0x00000000   Number         0  stubs.o ABSOLUTE
    _printf_x                                0x00000000   Number         0  stubs.o ABSOLUTE
    __cpp_initialize__aeabi_                  - Undefined Weak Reference
    __cxa_finalize                            - Undefined Weak Reference
    __decompress                              - Undefined Weak Reference
    _clock_init                               - Undefined Weak Reference
    _microlib_exit                            - Undefined Weak Reference
    __Vectors_Size                           0x000001b4   Number         0  startup_stm32f469xx.o ABSOLUTE
    __Vectors                                0x08000000   Data           4  startup_stm32f469xx.o(RESET)
    __Vectors_End                            0x080001b4   Data           0  startup_stm32f469xx.o(RESET)
    __main                                   0x080001b5   Thumb Code     0  entry.o(.ARM.Collect$$$$00000000)
    _main_stk                                0x080001b5   Thumb Code     0  entry2.o(.ARM.Collect$$$$00000001)
    _main_scatterload                        0x080001b9   Thumb Code     0  entry5.o(.ARM.Collect$$$$00000004)
    __main_after_scatterload                 0x080001bd   Thumb Code     0  entry5.o(.ARM.Collect$$$$00000004)
    _main_clock                              0x080001bd   Thumb Code     0  entry7b.o(.ARM.Collect$$$$00000008)
    _main_cpp_init                           0x080001bd   Thumb Code     0  entry8b.o(.ARM.Collect$$$$0000000A)
    _main_init                               0x080001bd   Thumb Code     0  entry9a.o(.ARM.Collect$$$$0000000B)
    __rt_final_cpp                           0x080001c5   Thumb Code     0  entry10a.o(.ARM.Collect$$$$0000000D)
    __rt_final_exit                          0x080001c5   Thumb Code     0  entry11a.o(.ARM.Collect$$$$0000000F)
    Reset_Handler                            0x080001c9   Thumb Code     8  startup_stm32f469xx.o(.text)
    NMI_Handler                              0x080001d1   Thumb Code     2  startup_stm32f469xx.o(.text)
    HardFault_Handler                        0x080001d3   Thumb Code     2  startup_stm32f469xx.o(.text)
    MemManage_Handler                        0x080001d5   Thumb Code     2  startup_stm32f469xx.o(.text)
    BusFault_Handler                         0x080001d7   Thumb Code     2  startup_stm32f469xx.o(.text)
    UsageFault_Handler                       0x080001d9   Thumb Code     2  startup_stm32f469xx.o(.text)
    SVC_Handler                              0x080001db   Thumb Code     2  startup_stm32f469xx.o(.text)
    DebugMon_Handler                         0x080001dd   Thumb Code     2  startup_stm32f469xx.o(.text)
    PendSV_Handler                           0x080001df   Thumb Code     2  startup_stm32f469xx.o(.text)
    ADC_IRQHandler                           0x080001e3   Thumb Code     0  startup_stm32f469xx.o(.text)
    CAN1_RX0_IRQHandler                      0x080001e3   Thumb Code     0  startup_stm32f469xx.o(.text)
    CAN1_RX1_IRQHandler                      0x080001e3   Thumb Code     0  startup_stm32f469xx.o(.text)
    CAN1_SCE_IRQHandler                      0x080001e3   Thumb Code     0  startup_stm32f469xx.o(.text)
    CAN1_TX_IRQHandler                       0x080001e3   Thumb Code     0  startup_stm32f469xx.o(.text)
    CAN2_RX0_IRQHandler                      0x080001e3   Thumb Code     0  startup_stm32f469xx.o(.text)
    CAN2_RX1_IRQHandler                      0x080001e3   Thumb Code     0  startup_stm32f469xx.o(.text)
    CAN2_SCE_IRQHandler                      0x080001e3   Thumb Code     0  startup_stm32f469xx.o(.text)
    CAN2_TX_IRQHandler                       0x080001e3   Thumb Code     0  startup_stm32f469xx.o(.text)
    DCMI_IRQHandler                          0x080001e3   Thumb Code     0  startup_stm32f469xx.o(.text)
    DMA1_Stream0_IRQHandler                  0x080001e3   Thumb Code     0  startup_stm32f469xx.o(.text)
    DMA1_Stream1_IRQHandler                  0x080001e3   Thumb Code     0  startup_stm32f469xx.o(.text)
    DMA1_Stream2_IRQHandler                  0x080001e3   Thumb Code     0  startup_stm32f469xx.o(.text)
    DMA1_Stream3_IRQHandler                  0x080001e3   Thumb Code     0  startup_stm32f469xx.o(.text)
    DMA1_Stream4_IRQHandler                  0x080001e3   Thumb Code     0  startup_stm32f469xx.o(.text)
    DMA1_Stream5_IRQHandler                  0x080001e3   Thumb Code     0  startup_stm32f469xx.o(.text)
    DMA1_Stream6_IRQHandler                  0x080001e3   Thumb Code     0  startup_stm32f469xx.o(.text)
    DMA1_Stream7_IRQHandler                  0x080001e3   Thumb Code     0  startup_stm32f469xx.o(.text)
    DMA2D_IRQHandler                         0x080001e3   Thumb Code     0  startup_stm32f469xx.o(.text)
    DMA2_Stream0_IRQHandler                  0x080001e3   Thumb Code     0  startup_stm32f469xx.o(.text)
    DMA2_Stream1_IRQHandler                  0x080001e3   Thumb Code     0  startup_stm32f469xx.o(.text)
    DMA2_Stream2_IRQHandler                  0x080001e3   Thumb Code     0  startup_stm32f469xx.o(.text)
    DMA2_Stream4_IRQHandler                  0x080001e3   Thumb Code     0  startup_stm32f469xx.o(.text)
    DMA2_Stream5_IRQHandler                  0x080001e3   Thumb Code     0  startup_stm32f469xx.o(.text)
    DMA2_Stream7_IRQHandler                  0x080001e3   Thumb Code     0  startup_stm32f469xx.o(.text)
    DSI_IRQHandler                           0x080001e3   Thumb Code     0  startup_stm32f469xx.o(.text)
    ETH_IRQHandler                           0x080001e3   Thumb Code     0  startup_stm32f469xx.o(.text)
    ETH_WKUP_IRQHandler                      0x080001e3   Thumb Code     0  startup_stm32f469xx.o(.text)
    EXTI0_IRQHandler                         0x080001e3   Thumb Code     0  startup_stm32f469xx.o(.text)
    EXTI15_10_IRQHandler                     0x080001e3   Thumb Code     0  startup_stm32f469xx.o(.text)
    EXTI1_IRQHandler                         0x080001e3   Thumb Code     0  startup_stm32f469xx.o(.text)
    EXTI2_IRQHandler                         0x080001e3   Thumb Code     0  startup_stm32f469xx.o(.text)
    EXTI3_IRQHandler                         0x080001e3   Thumb Code     0  startup_stm32f469xx.o(.text)
    EXTI4_IRQHandler                         0x080001e3   Thumb Code     0  startup_stm32f469xx.o(.text)
    EXTI9_5_IRQHandler                       0x080001e3   Thumb Code     0  startup_stm32f469xx.o(.text)
    FLASH_IRQHandler                         0x080001e3   Thumb Code     0  startup_stm32f469xx.o(.text)
    FMC_IRQHandler                           0x080001e3   Thumb Code     0  startup_stm32f469xx.o(.text)
    FPU_IRQHandler                           0x080001e3   Thumb Code     0  startup_stm32f469xx.o(.text)
    HASH_RNG_IRQHandler                      0x080001e3   Thumb Code     0  startup_stm32f469xx.o(.text)
    I2C1_ER_IRQHandler                       0x080001e3   Thumb Code     0  startup_stm32f469xx.o(.text)
    I2C1_EV_IRQHandler                       0x080001e3   Thumb Code     0  startup_stm32f469xx.o(.text)
    I2C2_ER_IRQHandler                       0x080001e3   Thumb Code     0  startup_stm32f469xx.o(.text)
    I2C2_EV_IRQHandler                       0x080001e3   Thumb Code     0  startup_stm32f469xx.o(.text)
    I2C3_ER_IRQHandler                       0x080001e3   Thumb Code     0  startup_stm32f469xx.o(.text)
    I2C3_EV_IRQHandler                       0x080001e3   Thumb Code     0  startup_stm32f469xx.o(.text)
    LTDC_ER_IRQHandler                       0x080001e3   Thumb Code     0  startup_stm32f469xx.o(.text)
    LTDC_IRQHandler                          0x080001e3   Thumb Code     0  startup_stm32f469xx.o(.text)
    OTG_FS_IRQHandler                        0x080001e3   Thumb Code     0  startup_stm32f469xx.o(.text)
    OTG_FS_WKUP_IRQHandler                   0x080001e3   Thumb Code     0  startup_stm32f469xx.o(.text)
    OTG_HS_EP1_IN_IRQHandler                 0x080001e3   Thumb Code     0  startup_stm32f469xx.o(.text)
    OTG_HS_EP1_OUT_IRQHandler                0x080001e3   Thumb Code     0  startup_stm32f469xx.o(.text)
    OTG_HS_IRQHandler                        0x080001e3   Thumb Code     0  startup_stm32f469xx.o(.text)
    OTG_HS_WKUP_IRQHandler                   0x080001e3   Thumb Code     0  startup_stm32f469xx.o(.text)
    PVD_IRQHandler                           0x080001e3   Thumb Code     0  startup_stm32f469xx.o(.text)
    QUADSPI_IRQHandler                       0x080001e3   Thumb Code     0  startup_stm32f469xx.o(.text)
    RCC_IRQHandler                           0x080001e3   Thumb Code     0  startup_stm32f469xx.o(.text)
    RTC_Alarm_IRQHandler                     0x080001e3   Thumb Code     0  startup_stm32f469xx.o(.text)
    RTC_WKUP_IRQHandler                      0x080001e3   Thumb Code     0  startup_stm32f469xx.o(.text)
    SAI1_IRQHandler                          0x080001e3   Thumb Code     0  startup_stm32f469xx.o(.text)
    SPI1_IRQHandler                          0x080001e3   Thumb Code     0  startup_stm32f469xx.o(.text)
    SPI2_IRQHandler                          0x080001e3   Thumb Code     0  startup_stm32f469xx.o(.text)
    SPI3_IRQHandler                          0x080001e3   Thumb Code     0  startup_stm32f469xx.o(.text)
    SPI4_IRQHandler                          0x080001e3   Thumb Code     0  startup_stm32f469xx.o(.text)
    SPI5_IRQHandler                          0x080001e3   Thumb Code     0  startup_stm32f469xx.o(.text)
    SPI6_IRQHandler                          0x080001e3   Thumb Code     0  startup_stm32f469xx.o(.text)
    TAMP_STAMP_IRQHandler                    0x080001e3   Thumb Code     0  startup_stm32f469xx.o(.text)
    TIM1_BRK_TIM9_IRQHandler                 0x080001e3   Thumb Code     0  startup_stm32f469xx.o(.text)
    TIM1_CC_IRQHandler                       0x080001e3   Thumb Code     0  startup_stm32f469xx.o(.text)
    TIM1_TRG_COM_TIM11_IRQHandler            0x080001e3   Thumb Code     0  startup_stm32f469xx.o(.text)
    TIM1_UP_TIM10_IRQHandler                 0x080001e3   Thumb Code     0  startup_stm32f469xx.o(.text)
    TIM2_IRQHandler                          0x080001e3   Thumb Code     0  startup_stm32f469xx.o(.text)
    TIM3_IRQHandler                          0x080001e3   Thumb Code     0  startup_stm32f469xx.o(.text)
    TIM4_IRQHandler                          0x080001e3   Thumb Code     0  startup_stm32f469xx.o(.text)
    TIM5_IRQHandler                          0x080001e3   Thumb Code     0  startup_stm32f469xx.o(.text)
    TIM6_DAC_IRQHandler                      0x080001e3   Thumb Code     0  startup_stm32f469xx.o(.text)
    TIM7_IRQHandler                          0x080001e3   Thumb Code     0  startup_stm32f469xx.o(.text)
    TIM8_BRK_TIM12_IRQHandler                0x080001e3   Thumb Code     0  startup_stm32f469xx.o(.text)
    TIM8_CC_IRQHandler                       0x080001e3   Thumb Code     0  startup_stm32f469xx.o(.text)
    TIM8_TRG_COM_TIM14_IRQHandler            0x080001e3   Thumb Code     0  startup_stm32f469xx.o(.text)
    TIM8_UP_TIM13_IRQHandler                 0x080001e3   Thumb Code     0  startup_stm32f469xx.o(.text)
    UART4_IRQHandler                         0x080001e3   Thumb Code     0  startup_stm32f469xx.o(.text)
    UART5_IRQHandler                         0x080001e3   Thumb Code     0  startup_stm32f469xx.o(.text)
    UART7_IRQHandler                         0x080001e3   Thumb Code     0  startup_stm32f469xx.o(.text)
    UART8_IRQHandler                         0x080001e3   Thumb Code     0  startup_stm32f469xx.o(.text)
    USART1_IRQHandler                        0x080001e3   Thumb Code     0  startup_stm32f469xx.o(.text)
    USART2_IRQHandler                        0x080001e3   Thumb Code     0  startup_stm32f469xx.o(.text)
    WWDG_IRQHandler                          0x080001e3   Thumb Code     0  startup_stm32f469xx.o(.text)
    __aeabi_uidiv                            0x080001ed   Thumb Code     0  uidiv.o(.text)
    __aeabi_uidivmod                         0x080001ed   Thumb Code    44  uidiv.o(.text)
    __scatterload                            0x08000219   Thumb Code    28  init.o(.text)
    __scatterload_rt2                        0x08000219   Thumb Code     0  init.o(.text)
    BSP_SD_GetCardInfo                       0x0800023d   Thumb Code     8  bsp_driver_sd.o(i.BSP_SD_GetCardInfo)
    BSP_SD_GetCardState                      0x08000249   Thumb Code    20  bsp_driver_sd.o(i.BSP_SD_GetCardState)
    BSP_SD_Init                              0x08000261   Thumb Code    48  bsp_driver_sd.o(i.BSP_SD_Init)
    BSP_SD_ReadBlocks                        0x08000295   Thumb Code    26  bsp_driver_sd.o(i.BSP_SD_ReadBlocks)
    BSP_SD_WriteBlocks                       0x080002b5   Thumb Code    26  bsp_driver_sd.o(i.BSP_SD_WriteBlocks)
    DMA2_Stream3_IRQHandler                  0x080002d5   Thumb Code     6  stm32f4xx_it.o(i.DMA2_Stream3_IRQHandler)
    DMA2_Stream6_IRQHandler                  0x080002e1   Thumb Code     6  stm32f4xx_it.o(i.DMA2_Stream6_IRQHandler)
    Error_Handler                            0x08000369   Thumb Code     8  main.o(i.Error_Handler)
    FATFS_LinkDriver                         0x08000389   Thumb Code     6  ff_gen_drv.o(i.FATFS_LinkDriver)
    FATFS_LinkDriverEx                       0x08000391   Thumb Code    60  ff_gen_drv.o(i.FATFS_LinkDriverEx)
    HAL_DMA_Abort_IT                         0x080003d1   Thumb Code    36  stm32f4xx_hal_dma.o(i.HAL_DMA_Abort_IT)
    HAL_DMA_IRQHandler                       0x080003f5   Thumb Code   414  stm32f4xx_hal_dma.o(i.HAL_DMA_IRQHandler)
    HAL_DMA_Init                             0x0800059d   Thumb Code   206  stm32f4xx_hal_dma.o(i.HAL_DMA_Init)
    HAL_Delay                                0x08000671   Thumb Code    28  stm32f4xx_hal.o(i.HAL_Delay)
    HAL_GPIO_Init                            0x0800068d   Thumb Code   408  stm32f4xx_hal_gpio.o(i.HAL_GPIO_Init)
    HAL_GPIO_WritePin                        0x08000859   Thumb Code    10  stm32f4xx_hal_gpio.o(i.HAL_GPIO_WritePin)
    HAL_GetTick                              0x08000865   Thumb Code     6  stm32f4xx_hal.o(i.HAL_GetTick)
    HAL_IncTick                              0x08000871   Thumb Code    10  stm32f4xx_hal.o(i.HAL_IncTick)
    HAL_Init                                 0x08000881   Thumb Code    48  stm32f4xx_hal.o(i.HAL_Init)
    HAL_InitTick                             0x080008b5   Thumb Code    34  stm32f4xx_hal.o(i.HAL_InitTick)
    HAL_MspInit                              0x080008dd   Thumb Code    88  stm32f4xx_hal_msp.o(i.HAL_MspInit)
    HAL_NVIC_EnableIRQ                       0x08000935   Thumb Code    22  stm32f4xx_hal_cortex.o(i.HAL_NVIC_EnableIRQ)
    HAL_NVIC_SetPriority                     0x0800094d   Thumb Code    60  stm32f4xx_hal_cortex.o(i.HAL_NVIC_SetPriority)
    HAL_NVIC_SetPriorityGrouping             0x0800098d   Thumb Code    26  stm32f4xx_hal_cortex.o(i.HAL_NVIC_SetPriorityGrouping)
    HAL_RCCEx_PeriphCLKConfig                0x080009b1   Thumb Code   952  stm32f4xx_hal_rcc_ex.o(i.HAL_RCCEx_PeriphCLKConfig)
    HAL_RCC_ClockConfig                      0x08000d8d   Thumb Code   364  stm32f4xx_hal_rcc.o(i.HAL_RCC_ClockConfig)
    HAL_RCC_GetHCLKFreq                      0x08000f09   Thumb Code     6  stm32f4xx_hal_rcc.o(i.HAL_RCC_GetHCLKFreq)
    HAL_RCC_GetPCLK1Freq                     0x08000f15   Thumb Code    34  stm32f4xx_hal_rcc.o(i.HAL_RCC_GetPCLK1Freq)
    HAL_RCC_GetPCLK2Freq                     0x08000f45   Thumb Code    34  stm32f4xx_hal_rcc.o(i.HAL_RCC_GetPCLK2Freq)
    HAL_RCC_GetSysClockFreq                  0x08000f75   Thumb Code   104  stm32f4xx_hal_rcc.o(i.HAL_RCC_GetSysClockFreq)
    HAL_RCC_OscConfig                        0x08000fe9   Thumb Code   790  stm32f4xx_hal_rcc_ex.o(i.HAL_RCC_OscConfig)
    HAL_SD_AbortCallback                     0x08001311   Thumb Code     2  stm32f4xx_hal_sd.o(i.HAL_SD_AbortCallback)
    HAL_SD_ConfigWideBusOperation            0x08001313   Thumb Code   120  stm32f4xx_hal_sd.o(i.HAL_SD_ConfigWideBusOperation)
    HAL_SD_ErrorCallback                     0x0800138b   Thumb Code     2  stm32f4xx_hal_sd.o(i.HAL_SD_ErrorCallback)
    HAL_SD_GetCardCSD                        0x0800138d   Thumb Code   474  stm32f4xx_hal_sd.o(i.HAL_SD_GetCardCSD)
    HAL_SD_GetCardInfo                       0x08001567   Thumb Code    36  stm32f4xx_hal_sd.o(i.HAL_SD_GetCardInfo)
    HAL_SD_GetCardState                      0x0800158b   Thumb Code    44  stm32f4xx_hal_sd.o(i.HAL_SD_GetCardState)
    HAL_SD_IRQHandler                        0x080015b9   Thumb Code   420  stm32f4xx_hal_sd.o(i.HAL_SD_IRQHandler)
    HAL_SD_Init                              0x08001765   Thumb Code    54  stm32f4xx_hal_sd.o(i.HAL_SD_Init)
    HAL_SD_InitCard                          0x0800179d   Thumb Code    80  stm32f4xx_hal_sd.o(i.HAL_SD_InitCard)
    HAL_SD_MspInit                           0x080017f1   Thumb Code   248  sdio.o(i.HAL_SD_MspInit)
    HAL_SD_ReadBlocks                        0x08001901   Thumb Code   430  stm32f4xx_hal_sd.o(i.HAL_SD_ReadBlocks)
    HAL_SD_RxCpltCallback                    0x08001aaf   Thumb Code     2  stm32f4xx_hal_sd.o(i.HAL_SD_RxCpltCallback)
    HAL_SD_TxCpltCallback                    0x08001ab1   Thumb Code     2  stm32f4xx_hal_sd.o(i.HAL_SD_TxCpltCallback)
    HAL_SD_WriteBlocks                       0x08001ab5   Thumb Code   406  stm32f4xx_hal_sd.o(i.HAL_SD_WriteBlocks)
    HAL_SYSTICK_CLKSourceConfig              0x08001c4b   Thumb Code    24  stm32f4xx_hal_cortex.o(i.HAL_SYSTICK_CLKSourceConfig)
    HAL_SYSTICK_Callback                     0x08001c63   Thumb Code     2  stm32f4xx_hal_cortex.o(i.HAL_SYSTICK_Callback)
    HAL_SYSTICK_Config                       0x08001c65   Thumb Code    40  stm32f4xx_hal_cortex.o(i.HAL_SYSTICK_Config)
    HAL_SYSTICK_IRQHandler                   0x08001c8d   Thumb Code     8  stm32f4xx_hal_cortex.o(i.HAL_SYSTICK_IRQHandler)
    HAL_UART_ErrorCallback                   0x08001c95   Thumb Code     2  stm32f4xx_hal_uart.o(i.HAL_UART_ErrorCallback)
    HAL_UART_IRQHandler                      0x08001c99   Thumb Code   266  stm32f4xx_hal_uart.o(i.HAL_UART_IRQHandler)
    HAL_UART_Init                            0x08001da9   Thumb Code    98  stm32f4xx_hal_uart.o(i.HAL_UART_Init)
    HAL_UART_MspInit                         0x08001e0d   Thumb Code   142  usart.o(i.HAL_UART_MspInit)
    HAL_UART_RxCpltCallback                  0x08001eb1   Thumb Code     2  stm32f4xx_hal_uart.o(i.HAL_UART_RxCpltCallback)
    HAL_UART_Transmit                        0x08001eb3   Thumb Code   186  stm32f4xx_hal_uart.o(i.HAL_UART_Transmit)
    HAL_UART_TxCpltCallback                  0x08001f6d   Thumb Code     2  stm32f4xx_hal_uart.o(i.HAL_UART_TxCpltCallback)
    MX_DMA_Init                              0x08001f71   Thumb Code    56  dma.o(i.MX_DMA_Init)
    MX_FATFS_Init                            0x08001fad   Thumb Code    18  fatfs.o(i.MX_FATFS_Init)
    MX_GPIO_Init                             0x08001fc9   Thumb Code   866  gpio.o(i.MX_GPIO_Init)
    MX_SDIO_SD_Init                          0x08002361   Thumb Code    22  sdio.o(i.MX_SDIO_SD_Init)
    MX_USART3_UART_Init                      0x08002381   Thumb Code    48  usart.o(i.MX_USART3_UART_Init)
    MX_USART6_UART_Init                      0x080023b9   Thumb Code    48  usart.o(i.MX_USART6_UART_Init)
    SDIO_ConfigData                          0x08002411   Thumb Code    36  stm32f4xx_ll_sdmmc.o(i.SDIO_ConfigData)
    SDIO_GetPowerState                       0x08002435   Thumb Code     8  stm32f4xx_ll_sdmmc.o(i.SDIO_GetPowerState)
    SDIO_GetResponse                         0x0800243d   Thumb Code    12  stm32f4xx_ll_sdmmc.o(i.SDIO_GetResponse)
    SDIO_IRQHandler                          0x08002449   Thumb Code     6  stm32f4xx_it.o(i.SDIO_IRQHandler)
    SDIO_Init                                0x08002455   Thumb Code    36  stm32f4xx_ll_sdmmc.o(i.SDIO_Init)
    SDIO_PowerState_ON                       0x08002479   Thumb Code     8  stm32f4xx_ll_sdmmc.o(i.SDIO_PowerState_ON)
    SDIO_ReadFIFO                            0x08002481   Thumb Code     6  stm32f4xx_ll_sdmmc.o(i.SDIO_ReadFIFO)
    SDIO_SendCommand                         0x08002487   Thumb Code    32  stm32f4xx_ll_sdmmc.o(i.SDIO_SendCommand)
    SDIO_WriteFIFO                           0x080024a7   Thumb Code    10  stm32f4xx_ll_sdmmc.o(i.SDIO_WriteFIFO)
    SDMMC_CmdAppCommand                      0x080024b1   Thumb Code    50  stm32f4xx_ll_sdmmc.o(i.SDMMC_CmdAppCommand)
    SDMMC_CmdAppOperCommand                  0x080024e5   Thumb Code    48  stm32f4xx_ll_sdmmc.o(i.SDMMC_CmdAppOperCommand)
    SDMMC_CmdBlockLength                     0x08002519   Thumb Code    50  stm32f4xx_ll_sdmmc.o(i.SDMMC_CmdBlockLength)
    SDMMC_CmdBusWidth                        0x0800254b   Thumb Code    50  stm32f4xx_ll_sdmmc.o(i.SDMMC_CmdBusWidth)
    SDMMC_CmdGoIdleState                     0x0800257d   Thumb Code    76  stm32f4xx_ll_sdmmc.o(i.SDMMC_CmdGoIdleState)
    SDMMC_CmdOperCond                        0x080025cd   Thumb Code    98  stm32f4xx_ll_sdmmc.o(i.SDMMC_CmdOperCond)
    SDMMC_CmdReadMultiBlock                  0x08002635   Thumb Code    50  stm32f4xx_ll_sdmmc.o(i.SDMMC_CmdReadMultiBlock)
    SDMMC_CmdReadSingleBlock                 0x08002667   Thumb Code    50  stm32f4xx_ll_sdmmc.o(i.SDMMC_CmdReadSingleBlock)
    SDMMC_CmdSelDesel                        0x08002699   Thumb Code    50  stm32f4xx_ll_sdmmc.o(i.SDMMC_CmdSelDesel)
    SDMMC_CmdSendCID                         0x080026cb   Thumb Code    44  stm32f4xx_ll_sdmmc.o(i.SDMMC_CmdSendCID)
    SDMMC_CmdSendCSD                         0x080026f7   Thumb Code    44  stm32f4xx_ll_sdmmc.o(i.SDMMC_CmdSendCSD)
    SDMMC_CmdSendSCR                         0x08002723   Thumb Code    48  stm32f4xx_ll_sdmmc.o(i.SDMMC_CmdSendSCR)
    SDMMC_CmdSendStatus                      0x08002753   Thumb Code    50  stm32f4xx_ll_sdmmc.o(i.SDMMC_CmdSendStatus)
    SDMMC_CmdSetRelAdd                       0x08002785   Thumb Code    48  stm32f4xx_ll_sdmmc.o(i.SDMMC_CmdSetRelAdd)
    SDMMC_CmdStopTransfer                    0x080027b5   Thumb Code    46  stm32f4xx_ll_sdmmc.o(i.SDMMC_CmdStopTransfer)
    SDMMC_CmdWriteMultiBlock                 0x080027e9   Thumb Code    50  stm32f4xx_ll_sdmmc.o(i.SDMMC_CmdWriteMultiBlock)
    SDMMC_CmdWriteSingleBlock                0x0800281b   Thumb Code    50  stm32f4xx_ll_sdmmc.o(i.SDMMC_CmdWriteSingleBlock)
    SD_initialize                            0x08002e05   Thumb Code    26  sd_diskio.o(i.SD_initialize)
    SD_ioctl                                 0x08002e25   Thumb Code    74  sd_diskio.o(i.SD_ioctl)
    SD_read                                  0x08002e75   Thumb Code    52  sd_diskio.o(i.SD_read)
    SD_status                                0x08002eb1   Thumb Code    26  sd_diskio.o(i.SD_status)
    SD_write                                 0x08002ed1   Thumb Code    52  sd_diskio.o(i.SD_write)
    SysTick_Handler                          0x08002f0d   Thumb Code    14  stm32f4xx_it.o(i.SysTick_Handler)
    SystemClock_Config                       0x08002f1d   Thumb Code   164  main.o(i.SystemClock_Config)
    SystemInit                               0x08002fc9   Thumb Code    66  system_stm32f4xx.o(i.SystemInit)
    USART3_IRQHandler                        0x08003449   Thumb Code     6  stm32f4xx_it.o(i.USART3_IRQHandler)
    USART6_IRQHandler                        0x08003455   Thumb Code     6  stm32f4xx_it.o(i.USART6_IRQHandler)
    __0printf$3                              0x08003461   Thumb Code    22  printf3.o(i.__0printf$3)
    __1printf$3                              0x08003461   Thumb Code     0  printf3.o(i.__0printf$3)
    __2printf                                0x08003461   Thumb Code     0  printf3.o(i.__0printf$3)
    __scatterload_copy                       0x08003481   Thumb Code    14  handlers.o(i.__scatterload_copy)
    __scatterload_null                       0x0800348f   Thumb Code     2  handlers.o(i.__scatterload_null)
    __scatterload_zeroinit                   0x08003491   Thumb Code    14  handlers.o(i.__scatterload_zeroinit)
    clust2sect                               0x08003783   Thumb Code    30  ff.o(i.clust2sect)
    disk_initialize                          0x08003f9d   Thumb Code    36  diskio.o(i.disk_initialize)
    disk_ioctl                               0x08003fc5   Thumb Code    24  diskio.o(i.disk_ioctl)
    disk_read                                0x08003fe1   Thumb Code    24  diskio.o(i.disk_read)
    disk_status                              0x08003ffd   Thumb Code    18  diskio.o(i.disk_status)
    disk_write                               0x08004015   Thumb Code    24  diskio.o(i.disk_write)
    f_close                                  0x08004031   Thumb Code    42  ff.o(i.f_close)
    f_mount                                  0x0800405d   Thumb Code    88  ff.o(i.f_mount)
    f_open                                   0x080040b9   Thumb Code   422  ff.o(i.f_open)
    f_read                                   0x08004265   Thumb Code   396  ff.o(i.f_read)
    f_sync                                   0x080043f1   Thumb Code   184  ff.o(i.f_sync)
    f_write                                  0x080044a9   Thumb Code   470  ff.o(i.f_write)
    ff_convert                               0x08004681   Thumb Code    68  cc936.o(i.ff_convert)
    ff_wtoupper                              0x080046cd   Thumb Code    28  cc936.o(i.ff_wtoupper)
    fputc                                    0x080049bd   Thumb Code    20  usart.o(i.fputc)
    get_fat                                  0x08004a61   Thumb Code   194  ff.o(i.get_fat)
    get_fattime                              0x08004b23   Thumb Code     4  fatfs.o(i.get_fattime)
    main                                     0x08004c19   Thumb Code   282  main.o(i.main)
    put_fat                                  0x08004f07   Thumb Code   248  ff.o(i.put_fat)
    AHBPrescTable                            0x080051e0   Data          16  system_stm32f4xx.o(.constdata)
    APBPrescTable                            0x080051f0   Data           8  system_stm32f4xx.o(.constdata)
    SD_Driver                                0x0802fec0   Data          20  sd_diskio.o(.constdata)
    Region$$Table$$Base                      0x0802ff10   Number         0  anon$$obj.o(Region$$Table)
    Region$$Table$$Limit                     0x0802ff30   Number         0  anon$$obj.o(Region$$Table)
    byteswritten                             0x20000000   Data           4  main.o(.data)
    bytesread                                0x20000004   Data           4  main.o(.data)
    wtext                                    0x20000008   Data          33  main.o(.data)
    filename                                 0x20000029   Data          14  main.o(.data)
    retSD                                    0x20000037   Data           1  fatfs.o(.data)
    SD_Path                                  0x20000038   Data           4  fatfs.o(.data)
    uwTick                                   0x2000003c   Data           4  stm32f4xx_hal.o(.data)
    SystemCoreClock                          0x20000040   Data           4  system_stm32f4xx.o(.data)
    __stdout                                 0x20000050   Data           4  stdout.o(.data)
    huart3                                   0x20000054   Data          64  usart.o(.bss)
    huart6                                   0x20000094   Data          64  usart.o(.bss)
    fs                                       0x200000d4   Data         560  main.o(.bss)
    fil                                      0x20000304   Data         556  main.o(.bss)
    rtext                                    0x20000530   Data         100  main.o(.bss)
    hsd                                      0x20000594   Data         132  sdio.o(.bss)
    hdma_sdio_rx                             0x20000618   Data          96  sdio.o(.bss)
    hdma_sdio_tx                             0x20000678   Data          96  sdio.o(.bss)
    disk                                     0x200006f0   Data          12  ff_gen_drv.o(.bss)
    __initial_sp                             0x20001700   Data           0  startup_stm32f469xx.o(STACK)



==============================================================================

Memory Map of the image

  Image Entry point : 0x080001b5

  Load Region LR_IROM1 (Base: 0x08000000, Size: 0x0002ff84, Max: 0x00200000, ABSOLUTE)

    Execution Region ER_IROM1 (Base: 0x08000000, Size: 0x0002ff30, Max: 0x00200000, ABSOLUTE)

    Base Addr    Size         Type   Attr      Idx    E Section Name        Object

    0x08000000   0x000001b4   Data   RO            3    RESET               startup_stm32f469xx.o
    0x080001b4   0x00000000   Code   RO         3136  * .ARM.Collect$$$$00000000  mc_w.l(entry.o)
    0x080001b4   0x00000004   Code   RO         3400    .ARM.Collect$$$$00000001  mc_w.l(entry2.o)
    0x080001b8   0x00000004   Code   RO         3403    .ARM.Collect$$$$00000004  mc_w.l(entry5.o)
    0x080001bc   0x00000000   Code   RO         3405    .ARM.Collect$$$$00000008  mc_w.l(entry7b.o)
    0x080001bc   0x00000000   Code   RO         3407    .ARM.Collect$$$$0000000A  mc_w.l(entry8b.o)
    0x080001bc   0x00000008   Code   RO         3408    .ARM.Collect$$$$0000000B  mc_w.l(entry9a.o)
    0x080001c4   0x00000000   Code   RO         3410    .ARM.Collect$$$$0000000D  mc_w.l(entry10a.o)
    0x080001c4   0x00000000   Code   RO         3412    .ARM.Collect$$$$0000000F  mc_w.l(entry11a.o)
    0x080001c4   0x00000004   Code   RO         3401    .ARM.Collect$$$$00002712  mc_w.l(entry2.o)
    0x080001c8   0x00000024   Code   RO            4    .text               startup_stm32f469xx.o
    0x080001ec   0x0000002c   Code   RO         3415    .text               mc_w.l(uidiv.o)
    0x08000218   0x00000024   Code   RO         3430    .text               mc_w.l(init.o)
    0x0800023c   0x0000000c   Code   RO          454    i.BSP_SD_GetCardInfo  bsp_driver_sd.o
    0x08000248   0x00000018   Code   RO          455    i.BSP_SD_GetCardState  bsp_driver_sd.o
    0x08000260   0x00000034   Code   RO          458    i.BSP_SD_Init       bsp_driver_sd.o
    0x08000294   0x00000020   Code   RO          460    i.BSP_SD_ReadBlocks  bsp_driver_sd.o
    0x080002b4   0x00000020   Code   RO          462    i.BSP_SD_WriteBlocks  bsp_driver_sd.o
    0x080002d4   0x0000000c   Code   RO           13    i.DMA2_Stream3_IRQHandler  stm32f4xx_it.o
    0x080002e0   0x0000000c   Code   RO           14    i.DMA2_Stream6_IRQHandler  stm32f4xx_it.o
    0x080002ec   0x00000028   Code   RO         1359    i.DMA_CalcBaseAndBitshift  stm32f4xx_hal_dma.o
    0x08000314   0x00000054   Code   RO         1360    i.DMA_CheckFifoParam  stm32f4xx_hal_dma.o
    0x08000368   0x00000020   Code   RO          222    i.Error_Handler     main.o
    0x08000388   0x00000006   Code   RO         3089    i.FATFS_LinkDriver  ff_gen_drv.o
    0x0800038e   0x00000002   PAD
    0x08000390   0x00000040   Code   RO         3090    i.FATFS_LinkDriverEx  ff_gen_drv.o
    0x080003d0   0x00000024   Code   RO         1363    i.HAL_DMA_Abort_IT  stm32f4xx_hal_dma.o
    0x080003f4   0x000001a8   Code   RO         1367    i.HAL_DMA_IRQHandler  stm32f4xx_hal_dma.o
    0x0800059c   0x000000d4   Code   RO         1368    i.HAL_DMA_Init      stm32f4xx_hal_dma.o
    0x08000670   0x0000001c   Code   RO          895    i.HAL_Delay         stm32f4xx_hal.o
    0x0800068c   0x000001cc   Code   RO         1056    i.HAL_GPIO_Init     stm32f4xx_hal_gpio.o
    0x08000858   0x0000000a   Code   RO         1060    i.HAL_GPIO_WritePin  stm32f4xx_hal_gpio.o
    0x08000862   0x00000002   PAD
    0x08000864   0x0000000c   Code   RO          903    i.HAL_GetTick       stm32f4xx_hal.o
    0x08000870   0x00000010   Code   RO          905    i.HAL_IncTick       stm32f4xx_hal.o
    0x08000880   0x00000034   Code   RO          906    i.HAL_Init          stm32f4xx_hal.o
    0x080008b4   0x00000028   Code   RO          907    i.HAL_InitTick      stm32f4xx_hal.o
    0x080008dc   0x00000058   Code   RO          323    i.HAL_MspInit       stm32f4xx_hal_msp.o
    0x08000934   0x00000016   Code   RO          562    i.HAL_NVIC_EnableIRQ  stm32f4xx_hal_cortex.o
    0x0800094a   0x00000002   PAD
    0x0800094c   0x00000040   Code   RO          568    i.HAL_NVIC_SetPriority  stm32f4xx_hal_cortex.o
    0x0800098c   0x00000024   Code   RO          569    i.HAL_NVIC_SetPriorityGrouping  stm32f4xx_hal_cortex.o
    0x080009b0   0x000003dc   Code   RO          830    i.HAL_RCCEx_PeriphCLKConfig  stm32f4xx_hal_rcc_ex.o
    0x08000d8c   0x0000017c   Code   RO         1120    i.HAL_RCC_ClockConfig  stm32f4xx_hal_rcc.o
    0x08000f08   0x0000000c   Code   RO         1125    i.HAL_RCC_GetHCLKFreq  stm32f4xx_hal_rcc.o
    0x08000f14   0x00000030   Code   RO         1127    i.HAL_RCC_GetPCLK1Freq  stm32f4xx_hal_rcc.o
    0x08000f44   0x00000030   Code   RO         1128    i.HAL_RCC_GetPCLK2Freq  stm32f4xx_hal_rcc.o
    0x08000f74   0x00000074   Code   RO         1129    i.HAL_RCC_GetSysClockFreq  stm32f4xx_hal_rcc.o
    0x08000fe8   0x00000328   Code   RO          834    i.HAL_RCC_OscConfig  stm32f4xx_hal_rcc_ex.o
    0x08001310   0x00000002   Code   RO         2035    i.HAL_SD_AbortCallback  stm32f4xx_hal_sd.o
    0x08001312   0x00000078   Code   RO         2037    i.HAL_SD_ConfigWideBusOperation  stm32f4xx_hal_sd.o
    0x0800138a   0x00000002   Code   RO         2040    i.HAL_SD_ErrorCallback  stm32f4xx_hal_sd.o
    0x0800138c   0x000001da   Code   RO         2042    i.HAL_SD_GetCardCSD  stm32f4xx_hal_sd.o
    0x08001566   0x00000024   Code   RO         2043    i.HAL_SD_GetCardInfo  stm32f4xx_hal_sd.o
    0x0800158a   0x0000002c   Code   RO         2044    i.HAL_SD_GetCardState  stm32f4xx_hal_sd.o
    0x080015b6   0x00000002   PAD
    0x080015b8   0x000001ac   Code   RO         2048    i.HAL_SD_IRQHandler  stm32f4xx_hal_sd.o
    0x08001764   0x00000036   Code   RO         2049    i.HAL_SD_Init       stm32f4xx_hal_sd.o
    0x0800179a   0x00000002   PAD
    0x0800179c   0x00000054   Code   RO         2050    i.HAL_SD_InitCard   stm32f4xx_hal_sd.o
    0x080017f0   0x00000110   Code   RO          372    i.HAL_SD_MspInit    sdio.o
    0x08001900   0x000001ae   Code   RO         2053    i.HAL_SD_ReadBlocks  stm32f4xx_hal_sd.o
    0x08001aae   0x00000002   Code   RO         2056    i.HAL_SD_RxCpltCallback  stm32f4xx_hal_sd.o
    0x08001ab0   0x00000002   Code   RO         2057    i.HAL_SD_TxCpltCallback  stm32f4xx_hal_sd.o
    0x08001ab2   0x00000002   PAD
    0x08001ab4   0x00000196   Code   RO         2058    i.HAL_SD_WriteBlocks  stm32f4xx_hal_sd.o
    0x08001c4a   0x00000018   Code   RO          571    i.HAL_SYSTICK_CLKSourceConfig  stm32f4xx_hal_cortex.o
    0x08001c62   0x00000002   Code   RO          572    i.HAL_SYSTICK_Callback  stm32f4xx_hal_cortex.o
    0x08001c64   0x00000028   Code   RO          573    i.HAL_SYSTICK_Config  stm32f4xx_hal_cortex.o
    0x08001c8c   0x00000008   Code   RO          574    i.HAL_SYSTICK_IRQHandler  stm32f4xx_hal_cortex.o
    0x08001c94   0x00000002   Code   RO         1545    i.HAL_UART_ErrorCallback  stm32f4xx_hal_uart.o
    0x08001c96   0x00000002   PAD
    0x08001c98   0x00000110   Code   RO         1548    i.HAL_UART_IRQHandler  stm32f4xx_hal_uart.o
    0x08001da8   0x00000062   Code   RO         1549    i.HAL_UART_Init     stm32f4xx_hal_uart.o
    0x08001e0a   0x00000002   PAD
    0x08001e0c   0x000000a4   Code   RO          166    i.HAL_UART_MspInit  usart.o
    0x08001eb0   0x00000002   Code   RO         1555    i.HAL_UART_RxCpltCallback  stm32f4xx_hal_uart.o
    0x08001eb2   0x000000ba   Code   RO         1557    i.HAL_UART_Transmit  stm32f4xx_hal_uart.o
    0x08001f6c   0x00000002   Code   RO         1560    i.HAL_UART_TxCpltCallback  stm32f4xx_hal_uart.o
    0x08001f6e   0x00000002   PAD
    0x08001f70   0x0000003c   Code   RO          347    i.MX_DMA_Init       dma.o
    0x08001fac   0x0000001c   Code   RO          413    i.MX_FATFS_Init     fatfs.o
    0x08001fc8   0x00000398   Code   RO          299    i.MX_GPIO_Init      gpio.o
    0x08002360   0x00000020   Code   RO          373    i.MX_SDIO_SD_Init   sdio.o
    0x08002380   0x00000038   Code   RO          167    i.MX_USART3_UART_Init  usart.o
    0x080023b8   0x00000038   Code   RO          168    i.MX_USART6_UART_Init  usart.o
    0x080023f0   0x00000020   Code   RO          575    i.NVIC_SetPriority  stm32f4xx_hal_cortex.o
    0x08002410   0x00000024   Code   RO         2269    i.SDIO_ConfigData   stm32f4xx_ll_sdmmc.o
    0x08002434   0x00000008   Code   RO         2273    i.SDIO_GetPowerState  stm32f4xx_ll_sdmmc.o
    0x0800243c   0x0000000c   Code   RO         2274    i.SDIO_GetResponse  stm32f4xx_ll_sdmmc.o
    0x08002448   0x0000000c   Code   RO           15    i.SDIO_IRQHandler   stm32f4xx_it.o
    0x08002454   0x00000024   Code   RO         2275    i.SDIO_Init         stm32f4xx_ll_sdmmc.o
    0x08002478   0x00000008   Code   RO         2277    i.SDIO_PowerState_ON  stm32f4xx_ll_sdmmc.o
    0x08002480   0x00000006   Code   RO         2278    i.SDIO_ReadFIFO     stm32f4xx_ll_sdmmc.o
    0x08002486   0x00000020   Code   RO         2279    i.SDIO_SendCommand  stm32f4xx_ll_sdmmc.o
    0x080024a6   0x0000000a   Code   RO         2281    i.SDIO_WriteFIFO    stm32f4xx_ll_sdmmc.o
    0x080024b0   0x00000032   Code   RO         2282    i.SDMMC_CmdAppCommand  stm32f4xx_ll_sdmmc.o
    0x080024e2   0x00000002   PAD
    0x080024e4   0x00000034   Code   RO         2283    i.SDMMC_CmdAppOperCommand  stm32f4xx_ll_sdmmc.o
    0x08002518   0x00000032   Code   RO         2284    i.SDMMC_CmdBlockLength  stm32f4xx_ll_sdmmc.o
    0x0800254a   0x00000032   Code   RO         2285    i.SDMMC_CmdBusWidth  stm32f4xx_ll_sdmmc.o
    0x0800257c   0x00000050   Code   RO         2289    i.SDMMC_CmdGoIdleState  stm32f4xx_ll_sdmmc.o
    0x080025cc   0x00000068   Code   RO         2291    i.SDMMC_CmdOperCond  stm32f4xx_ll_sdmmc.o
    0x08002634   0x00000032   Code   RO         2292    i.SDMMC_CmdReadMultiBlock  stm32f4xx_ll_sdmmc.o
    0x08002666   0x00000032   Code   RO         2293    i.SDMMC_CmdReadSingleBlock  stm32f4xx_ll_sdmmc.o
    0x08002698   0x00000032   Code   RO         2296    i.SDMMC_CmdSelDesel  stm32f4xx_ll_sdmmc.o
    0x080026ca   0x0000002c   Code   RO         2297    i.SDMMC_CmdSendCID  stm32f4xx_ll_sdmmc.o
    0x080026f6   0x0000002c   Code   RO         2298    i.SDMMC_CmdSendCSD  stm32f4xx_ll_sdmmc.o
    0x08002722   0x00000030   Code   RO         2299    i.SDMMC_CmdSendSCR  stm32f4xx_ll_sdmmc.o
    0x08002752   0x00000032   Code   RO         2300    i.SDMMC_CmdSendStatus  stm32f4xx_ll_sdmmc.o
    0x08002784   0x00000030   Code   RO         2301    i.SDMMC_CmdSetRelAdd  stm32f4xx_ll_sdmmc.o
    0x080027b4   0x00000034   Code   RO         2303    i.SDMMC_CmdStopTransfer  stm32f4xx_ll_sdmmc.o
    0x080027e8   0x00000032   Code   RO         2305    i.SDMMC_CmdWriteMultiBlock  stm32f4xx_ll_sdmmc.o
    0x0800281a   0x00000032   Code   RO         2306    i.SDMMC_CmdWriteSingleBlock  stm32f4xx_ll_sdmmc.o
    0x0800284c   0x0000011c   Code   RO         2307    i.SDMMC_GetCmdResp1  stm32f4xx_ll_sdmmc.o
    0x08002968   0x00000050   Code   RO         2308    i.SDMMC_GetCmdResp2  stm32f4xx_ll_sdmmc.o
    0x080029b8   0x00000040   Code   RO         2309    i.SDMMC_GetCmdResp3  stm32f4xx_ll_sdmmc.o
    0x080029f8   0x00000084   Code   RO         2310    i.SDMMC_GetCmdResp6  stm32f4xx_ll_sdmmc.o
    0x08002a7c   0x00000048   Code   RO         2063    i.SD_DMARxAbort     stm32f4xx_hal_sd.o
    0x08002ac4   0x00000048   Code   RO         2065    i.SD_DMATxAbort     stm32f4xx_hal_sd.o
    0x08002b0c   0x000000d4   Code   RO         2066    i.SD_FindSCR        stm32f4xx_hal_sd.o
    0x08002be0   0x000000e6   Code   RO         2067    i.SD_InitCard       stm32f4xx_hal_sd.o
    0x08002cc6   0x000000a2   Code   RO         2068    i.SD_PowerON        stm32f4xx_hal_sd.o
    0x08002d68   0x0000004e   Code   RO         2070    i.SD_WideBus_Disable  stm32f4xx_hal_sd.o
    0x08002db6   0x0000004e   Code   RO         2071    i.SD_WideBus_Enable  stm32f4xx_hal_sd.o
    0x08002e04   0x00000020   Code   RO         2609    i.SD_initialize     sd_diskio.o
    0x08002e24   0x00000050   Code   RO         2610    i.SD_ioctl          sd_diskio.o
    0x08002e74   0x0000003c   Code   RO         2611    i.SD_read           sd_diskio.o
    0x08002eb0   0x00000020   Code   RO         2612    i.SD_status         sd_diskio.o
    0x08002ed0   0x0000003c   Code   RO         2613    i.SD_write          sd_diskio.o
    0x08002f0c   0x0000000e   Code   RO           16    i.SysTick_Handler   stm32f4xx_it.o
    0x08002f1a   0x00000002   PAD
    0x08002f1c   0x000000ac   Code   RO          223    i.SystemClock_Config  main.o
    0x08002fc8   0x00000054   Code   RO         2534    i.SystemInit        system_stm32f4xx.o
    0x0800301c   0x00000010   Code   RO         1562    i.UART_DMAAbortOnError  stm32f4xx_hal_uart.o
    0x0800302c   0x0000001c   Code   RO         1572    i.UART_EndRxTransfer  stm32f4xx_hal_uart.o
    0x08003048   0x0000008c   Code   RO         1574    i.UART_Receive_IT   stm32f4xx_hal_uart.o
    0x080030d4   0x000002ac   Code   RO         1575    i.UART_SetConfig    stm32f4xx_hal_uart.o
    0x08003380   0x00000062   Code   RO         1576    i.UART_Transmit_IT  stm32f4xx_hal_uart.o
    0x080033e2   0x00000064   Code   RO         1577    i.UART_WaitOnFlagUntilTimeout  stm32f4xx_hal_uart.o
    0x08003446   0x00000002   PAD
    0x08003448   0x0000000c   Code   RO           17    i.USART3_IRQHandler  stm32f4xx_it.o
    0x08003454   0x0000000c   Code   RO           18    i.USART6_IRQHandler  stm32f4xx_it.o
    0x08003460   0x00000020   Code   RO         3228    i.__0printf$3       mc_w.l(printf3.o)
    0x08003480   0x0000000e   Code   RO         3442    i.__scatterload_copy  mc_w.l(handlers.o)
    0x0800348e   0x00000002   Code   RO         3443    i.__scatterload_null  mc_w.l(handlers.o)
    0x08003490   0x0000000e   Code   RO         3444    i.__scatterload_zeroinit  mc_w.l(handlers.o)
    0x0800349e   0x00000002   PAD
    0x080034a0   0x000001b8   Code   RO         3235    i._printf_core      mc_w.l(printf3.o)
    0x08003658   0x00000060   Code   RO         2748    i.check_fs          ff.o
    0x080036b8   0x00000010   Code   RO         2749    i.chk_chr           ff.o
    0x080036c8   0x0000006c   Code   RO         2750    i.chk_lock          ff.o
    0x08003734   0x00000024   Code   RO         2751    i.clear_lock        ff.o
    0x08003758   0x0000002a   Code   RO         2752    i.clmt_clust        ff.o
    0x08003782   0x0000001e   Code   RO         2753    i.clust2sect        ff.o
    0x080037a0   0x000000b0   Code   RO         2754    i.create_chain      ff.o
    0x08003850   0x00000244   Code   RO         2755    i.create_name       ff.o
    0x08003a94   0x0000003c   Code   RO         2756    i.dec_lock          ff.o
    0x08003ad0   0x00000144   Code   RO         2757    i.dir_find          ff.o
    0x08003c14   0x0000011e   Code   RO         2758    i.dir_next          ff.o
    0x08003d32   0x00000002   PAD
    0x08003d34   0x000001d0   Code   RO         2760    i.dir_register      ff.o
    0x08003f04   0x00000098   Code   RO         2762    i.dir_sdi           ff.o
    0x08003f9c   0x00000028   Code   RO         2693    i.disk_initialize   diskio.o
    0x08003fc4   0x0000001c   Code   RO         2694    i.disk_ioctl        diskio.o
    0x08003fe0   0x0000001c   Code   RO         2695    i.disk_read         diskio.o
    0x08003ffc   0x00000018   Code   RO         2696    i.disk_status       diskio.o
    0x08004014   0x0000001c   Code   RO         2697    i.disk_write        diskio.o
    0x08004030   0x0000002a   Code   RO         2764    i.f_close           ff.o
    0x0800405a   0x00000002   PAD
    0x0800405c   0x0000005c   Code   RO         2771    i.f_mount           ff.o
    0x080040b8   0x000001ac   Code   RO         2772    i.f_open            ff.o
    0x08004264   0x0000018c   Code   RO         2777    i.f_read            ff.o
    0x080043f0   0x000000b8   Code   RO         2781    i.f_sync            ff.o
    0x080044a8   0x000001d6   Code   RO         2785    i.f_write           ff.o
    0x0800467e   0x00000002   PAD
    0x08004680   0x0000004c   Code   RO         2571    i.ff_convert        cc936.o
    0x080046cc   0x00000024   Code   RO         2572    i.ff_wtoupper       cc936.o
    0x080046f0   0x00000258   Code   RO         2786    i.find_volume       ff.o
    0x08004948   0x00000072   Code   RO         2787    i.follow_path       ff.o
    0x080049ba   0x00000002   PAD
    0x080049bc   0x00000018   Code   RO          169    i.fputc             usart.o
    0x080049d4   0x0000008c   Code   RO         2788    i.gen_numname       ff.o
    0x08004a60   0x000000c2   Code   RO         2789    i.get_fat           ff.o
    0x08004b22   0x00000004   Code   RO          414    i.get_fattime       fatfs.o
    0x08004b26   0x0000003c   Code   RO         2791    i.get_ldnumber      ff.o
    0x08004b62   0x00000002   PAD
    0x08004b64   0x000000a0   Code   RO         2792    i.inc_lock          ff.o
    0x08004c04   0x00000014   Code   RO         2793    i.ld_clust          ff.o
    0x08004c18   0x00000298   Code   RO          224    i.main              main.o
    0x08004eb0   0x00000012   Code   RO         2794    i.mem_cpy           ff.o
    0x08004ec2   0x0000000e   Code   RO         2795    i.mem_set           ff.o
    0x08004ed0   0x00000036   Code   RO         2796    i.move_window       ff.o
    0x08004f06   0x000000f8   Code   RO         2797    i.put_fat           ff.o
    0x08004ffe   0x0000006e   Code   RO         2799    i.remove_chain      ff.o
    0x0800506c   0x00000010   Code   RO         2800    i.st_clust          ff.o
    0x0800507c   0x0000001a   Code   RO         2801    i.sum_sfn           ff.o
    0x08005096   0x000000b6   Code   RO         2802    i.sync_fs           ff.o
    0x0800514c   0x00000060   Code   RO         2803    i.sync_window       ff.o
    0x080051ac   0x0000002c   Code   RO         2804    i.validate          ff.o
    0x080051d8   0x00000008   Data   RO         1374    .constdata          stm32f4xx_hal_dma.o
    0x080051e0   0x00000010   Data   RO         2535    .constdata          system_stm32f4xx.o
    0x080051f0   0x00000008   Data   RO         2536    .constdata          system_stm32f4xx.o
    0x080051f8   0x0002acc8   Data   RO         2573    .constdata          cc936.o
    0x0802fec0   0x00000014   Data   RO         2614    .constdata          sd_diskio.o
    0x0802fed4   0x0000003a   Data   RO         2806    .constdata          ff.o
    0x0802ff0e   0x00000002   PAD
    0x0802ff10   0x00000020   Data   RO         3440    Region$$Table       anon$$obj.o


    Execution Region RW_IRAM1 (Base: 0x20000000, Size: 0x00001700, Max: 0x00050000, ABSOLUTE)

    Base Addr    Size         Type   Attr      Idx    E Section Name        Object

    0x20000000   0x00000037   Data   RW          226    .data               main.o
    0x20000037   0x00000005   Data   RW          415    .data               fatfs.o
    0x2000003c   0x00000004   Data   RW          912    .data               stm32f4xx_hal.o
    0x20000040   0x00000004   Data   RW         2537    .data               system_stm32f4xx.o
    0x20000044   0x00000001   Data   RW         2615    .data               sd_diskio.o
    0x20000045   0x00000003   PAD
    0x20000048   0x00000008   Data   RW         2807    .data               ff.o
    0x20000050   0x00000004   Data   RW         3414    .data               mc_w.l(stdout.o)
    0x20000054   0x00000080   Zero   RW          170    .bss                usart.o
    0x200000d4   0x000004c0   Zero   RW          225    .bss                main.o
    0x20000594   0x00000144   Zero   RW          374    .bss                sdio.o
    0x200006d8   0x00000018   Zero   RW         2805    .bss                ff.o
    0x200006f0   0x0000000c   Zero   RW         3093    .bss                ff_gen_drv.o
    0x200006fc   0x00000004   PAD
    0x20000700   0x00001000   Zero   RW            1    STACK               startup_stm32f469xx.o


==============================================================================

Image component sizes


      Code (inc. data)   RO Data    RW Data    ZI Data      Debug   Object Name

       152         24          0          0          0       3466   bsp_driver_sd.o
       112         16     175304          0          0       2711   cc936.o
       148         22          0          0          0       3673   diskio.o
        60          4          0          0          0        742   dma.o
        32         10          0          5          0       1370   fatfs.o
      6078         84         58          8         24      38315   ff.o
        70          4          0          0         12       1603   ff_gen_drv.o
       920         54          0          0          0       1499   gpio.o
       868        414          0         55       1216       7417   main.o
       264         34         20          1          0       4432   sd_diskio.o
       304         34          0          0        324       1759   sdio.o
        36          8        436          0       4096        828   startup_stm32f469xx.o
       148         22          0          4          0       4355   stm32f4xx_hal.o
       228         14          0          0          0      32053   stm32f4xx_hal_cortex.o
       796         22          8          0          0       4691   stm32f4xx_hal_dma.o
       470         52          0          0          0       2416   stm32f4xx_hal_gpio.o
        88          0          0          0          0        514   stm32f4xx_hal_msp.o
       604         62          0          0          0       4248   stm32f4xx_hal_rcc.o
      1796         54          0          0          0       3080   stm32f4xx_hal_rcc_ex.o
      2988         12          0          0          0      17766   stm32f4xx_hal_sd.o
      1628         14          0          0          0       9415   stm32f4xx_hal_uart.o
        74         30          0          0          0     863820   stm32f4xx_it.o
      1630         42          0          0          0      22443   stm32f4xx_ll_sdmmc.o
        84         18         24          4          0       1131   system_stm32f4xx.o
       300         42          0          0        128       2787   usart.o

    ----------------------------------------------------------------------
     19912       1092     175884         80       5804    1036534   Object Totals
         0          0         32          0          0          0   (incl. Generated)
        34          0          2          3          4          0   (incl. Padding)

    ----------------------------------------------------------------------

      Code (inc. data)   RO Data    RW Data    ZI Data      Debug   Library Member Name

         0          0          0          0          0          0   entry.o
         0          0          0          0          0          0   entry10a.o
         0          0          0          0          0          0   entry11a.o
         8          4          0          0          0          0   entry2.o
         4          0          0          0          0          0   entry5.o
         0          0          0          0          0          0   entry7b.o
         0          0          0          0          0          0   entry8b.o
         8          4          0          0          0          0   entry9a.o
        30          0          0          0          0          0   handlers.o
        36          8          0          0          0         68   init.o
       472         14          0          0          0        184   printf3.o
         0          0          0          4          0          0   stdout.o
        44          0          0          0          0         80   uidiv.o

    ----------------------------------------------------------------------
       604         30          0          4          0        332   Library Totals
         2          0          0          0          0          0   (incl. Padding)

    ----------------------------------------------------------------------

      Code (inc. data)   RO Data    RW Data    ZI Data      Debug   Library Name

       602         30          0          4          0        332   mc_w.l

    ----------------------------------------------------------------------
       604         30          0          4          0        332   Library Totals

    ----------------------------------------------------------------------

==============================================================================


      Code (inc. data)   RO Data    RW Data    ZI Data      Debug   

     20516       1122     175884         84       5804    1021318   Grand Totals
     20516       1122     175884         84       5804    1021318   ELF Image Totals
     20516       1122     175884         84          0          0   ROM Totals

==============================================================================

    Total RO  Size (Code + RO Data)               196400 ( 191.80kB)
    Total RW  Size (RW Data + ZI Data)              5888 (   5.75kB)
    Total ROM Size (Code + RO Data + RW Data)     196484 ( 191.88kB)

==============================================================================

